MFRC522.c:24:6:PCD_WriteRegister	24	static
MFRC522.c:37:6:PCD_WriteRegisterMulti	16	static
MFRC522.c:53:9:PCD_ReadRegister	16	static
MFRC522.c:72:6:PCD_ReadRegisterMulti	40	static
MFRC522.c:120:6:PCD_SetRegisterBitMask	16	static
MFRC522.c:131:6:PCD_ClearRegisterBitMask	16	static
MFRC522.c:145:14:PCD_CalculateCRC	16	static
MFRC522.c:211:6:PCD_Reset	8	static
MFRC522.c:232:6:PCD_AntennaOn	8	static
MFRC522.c:183:6:PCD_Init	8	static
MFRC522.c:268:14:PCD_CommunicateWithPICC	64	static
MFRC522.c:250:14:PCD_TransceiveData	32	static
MFRC522.c:1005:14:PCD_MIFARE_Transceive.part.0	72	static
MFRC522.c:392:14:PICC_REQA_or_WUPA	48	static
MFRC522.c:367:14:PICC_RequestA	0	static
MFRC522.c:379:14:PICC_WakeupA	0	static
MFRC522.c:423:14:PICC_AnticollisionLoop	64	static
MFRC522.c:618:14:PICC_Select	64	static
MFRC522.c:699:14:PICC_HaltA	32	static
MFRC522.c:745:14:PCD_Authenticate	48	static
MFRC522.c:782:6:PCD_StopCrypto1	0	static
MFRC522.c:803:14:MIFARE_Read	32	static
MFRC522.c:873:14:MIFARE_Ultralight_Write	16	static
MFRC522.c:948:14:MIFARE_Transfer	16	static
MFRC522.c:974:14:MIFARE_TwoStepHelper	24	static
MFRC522.c:906:14:MIFARE_Decrement	0	static
MFRC522.c:920:14:MIFARE_Increment	0	static
MFRC522.c:934:14:MIFARE_Restore	0	static
MFRC522.c:1005:14:PCD_MIFARE_Transceive	0	static
MFRC522.c:838:14:MIFARE_Write	24	static
MFRC522.c:1050:13:GetStatusCodeName	0	static
MFRC522.c:1073:9:PICC_GetType	0	static
MFRC522.c:1105:13:PICC_GetTypeName	0	static
MFRC522.c:1127:6:MIFARE_SetAccessBits	20	static
MFRC522.c:1162:6:PICC_IsNewCardPresent	16	static
MFRC522.c:1177:6:PICC_ReadCardSerial	8	static
MFRC522.c:1192:14:PICC_WriteBlock	16	static
MFRC522.c:1247:14:PICC_WriteTrailerBlock	40	static
MFRC522.c:1304:14:PICC_ReadBlock	24	static
