../Example/User/MFRC522.c:25:6:PCD_WriteRegister	24	static
../Example/User/MFRC522.c:38:6:PCD_WriteRegisterMulti	16	static
../Example/User/MFRC522.c:54:9:PCD_ReadRegister	16	static
../Example/User/MFRC522.c:73:6:PCD_ReadRegisterMulti	40	static
../Example/User/MFRC522.c:121:6:PCD_SetRegisterBitMask	16	static
../Example/User/MFRC522.c:132:6:PCD_ClearRegisterBitMask	16	static
../Example/User/MFRC522.c:146:14:PCD_CalculateCRC	16	static
../Example/User/MFRC522.c:213:6:PCD_Reset	8	static
../Example/User/MFRC522.c:234:6:PCD_AntennaOn	8	static
../Example/User/MFRC522.c:185:6:PCD_Init	8	static
../Example/User/MFRC522.c:274:14:PCD_CommunicateWithPICC	64	static
../Example/User/MFRC522.c:256:14:PCD_TransceiveData	32	static
../Example/User/MFRC522.c:1011:14:PCD_MIFARE_Transceive.part.0	72	static
../Example/User/MFRC522.c:398:14:PICC_REQA_or_WUPA	48	static
../Example/User/MFRC522.c:373:14:PICC_RequestA	0	static
../Example/User/MFRC522.c:385:14:PICC_WakeupA	0	static
../Example/User/MFRC522.c:429:14:PICC_AnticollisionLoop	64	static
../Example/User/MFRC522.c:624:14:PICC_Select	64	static
../Example/User/MFRC522.c:705:14:PICC_HaltA	40	static
../Example/User/MFRC522.c:751:14:PCD_Authenticate	48	static
../Example/User/MFRC522.c:788:6:PCD_StopCrypto1	0	static
../Example/User/MFRC522.c:809:14:MIFARE_Read	32	static
../Example/User/MFRC522.c:879:14:MIFARE_Ultralight_Write	16	static
../Example/User/MFRC522.c:954:14:MIFARE_Transfer	16	static
../Example/User/MFRC522.c:980:14:MIFARE_TwoStepHelper	24	static
../Example/User/MFRC522.c:912:14:MIFARE_Decrement	0	static
../Example/User/MFRC522.c:926:14:MIFARE_Increment	0	static
../Example/User/MFRC522.c:940:14:MIFARE_Restore	0	static
../Example/User/MFRC522.c:1011:14:PCD_MIFARE_Transceive	0	static
../Example/User/MFRC522.c:844:14:MIFARE_Write	24	static
../Example/User/MFRC522.c:1056:13:GetStatusCodeName	0	static
../Example/User/MFRC522.c:1079:9:PICC_GetType	0	static
../Example/User/MFRC522.c:1111:13:PICC_GetTypeName	0	static
../Example/User/MFRC522.c:1133:6:MIFARE_SetAccessBits	20	static
../Example/User/MFRC522.c:1168:6:PICC_IsNewCardPresent	16	static
../Example/User/MFRC522.c:1183:6:PICC_ReadCardSerial	8	static
../Example/User/MFRC522.c:1198:14:PICC_WriteBlock	16	static
../Example/User/MFRC522.c:1253:14:PICC_WriteTrailerBlock	40	static
../Example/User/MFRC522.c:1310:14:PICC_ReadBlock	24	static
