Archive member included to satisfy reference by file (symbol)

/Applications/STM32CubeIDE.app/Contents/Eclipse/plugins/com.st.stm32cube.ide.mcu.externaltools.gnu-tools-for-stm32.10.3-2021.10.macos64_1.0.0.202111181127/tools/bin/../lib/gcc/arm-none-eabi/10.3.1/../../../../arm-none-eabi/lib/thumb/v7e-m+fp/hard/libc_nano.a(lib_a-errno.o)
                              ./Example/User/retarget.o (__errno)
/Applications/STM32CubeIDE.app/Contents/Eclipse/plugins/com.st.stm32cube.ide.mcu.externaltools.gnu-tools-for-stm32.10.3-2021.10.macos64_1.0.0.202111181127/tools/bin/../lib/gcc/arm-none-eabi/10.3.1/../../../../arm-none-eabi/lib/thumb/v7e-m+fp/hard/libc_nano.a(lib_a-exit.o)
                              /Applications/STM32CubeIDE.app/Contents/Eclipse/plugins/com.st.stm32cube.ide.mcu.externaltools.gnu-tools-for-stm32.10.3-2021.10.macos64_1.0.0.202111181127/tools/bin/../lib/gcc/arm-none-eabi/10.3.1/../../../../arm-none-eabi/lib/thumb/v7e-m+fp/hard/crt0.o (exit)
/Applications/STM32CubeIDE.app/Contents/Eclipse/plugins/com.st.stm32cube.ide.mcu.externaltools.gnu-tools-for-stm32.10.3-2021.10.macos64_1.0.0.202111181127/tools/bin/../lib/gcc/arm-none-eabi/10.3.1/../../../../arm-none-eabi/lib/thumb/v7e-m+fp/hard/libc_nano.a(lib_a-impure.o)
                              /Applications/STM32CubeIDE.app/Contents/Eclipse/plugins/com.st.stm32cube.ide.mcu.externaltools.gnu-tools-for-stm32.10.3-2021.10.macos64_1.0.0.202111181127/tools/bin/../lib/gcc/arm-none-eabi/10.3.1/../../../../arm-none-eabi/lib/thumb/v7e-m+fp/hard/libc_nano.a(lib_a-exit.o) (_global_impure_ptr)
/Applications/STM32CubeIDE.app/Contents/Eclipse/plugins/com.st.stm32cube.ide.mcu.externaltools.gnu-tools-for-stm32.10.3-2021.10.macos64_1.0.0.202111181127/tools/bin/../lib/gcc/arm-none-eabi/10.3.1/../../../../arm-none-eabi/lib/thumb/v7e-m+fp/hard/libc_nano.a(lib_a-init.o)
                              /Applications/STM32CubeIDE.app/Contents/Eclipse/plugins/com.st.stm32cube.ide.mcu.externaltools.gnu-tools-for-stm32.10.3-2021.10.macos64_1.0.0.202111181127/tools/bin/../lib/gcc/arm-none-eabi/10.3.1/../../../../arm-none-eabi/lib/thumb/v7e-m+fp/hard/crt0.o (__libc_init_array)
/Applications/STM32CubeIDE.app/Contents/Eclipse/plugins/com.st.stm32cube.ide.mcu.externaltools.gnu-tools-for-stm32.10.3-2021.10.macos64_1.0.0.202111181127/tools/bin/../lib/gcc/arm-none-eabi/10.3.1/../../../../arm-none-eabi/lib/thumb/v7e-m+fp/hard/libc_nano.a(lib_a-memcpy-stub.o)
                              ./Example/User/MFRC522.o (memcpy)
/Applications/STM32CubeIDE.app/Contents/Eclipse/plugins/com.st.stm32cube.ide.mcu.externaltools.gnu-tools-for-stm32.10.3-2021.10.macos64_1.0.0.202111181127/tools/bin/../lib/gcc/arm-none-eabi/10.3.1/../../../../arm-none-eabi/lib/thumb/v7e-m+fp/hard/libc_nano.a(lib_a-memset.o)
                              /Applications/STM32CubeIDE.app/Contents/Eclipse/plugins/com.st.stm32cube.ide.mcu.externaltools.gnu-tools-for-stm32.10.3-2021.10.macos64_1.0.0.202111181127/tools/bin/../lib/gcc/arm-none-eabi/10.3.1/../../../../arm-none-eabi/lib/thumb/v7e-m+fp/hard/crt0.o (memset)
/Applications/STM32CubeIDE.app/Contents/Eclipse/plugins/com.st.stm32cube.ide.mcu.externaltools.gnu-tools-for-stm32.10.3-2021.10.macos64_1.0.0.202111181127/tools/bin/../lib/gcc/arm-none-eabi/10.3.1/../../../../arm-none-eabi/lib/thumb/v7e-m+fp/hard/libc_nano.a(lib_a-printf.o)
                              ./Example/User/RFID-tag.o (printf)
/Applications/STM32CubeIDE.app/Contents/Eclipse/plugins/com.st.stm32cube.ide.mcu.externaltools.gnu-tools-for-stm32.10.3-2021.10.macos64_1.0.0.202111181127/tools/bin/../lib/gcc/arm-none-eabi/10.3.1/../../../../arm-none-eabi/lib/thumb/v7e-m+fp/hard/libc_nano.a(lib_a-puts.o)
                              ./Example/User/main.o (puts)
/Applications/STM32CubeIDE.app/Contents/Eclipse/plugins/com.st.stm32cube.ide.mcu.externaltools.gnu-tools-for-stm32.10.3-2021.10.macos64_1.0.0.202111181127/tools/bin/../lib/gcc/arm-none-eabi/10.3.1/../../../../arm-none-eabi/lib/thumb/v7e-m+fp/hard/libc_nano.a(lib_a-setvbuf.o)
                              ./Example/User/retarget.o (setvbuf)
/Applications/STM32CubeIDE.app/Contents/Eclipse/plugins/com.st.stm32cube.ide.mcu.externaltools.gnu-tools-for-stm32.10.3-2021.10.macos64_1.0.0.202111181127/tools/bin/../lib/gcc/arm-none-eabi/10.3.1/../../../../arm-none-eabi/lib/thumb/v7e-m+fp/hard/libc_nano.a(lib_a-strcpy.o)
                              ./Example/User/RFID-tag.o (strcpy)
/Applications/STM32CubeIDE.app/Contents/Eclipse/plugins/com.st.stm32cube.ide.mcu.externaltools.gnu-tools-for-stm32.10.3-2021.10.macos64_1.0.0.202111181127/tools/bin/../lib/gcc/arm-none-eabi/10.3.1/../../../../arm-none-eabi/lib/thumb/v7e-m+fp/hard/libc_nano.a(lib_a-strlen.o)
                              ./Example/User/RFID-tag.o (strlen)
[...]
Memory Configuration

Name             Origin             Length             Attributes
FLASH            0x0000000008000000 0x0000000000200000 xr
RAM              0x0000000020000000 0x0000000000030000 xrw
CCMRAM           0x0000000010000000 0x0000000000010000 rw
*default*        0x0000000000000000 0xffffffffffffffff

Linker script and memory map

LOAD /Applications/STM32CubeIDE.app/Contents/Eclipse/plugins/com.st.stm32cube.ide.mcu.externaltools.gnu-tools-for-stm32.10.3-2021.10.macos64_1.0.0.202111181127/tools/bin/../lib/gcc/arm-none-eabi/10.3.1/thumb/v7e-m+fp/hard/crti.o
LOAD /Applications/STM32CubeIDE.app/Contents/Eclipse/plugins/com.st.stm32cube.ide.mcu.externaltools.gnu-tools-for-stm32.10.3-2021.10.macos64_1.0.0.202111181127/tools/bin/../lib/gcc/arm-none-eabi/10.3.1/thumb/v7e-m+fp/hard/crtbegin.o
LOAD /Applications/STM32CubeIDE.app/Contents/Eclipse/plugins/com.st.stm32cube.ide.mcu.externaltools.gnu-tools-for-stm32.10.3-2021.10.macos64_1.0.0.202111181127/tools/bin/../lib/gcc/arm-none-eabi/10.3.1/../../../../arm-none-eabi/lib/thumb/v7e-m+fp/hard/crt0.o
LOAD ./Drivers/BSP/Components/ili9341.o
LOAD ./Drivers/BSP/Components/l3gd20.o
LOAD ./Drivers/BSP/Components/stmpe811.o
LOAD ./Drivers/BSP/STM32F429I-Discovery/stm32f429i_discovery.o
LOAD ./Drivers/BSP/STM32F429I-Discovery/stm32f429i_discovery_eeprom.o
LOAD ./Drivers/BSP/STM32F429I-Discovery/stm32f429i_discovery_gyroscope.o
LOAD ./Drivers/BSP/STM32F429I-Discovery/stm32f429i_discovery_io.o
LOAD ./Drivers/BSP/STM32F429I-Discovery/stm32f429i_discovery_lcd.o
LOAD ./Drivers/BSP/STM32F429I-Discovery/stm32f429i_discovery_sdram.o
LOAD ./Drivers/BSP/STM32F429I-Discovery/stm32f429i_discovery_ts.o
LOAD ./Drivers/CMSIS/system_stm32f4xx.o
LOAD ./Drivers/STM32F4xx_HAL_Driver/stm32f4xx_hal.o
LOAD ./Drivers/STM32F4xx_HAL_Driver/stm32f4xx_hal_cortex.o
LOAD ./Drivers/STM32F4xx_HAL_Driver/stm32f4xx_hal_dma.o
LOAD ./Drivers/STM32F4xx_HAL_Driver/stm32f4xx_hal_dma2d.o
LOAD ./Drivers/STM32F4xx_HAL_Driver/stm32f4xx_hal_flash.o
LOAD ./Drivers/STM32F4xx_HAL_Driver/stm32f4xx_hal_flash_ex.o
LOAD ./Drivers/STM32F4xx_HAL_Driver/stm32f4xx_hal_gpio.o
LOAD ./Drivers/STM32F4xx_HAL_Driver/stm32f4xx_hal_hcd.o
LOAD ./Drivers/STM32F4xx_HAL_Driver/stm32f4xx_hal_i2c.o
LOAD ./Drivers/STM32F4xx_HAL_Driver/stm32f4xx_hal_i2c_ex.o
LOAD ./Drivers/STM32F4xx_HAL_Driver/stm32f4xx_hal_ltdc.o
LOAD ./Drivers/STM32F4xx_HAL_Driver/stm32f4xx_hal_pcd.o
LOAD ./Drivers/STM32F4xx_HAL_Driver/stm32f4xx_hal_pwr.o
LOAD ./Drivers/STM32F4xx_HAL_Driver/stm32f4xx_hal_pwr_ex.o
LOAD ./Drivers/STM32F4xx_HAL_Driver/stm32f4xx_hal_rcc.o
LOAD ./Drivers/STM32F4xx_HAL_Driver/stm32f4xx_hal_rcc_ex.o
LOAD ./Drivers/STM32F4xx_HAL_Driver/stm32f4xx_hal_sdram.o
LOAD ./Drivers/STM32F4xx_HAL_Driver/stm32f4xx_hal_spi.o
LOAD ./Drivers/STM32F4xx_HAL_Driver/stm32f4xx_hal_uart.o
LOAD ./Drivers/STM32F4xx_HAL_Driver/stm32f4xx_hal_usart.o
LOAD ./Drivers/STM32F4xx_HAL_Driver/stm32f4xx_ll_fmc.o
LOAD ./Example/SW4STM32/startup_stm32f429xx.o
LOAD ./Example/User/GPIO.o
LOAD ./Example/User/MFRC522.o
LOAD ./Example/User/RFID-tag.o
LOAD ./Example/User/SPI.o
LOAD ./Example/User/UART.o
LOAD ./Example/User/lcd.o
LOAD ./Example/User/log.o
LOAD ./Example/User/main.o
LOAD ./Example/User/mems.o
LOAD ./Example/User/retarget.o
LOAD ./Example/User/stm32f4xx_hal_msp_spi.o
LOAD ./Example/User/stm32f4xx_hal_msp_uart.o
LOAD ./Example/User/stm32f4xx_it.o
LOAD ./Example/User/touchscreen.o
LOAD ./Example/User/ts_calibration.o
LOAD ./Example/Utilities/lcd_log.o
START GROUP
LOAD /Applications/STM32CubeIDE.app/Contents/Eclipse/plugins/com.st.stm32cube.ide.mcu.externaltools.gnu-tools-for-stm32.10.3-2021.10.macos64_1.0.0.202111181127/tools/bin/../lib/gcc/arm-none-eabi/10.3.1/../../../../arm-none-eabi/lib/thumb/v7e-m+fp/hard/libc_nano.a
LOAD /Applications/STM32CubeIDE.app/Contents/Eclipse/plugins/com.st.stm32cube.ide.mcu.externaltools.gnu-tools-for-stm32.10.3-2021.10.macos64_1.0.0.202111181127/tools/bin/../lib/gcc/arm-none-eabi/10.3.1/../../../../arm-none-eabi/lib/thumb/v7e-m+fp/hard/libm.a
END GROUP
START GROUP
LOAD /Applications/STM32CubeIDE.app/Contents/Eclipse/plugins/com.st.stm32cube.ide.mcu.externaltools.gnu-tools-for-stm32.10.3-2021.10.macos64_1.0.0.202111181127/tools/bin/../lib/gcc/arm-none-eabi/10.3.1/thumb/v7e-m+fp/hard/libgcc.a
LOAD /Applications/STM32CubeIDE.app/Contents/Eclipse/plugins/com.st.stm32cube.ide.mcu.externaltools.gnu-tools-for-stm32.10.3-2021.10.macos64_1.0.0.202111181127/tools/bin/../lib/gcc/arm-none-eabi/10.3.1/../../../../arm-none-eabi/lib/thumb/v7e-m+fp/hard/libc_nano.a
END GROUP
START GROUP
LOAD /Applications/STM32CubeIDE.app/Contents/Eclipse/plugins/com.st.stm32cube.ide.mcu.externaltools.gnu-tools-for-stm32.10.3-2021.10.macos64_1.0.0.202111181127/tools/bin/../lib/gcc/arm-none-eabi/10.3.1/thumb/v7e-m+fp/hard/libgcc.a
LOAD /Applications/STM32CubeIDE.app/Contents/Eclipse/plugins/com.st.stm32cube.ide.mcu.externaltools.gnu-tools-for-stm32.10.3-2021.10.macos64_1.0.0.202111181127/tools/bin/../lib/gcc/arm-none-eabi/10.3.1/../../../../arm-none-eabi/lib/thumb/v7e-m+fp/hard/libc_nano.a
LOAD /Applications/STM32CubeIDE.app/Contents/Eclipse/plugins/com.st.stm32cube.ide.mcu.externaltools.gnu-tools-for-stm32.10.3-2021.10.macos64_1.0.0.202111181127/tools/bin/../lib/gcc/arm-none-eabi/10.3.1/../../../../arm-none-eabi/lib/thumb/v7e-m+fp/hard/libnosys.a
END GROUP
START GROUP
LOAD /Applications/STM32CubeIDE.app/Contents/Eclipse/plugins/com.st.stm32cube.ide.mcu.externaltools.gnu-tools-for-stm32.10.3-2021.10.macos64_1.0.0.202111181127/tools/bin/../lib/gcc/arm-none-eabi/10.3.1/thumb/v7e-m+fp/hard/libgcc.a
LOAD /Applications/STM32CubeIDE.app/Contents/Eclipse/plugins/com.st.stm32cube.ide.mcu.externaltools.gnu-tools-for-stm32.10.3-2021.10.macos64_1.0.0.202111181127/tools/bin/../lib/gcc/arm-none-eabi/10.3.1/../../../../arm-none-eabi/lib/thumb/v7e-m+fp/hard/libc_nano.a
LOAD /Applications/STM32CubeIDE.app/Contents/Eclipse/plugins/com.st.stm32cube.ide.mcu.externaltools.gnu-tools-for-stm32.10.3-2021.10.macos64_1.0.0.202111181127/tools/bin/../lib/gcc/arm-none-eabi/10.3.1/../../../../arm-none-eabi/lib/thumb/v7e-m+fp/hard/libnosys.a
END GROUP
LOAD /Applications/STM32CubeIDE.app/Contents/Eclipse/plugins/com.st.stm32cube.ide.mcu.externaltools.gnu-tools-for-stm32.10.3-2021.10.macos64_1.0.0.202111181127/tools/bin/../lib/gcc/arm-none-eabi/10.3.1/thumb/v7e-m+fp/hard/crtend.o
LOAD /Applications/STM32CubeIDE.app/Contents/Eclipse/plugins/com.st.stm32cube.ide.mcu.externaltools.gnu-tools-for-stm32.10.3-2021.10.macos64_1.0.0.202111181127/tools/bin/../lib/gcc/arm-none-eabi/10.3.1/thumb/v7e-m+fp/hard/crtn.o
                0x0000000020030000                _estack = 0x20030000
                0x0000000000000200                _Min_Heap_Size = 0x200
                0x0000000000000400                _Min_Stack_Size = 0x400

.isr_vector     0x0000000008000000      0x1ac
                0x0000000008000000                . = ALIGN (0x4)
 *(.isr_vector)
 .isr_vector    0x0000000008000000      0x1ac ./Example/SW4STM32/startup_stm32f429xx.o
                0x0000000008000000                g_pfnVectors
                0x00000000080001ac                . = ALIGN (0x4)

.text           0x00000000080001b0     0x882c
                0x00000000080001b0                . = ALIGN (0x4)
 *(.text)
 .text          0x00000000080001b0       0x40 /Applications/STM32CubeIDE.app/Contents/Eclipse/plugins/com.st.stm32cube.ide.mcu.externaltools.gnu-tools-for-stm32.10.3-2021.10.macos64_1.0.0.202111181127/tools/bin/../lib/gcc/arm-none-eabi/10.3.1/thumb/v7e-m+fp/hard/crtbegin.o
 .text          0x00000000080001f0       0xa0 /Applications/STM32CubeIDE.app/Contents/Eclipse/plugins/com.st.stm32cube.ide.mcu.externaltools.gnu-tools-for-stm32.10.3-2021.10.macos64_1.0.0.202111181127/tools/bin/../lib/gcc/arm-none-eabi/10.3.1/../../../../arm-none-eabi/lib/thumb/v7e-m+fp/hard/libc_nano.a(lib_a-memchr.o)
                0x00000000080001f0                memchr
 .text          0x0000000008000290       0x30 /Applications/STM32CubeIDE.app/Contents/Eclipse/plugins/com.st.stm32cube.ide.mcu.externaltools.gnu-tools-for-stm32.10.3-2021.10.macos64_1.0.0.202111181127/tools/bin/../lib/gcc/arm-none-eabi/10.3.1/thumb/v7e-m+fp/hard/libgcc.a(_aeabi_uldivmod.o)
                0x0000000008000290                __aeabi_uldivmod
 .text          0x00000000080002c0      0x2d0 /Applications/STM32CubeIDE.app/Contents/Eclipse/plugins/com.st.stm32cube.ide.mcu.externaltools.gnu-tools-for-stm32.10.3-2021.10.macos64_1.0.0.202111181127/tools/bin/../lib/gcc/arm-none-eabi/10.3.1/thumb/v7e-m+fp/hard/libgcc.a(_udivmoddi4.o)
                0x00000000080002c0                __udivmoddi4
 .text          0x0000000008000590        0x4 /Applications/STM32CubeIDE.app/Contents/Eclipse/plugins/com.st.stm32cube.ide.mcu.externaltools.gnu-tools-for-stm32.10.3-2021.10.macos64_1.0.0.202111181127/tools/bin/../lib/gcc/arm-none-eabi/10.3.1/thumb/v7e-m+fp/hard/libgcc.a(_dvmd_tls.o)
                0x0000000008000590                __aeabi_ldiv0
                0x0000000008000590                __aeabi_idiv0
 *(.text*)
 .text.ili9341_GetLcdPixelWidth
                0x0000000008000594        0x4 ./Drivers/BSP/Components/ili9341.o
                0x0000000008000594                ili9341_GetLcdPixelWidth
 .text.ili9341_GetLcdPixelHeight
                0x0000000008000598        0x6 ./Drivers/BSP/Components/ili9341.o
                0x0000000008000598                ili9341_GetLcdPixelHeight
 .text.ili9341_DisplayOn
                0x000000000800059e        0x6 ./Drivers/BSP/Components/ili9341.o
                0x000000000800059e                ili9341_DisplayOn
 .text.ili9341_DisplayOff
                0x00000000080005a4        0x6 ./Drivers/BSP/Components/ili9341.o
                0x00000000080005a4                ili9341_DisplayOff
 .text.ili9341_Init
                0x00000000080005aa      0x292 ./Drivers/BSP/Components/ili9341.o
                0x00000000080005aa                ili9341_Init
 .text.ili9341_ReadID
                0x000000000800083c       0x12 ./Drivers/BSP/Components/ili9341.o
                0x000000000800083c                ili9341_ReadID
 .text.L3GD20_DeInit
                0x000000000800084e        0x2 ./Drivers/BSP/Components/l3gd20.o
                0x000000000800084e                L3GD20_DeInit
 .text.L3GD20_Init
                0x0000000008000850       0x34 ./Drivers/BSP/Components/l3gd20.o
                0x0000000008000850                L3GD20_Init
 .text.L3GD20_LowPower
                0x0000000008000884       0x18 ./Drivers/BSP/Components/l3gd20.o
                0x0000000008000884                L3GD20_LowPower
 .text.L3GD20_ReadID
                0x000000000800089c       0x1c ./Drivers/BSP/Components/l3gd20.o
                0x000000000800089c                L3GD20_ReadID
 .text.L3GD20_RebootCmd
                0x00000000080008b8       0x2c ./Drivers/BSP/Components/l3gd20.o
                0x00000000080008b8                L3GD20_RebootCmd
 .text.L3GD20_INT1InterruptConfig
                0x00000000080008e4       0x5e ./Drivers/BSP/Components/l3gd20.o
                0x00000000080008e4                L3GD20_INT1InterruptConfig
 .text.L3GD20_EnableIT
                0x0000000008000942       0x40 ./Drivers/BSP/Components/l3gd20.o
                0x0000000008000942                L3GD20_EnableIT
 .text.L3GD20_DisableIT
                0x0000000008000982       0x3c ./Drivers/BSP/Components/l3gd20.o
                0x0000000008000982                L3GD20_DisableIT
 .text.L3GD20_FilterConfig
                0x00000000080009be       0x2e ./Drivers/BSP/Components/l3gd20.o
                0x00000000080009be                L3GD20_FilterConfig
 .text.L3GD20_FilterCmd
                0x00000000080009ec       0x2e ./Drivers/BSP/Components/l3gd20.o
                0x00000000080009ec                L3GD20_FilterCmd
 *fill*         0x0000000008000a1a        0x2 
 .text.L3GD20_ReadXYZAngRate
                0x0000000008000a1c       0xf0 ./Drivers/BSP/Components/l3gd20.o
                0x0000000008000a1c                L3GD20_ReadXYZAngRate
 .text.stmpe811_IO_WritePin
                0x0000000008000b0c       0x12 ./Drivers/BSP/Components/stmpe811.o
                0x0000000008000b0c                stmpe811_IO_WritePin
 .text.stmpe811_Reset
                0x0000000008000b1e       0x28 ./Drivers/BSP/Components/stmpe811.o
                0x0000000008000b1e                stmpe811_Reset
 .text.stmpe811_ReadID
                0x0000000008000b46       0x24 ./Drivers/BSP/Components/stmpe811.o
                0x0000000008000b46                stmpe811_ReadID
 .text.stmpe811_IO_ReadPin
                0x0000000008000b6a       0x12 ./Drivers/BSP/Components/stmpe811.o
                0x0000000008000b6a                stmpe811_IO_ReadPin
 .text.stmpe811_IO_ITStatus
                0x0000000008000b7c       0x12 ./Drivers/BSP/Components/stmpe811.o
                0x0000000008000b7c                stmpe811_IO_ITStatus
 .text.stmpe811_TS_DetectTouch
                0x0000000008000b8e       0x38 ./Drivers/BSP/Components/stmpe811.o
                0x0000000008000b8e                stmpe811_TS_DetectTouch
 .text.stmpe811_TS_GetXY
                0x0000000008000bc6       0x3c ./Drivers/BSP/Components/stmpe811.o
                0x0000000008000bc6                stmpe811_TS_GetXY
 *fill*         0x0000000008000c02        0x2 
 .text.stmpe811_Init
                0x0000000008000c04       0x30 ./Drivers/BSP/Components/stmpe811.o
                0x0000000008000c04                stmpe811_Init
 .text.stmpe811_EnableGlobalIT
                0x0000000008000c34       0x1e ./Drivers/BSP/Components/stmpe811.o
                0x0000000008000c34                stmpe811_EnableGlobalIT
 .text.stmpe811_DisableGlobalIT
                0x0000000008000c52       0x1c ./Drivers/BSP/Components/stmpe811.o
                0x0000000008000c52                stmpe811_DisableGlobalIT
 .text.stmpe811_EnableITSource
                0x0000000008000c6e       0x1e ./Drivers/BSP/Components/stmpe811.o
                0x0000000008000c6e                stmpe811_EnableITSource
 .text.stmpe811_IO_EnableIT
                0x0000000008000c8c       0x1c ./Drivers/BSP/Components/stmpe811.o
                0x0000000008000c8c                stmpe811_IO_EnableIT
 .text.stmpe811_TS_EnableIT
                0x0000000008000ca8       0x1c ./Drivers/BSP/Components/stmpe811.o
                0x0000000008000ca8                stmpe811_TS_EnableIT
 .text.stmpe811_DisableITSource
                0x0000000008000cc4       0x20 ./Drivers/BSP/Components/stmpe811.o
                0x0000000008000cc4                stmpe811_DisableITSource
 .text.stmpe811_IO_DisableIT
                0x0000000008000ce4       0x14 ./Drivers/BSP/Components/stmpe811.o
                0x0000000008000ce4                stmpe811_IO_DisableIT
 .text.stmpe811_TS_DisableIT
                0x0000000008000cf8       0x14 ./Drivers/BSP/Components/stmpe811.o
                0x0000000008000cf8                stmpe811_TS_DisableIT
 .text.stmpe811_SetITPolarity
                0x0000000008000d0c       0x22 ./Drivers/BSP/Components/stmpe811.o
                0x0000000008000d0c                stmpe811_SetITPolarity
 .text.stmpe811_SetITType
                0x0000000008000d2e       0x22 ./Drivers/BSP/Components/stmpe811.o
                0x0000000008000d2e                stmpe811_SetITType
 .text.stmpe811_ReadGITStatus
                0x0000000008000d50       0x10 ./Drivers/BSP/Components/stmpe811.o
                0x0000000008000d50                stmpe811_ReadGITStatus
 .text.stmpe811_TS_ITStatus
                0x0000000008000d60        0x6 ./Drivers/BSP/Components/stmpe811.o
                0x0000000008000d60                stmpe811_TS_ITStatus
 .text.stmpe811_ClearGlobalIT
                0x0000000008000d66        0xa ./Drivers/BSP/Components/stmpe811.o
                0x0000000008000d66                stmpe811_ClearGlobalIT
 .text.stmpe811_IO_ClearIT
                0x0000000008000d70       0x3e ./Drivers/BSP/Components/stmpe811.o
                0x0000000008000d70                stmpe811_IO_ClearIT
 .text.stmpe811_TS_ClearIT
                0x0000000008000dae        0x6 ./Drivers/BSP/Components/stmpe811.o
                0x0000000008000dae                stmpe811_TS_ClearIT
 .text.stmpe811_IO_InitPin
                0x0000000008000db4       0x2c ./Drivers/BSP/Components/stmpe811.o
                0x0000000008000db4                stmpe811_IO_InitPin
 .text.stmpe811_IO_DisableAF
                0x0000000008000de0       0x1e ./Drivers/BSP/Components/stmpe811.o
                0x0000000008000de0                stmpe811_IO_DisableAF
 .text.stmpe811_IO_Start
                0x0000000008000dfe       0x28 ./Drivers/BSP/Components/stmpe811.o
                0x0000000008000dfe                stmpe811_IO_Start
 .text.stmpe811_IO_EnableAF
                0x0000000008000e26       0x20 ./Drivers/BSP/Components/stmpe811.o
                0x0000000008000e26                stmpe811_IO_EnableAF
 .text.stmpe811_TS_Start
                0x0000000008000e46       0xa4 ./Drivers/BSP/Components/stmpe811.o
                0x0000000008000e46                stmpe811_TS_Start
 .text.stmpe811_IO_SetEdgeMode
                0x0000000008000eea       0x5c ./Drivers/BSP/Components/stmpe811.o
                0x0000000008000eea                stmpe811_IO_SetEdgeMode
 .text.stmpe811_IO_EnablePinIT
                0x0000000008000f46       0x1e ./Drivers/BSP/Components/stmpe811.o
                0x0000000008000f46                stmpe811_IO_EnablePinIT
 .text.stmpe811_IO_Config
                0x0000000008000f64       0xc8 ./Drivers/BSP/Components/stmpe811.o
                0x0000000008000f64                stmpe811_IO_Config
 .text.SPIx_Init
                0x000000000800102c       0x9c ./Drivers/BSP/STM32F429I-Discovery/stm32f429i_discovery.o
 .text.SPIx_Write
                0x00000000080010c8       0x30 ./Drivers/BSP/STM32F429I-Discovery/stm32f429i_discovery.o
 .text.I2Cx_Init
                0x00000000080010f8       0xf0 ./Drivers/BSP/STM32F429I-Discovery/stm32f429i_discovery.o
 .text.I2Cx_Error
                0x00000000080011e8       0x14 ./Drivers/BSP/STM32F429I-Discovery/stm32f429i_discovery.o
 .text.SPIx_WriteRead
                0x00000000080011fc       0x40 ./Drivers/BSP/STM32F429I-Discovery/stm32f429i_discovery.o
 .text.BSP_LED_Init
                0x000000000800123c       0x74 ./Drivers/BSP/STM32F429I-Discovery/stm32f429i_discovery.o
                0x000000000800123c                BSP_LED_Init
 .text.BSP_LED_On
                0x00000000080012b0       0x1c ./Drivers/BSP/STM32F429I-Discovery/stm32f429i_discovery.o
                0x00000000080012b0                BSP_LED_On
 .text.BSP_LED_Off
                0x00000000080012cc       0x1c ./Drivers/BSP/STM32F429I-Discovery/stm32f429i_discovery.o
                0x00000000080012cc                BSP_LED_Off
 .text.BSP_PB_Init
                0x00000000080012e8       0x74 ./Drivers/BSP/STM32F429I-Discovery/stm32f429i_discovery.o
                0x00000000080012e8                BSP_PB_Init
 .text.BSP_PB_GetState
                0x000000000800135c       0x18 ./Drivers/BSP/STM32F429I-Discovery/stm32f429i_discovery.o
                0x000000000800135c                BSP_PB_GetState
 .text.LCD_IO_Init
                0x0000000008001374       0xbc ./Drivers/BSP/STM32F429I-Discovery/stm32f429i_discovery.o
                0x0000000008001374                LCD_IO_Init
 .text.LCD_IO_WriteData
                0x0000000008001430       0x38 ./Drivers/BSP/STM32F429I-Discovery/stm32f429i_discovery.o
                0x0000000008001430                LCD_IO_WriteData
 .text.LCD_IO_WriteReg
                0x0000000008001468       0x38 ./Drivers/BSP/STM32F429I-Discovery/stm32f429i_discovery.o
                0x0000000008001468                LCD_IO_WriteReg
 .text.LCD_IO_ReadData
                0x00000000080014a0       0x6c ./Drivers/BSP/STM32F429I-Discovery/stm32f429i_discovery.o
                0x00000000080014a0                LCD_IO_ReadData
 .text.LCD_Delay
                0x000000000800150c        0x4 ./Drivers/BSP/STM32F429I-Discovery/stm32f429i_discovery.o
                0x000000000800150c                LCD_Delay
 .text.IOE_Init
                0x0000000008001510        0x4 ./Drivers/BSP/STM32F429I-Discovery/stm32f429i_discovery.o
                0x0000000008001510                IOE_Init
 .text.IOE_ITConfig
                0x0000000008001514       0x54 ./Drivers/BSP/STM32F429I-Discovery/stm32f429i_discovery.o
                0x0000000008001514                IOE_ITConfig
 .text.IOE_Write
                0x0000000008001568       0x34 ./Drivers/BSP/STM32F429I-Discovery/stm32f429i_discovery.o
                0x0000000008001568                IOE_Write
 .text.IOE_Read
                0x000000000800159c       0x3c ./Drivers/BSP/STM32F429I-Discovery/stm32f429i_discovery.o
                0x000000000800159c                IOE_Read
 .text.IOE_ReadMultiple
                0x00000000080015d8       0x30 ./Drivers/BSP/STM32F429I-Discovery/stm32f429i_discovery.o
                0x00000000080015d8                IOE_ReadMultiple
 .text.IOE_Delay
                0x0000000008001608        0x4 ./Drivers/BSP/STM32F429I-Discovery/stm32f429i_discovery.o
                0x0000000008001608                IOE_Delay
 .text.GYRO_IO_Init
                0x000000000800160c       0x70 ./Drivers/BSP/STM32F429I-Discovery/stm32f429i_discovery.o
                0x000000000800160c                GYRO_IO_Init
 .text.GYRO_IO_Write
                0x000000000800167c       0x44 ./Drivers/BSP/STM32F429I-Discovery/stm32f429i_discovery.o
                0x000000000800167c                GYRO_IO_Write
 .text.GYRO_IO_Read
                0x00000000080016c0       0x48 ./Drivers/BSP/STM32F429I-Discovery/stm32f429i_discovery.o
                0x00000000080016c0                GYRO_IO_Read
 .text.BSP_GYRO_Init
                0x0000000008001708       0x40 ./Drivers/BSP/STM32F429I-Discovery/stm32f429i_discovery_gyroscope.o
                0x0000000008001708                BSP_GYRO_Init
 .text.BSP_GYRO_Reset
                0x0000000008001748       0x10 ./Drivers/BSP/STM32F429I-Discovery/stm32f429i_discovery_gyroscope.o
                0x0000000008001748                BSP_GYRO_Reset
 .text.BSP_GYRO_GetXYZ
                0x0000000008001758       0x10 ./Drivers/BSP/STM32F429I-Discovery/stm32f429i_discovery_gyroscope.o
                0x0000000008001758                BSP_GYRO_GetXYZ
 .text.FillBuffer
                0x0000000008001768       0x64 ./Drivers/BSP/STM32F429I-Discovery/stm32f429i_discovery_lcd.o
 .text.ConvertLineToARGB8888
                0x00000000080017cc       0x68 ./Drivers/BSP/STM32F429I-Discovery/stm32f429i_discovery_lcd.o
 .text.BSP_LCD_GetXSize
                0x0000000008001834       0x10 ./Drivers/BSP/STM32F429I-Discovery/stm32f429i_discovery_lcd.o
                0x0000000008001834                BSP_LCD_GetXSize
 .text.BSP_LCD_GetYSize
                0x0000000008001844       0x10 ./Drivers/BSP/STM32F429I-Discovery/stm32f429i_discovery_lcd.o
                0x0000000008001844                BSP_LCD_GetYSize
 .text.BSP_LCD_LayerDefaultInit
                0x0000000008001854       0x80 ./Drivers/BSP/STM32F429I-Discovery/stm32f429i_discovery_lcd.o
                0x0000000008001854                BSP_LCD_LayerDefaultInit
 .text.BSP_LCD_SelectLayer
                0x00000000080018d4        0xc ./Drivers/BSP/STM32F429I-Discovery/stm32f429i_discovery_lcd.o
                0x00000000080018d4                BSP_LCD_SelectLayer
 .text.BSP_LCD_SetTextColor
                0x00000000080018e0       0x18 ./Drivers/BSP/STM32F429I-Discovery/stm32f429i_discovery_lcd.o
                0x00000000080018e0                BSP_LCD_SetTextColor
 .text.BSP_LCD_SetBackColor
                0x00000000080018f8       0x18 ./Drivers/BSP/STM32F429I-Discovery/stm32f429i_discovery_lcd.o
                0x00000000080018f8                BSP_LCD_SetBackColor
 .text.BSP_LCD_SetFont
                0x0000000008001910       0x18 ./Drivers/BSP/STM32F429I-Discovery/stm32f429i_discovery_lcd.o
                0x0000000008001910                BSP_LCD_SetFont
 .text.BSP_LCD_Clear
                0x0000000008001928       0x3c ./Drivers/BSP/STM32F429I-Discovery/stm32f429i_discovery_lcd.o
                0x0000000008001928                BSP_LCD_Clear
 .text.BSP_LCD_DrawHLine
                0x0000000008001964       0x50 ./Drivers/BSP/STM32F429I-Discovery/stm32f429i_discovery_lcd.o
                0x0000000008001964                BSP_LCD_DrawHLine
 .text.BSP_LCD_DrawVLine
                0x00000000080019b4       0x5c ./Drivers/BSP/STM32F429I-Discovery/stm32f429i_discovery_lcd.o
                0x00000000080019b4                BSP_LCD_DrawVLine
 .text.BSP_LCD_DrawRect
                0x0000000008001a10       0x34 ./Drivers/BSP/STM32F429I-Discovery/stm32f429i_discovery_lcd.o
                0x0000000008001a10                BSP_LCD_DrawRect
 .text.BSP_LCD_DrawBitmap
                0x0000000008001a44       0xc4 ./Drivers/BSP/STM32F429I-Discovery/stm32f429i_discovery_lcd.o
                0x0000000008001a44                BSP_LCD_DrawBitmap
 .text.PB_BSP_LCD_DrawBitmap
                0x0000000008001b08       0x7c ./Drivers/BSP/STM32F429I-Discovery/stm32f429i_discovery_lcd.o
                0x0000000008001b08                PB_BSP_LCD_DrawBitmap
 .text.BSP_LCD_FillRect
                0x0000000008001b84       0x6c ./Drivers/BSP/STM32F429I-Discovery/stm32f429i_discovery_lcd.o
                0x0000000008001b84                BSP_LCD_FillRect
 .text.BSP_LCD_ClearStringLine
                0x0000000008001bf0       0x5c ./Drivers/BSP/STM32F429I-Discovery/stm32f429i_discovery_lcd.o
                0x0000000008001bf0                BSP_LCD_ClearStringLine
 .text.BSP_LCD_FillEllipse
                0x0000000008001c4c       0xa8 ./Drivers/BSP/STM32F429I-Discovery/stm32f429i_discovery_lcd.o
                0x0000000008001c4c                BSP_LCD_FillEllipse
 .text.BSP_LCD_MspInit
                0x0000000008001cf4      0x148 ./Drivers/BSP/STM32F429I-Discovery/stm32f429i_discovery_lcd.o
                0x0000000008001cf4                BSP_LCD_MspInit
 .text.BSP_LCD_Init
                0x0000000008001e3c       0x98 ./Drivers/BSP/STM32F429I-Discovery/stm32f429i_discovery_lcd.o
                0x0000000008001e3c                BSP_LCD_Init
 .text.BSP_LCD_DrawPixel
                0x0000000008001ed4       0x2c ./Drivers/BSP/STM32F429I-Discovery/stm32f429i_discovery_lcd.o
                0x0000000008001ed4                BSP_LCD_DrawPixel
 .text.BSP_LCD_DisplayChar
                0x0000000008001f00       0xd0 ./Drivers/BSP/STM32F429I-Discovery/stm32f429i_discovery_lcd.o
                0x0000000008001f00                BSP_LCD_DisplayChar
 .text.BSP_LCD_DisplayStringAt
                0x0000000008001fd0       0xbc ./Drivers/BSP/STM32F429I-Discovery/stm32f429i_discovery_lcd.o
                0x0000000008001fd0                BSP_LCD_DisplayStringAt
 .text.BSP_LCD_DrawLine
                0x000000000800208c       0xd4 ./Drivers/BSP/STM32F429I-Discovery/stm32f429i_discovery_lcd.o
                0x000000000800208c                BSP_LCD_DrawLine
 .text.BSP_LCD_DrawPolygon
                0x0000000008002160       0x40 ./Drivers/BSP/STM32F429I-Discovery/stm32f429i_discovery_lcd.o
                0x0000000008002160                BSP_LCD_DrawPolygon
 .text.BSP_LCD_FillTriangle
                0x00000000080021a0       0xd2 ./Drivers/BSP/STM32F429I-Discovery/stm32f429i_discovery_lcd.o
                0x00000000080021a0                BSP_LCD_FillTriangle
 .text.BSP_LCD_FillPolygon
                0x0000000008002272       0xfe ./Drivers/BSP/STM32F429I-Discovery/stm32f429i_discovery_lcd.o
                0x0000000008002272                BSP_LCD_FillPolygon
 .text.BSP_LCD_DrawCircle
                0x0000000008002370      0x144 ./Drivers/BSP/STM32F429I-Discovery/stm32f429i_discovery_lcd.o
                0x0000000008002370                BSP_LCD_DrawCircle
 .text.BSP_LCD_FillCircle
                0x00000000080024b4       0xd0 ./Drivers/BSP/STM32F429I-Discovery/stm32f429i_discovery_lcd.o
                0x00000000080024b4                BSP_LCD_FillCircle
 .text.BSP_LCD_DrawEllipse
                0x0000000008002584      0x100 ./Drivers/BSP/STM32F429I-Discovery/stm32f429i_discovery_lcd.o
                0x0000000008002584                BSP_LCD_DrawEllipse
 .text.BSP_SDRAM_Initialization_sequence
                0x0000000008002684       0x90 ./Drivers/BSP/STM32F429I-Discovery/stm32f429i_discovery_sdram.o
                0x0000000008002684                BSP_SDRAM_Initialization_sequence
 .text.BSP_SDRAM_MspInit
                0x0000000008002714      0x190 ./Drivers/BSP/STM32F429I-Discovery/stm32f429i_discovery_sdram.o
                0x0000000008002714                BSP_SDRAM_MspInit
 .text.BSP_SDRAM_Init
                0x00000000080028a4       0x7c ./Drivers/BSP/STM32F429I-Discovery/stm32f429i_discovery_sdram.o
                0x00000000080028a4                BSP_SDRAM_Init
 .text.BSP_TS_Init
                0x0000000008002920       0x38 ./Drivers/BSP/STM32F429I-Discovery/stm32f429i_discovery_ts.o
                0x0000000008002920                BSP_TS_Init
 .text.BSP_TS_GetState
                0x0000000008002958       0xb0 ./Drivers/BSP/STM32F429I-Discovery/stm32f429i_discovery_ts.o
                0x0000000008002958                BSP_TS_GetState
 .text.SystemInit
                0x0000000008002a08       0x4c ./Drivers/CMSIS/system_stm32f4xx.o
                0x0000000008002a08                SystemInit
 .text.HAL_MspInit
                0x0000000008002a54        0x2 ./Drivers/STM32F4xx_HAL_Driver/stm32f4xx_hal.o
                0x0000000008002a54                HAL_MspInit
 *fill*         0x0000000008002a56        0x2 
 .text.HAL_InitTick
                0x0000000008002a58       0x44 ./Drivers/STM32F4xx_HAL_Driver/stm32f4xx_hal.o
                0x0000000008002a58                HAL_InitTick
 .text.HAL_Init
                0x0000000008002a9c       0x34 ./Drivers/STM32F4xx_HAL_Driver/stm32f4xx_hal.o
                0x0000000008002a9c                HAL_Init
 .text.HAL_IncTick
                0x0000000008002ad0       0x18 ./Drivers/STM32F4xx_HAL_Driver/stm32f4xx_hal.o
                0x0000000008002ad0                HAL_IncTick
 .text.HAL_GetTick
                0x0000000008002ae8        0xc ./Drivers/STM32F4xx_HAL_Driver/stm32f4xx_hal.o
                0x0000000008002ae8                HAL_GetTick
 .text.HAL_Delay
                0x0000000008002af4       0x28 ./Drivers/STM32F4xx_HAL_Driver/stm32f4xx_hal.o
                0x0000000008002af4                HAL_Delay
 .text.HAL_NVIC_SetPriorityGrouping
                0x0000000008002b1c       0x24 ./Drivers/STM32F4xx_HAL_Driver/stm32f4xx_hal_cortex.o
                0x0000000008002b1c                HAL_NVIC_SetPriorityGrouping
 .text.HAL_NVIC_SetPriority
                0x0000000008002b40       0x64 ./Drivers/STM32F4xx_HAL_Driver/stm32f4xx_hal_cortex.o
                0x0000000008002b40                HAL_NVIC_SetPriority
 .text.HAL_NVIC_EnableIRQ
                0x0000000008002ba4       0x1c ./Drivers/STM32F4xx_HAL_Driver/stm32f4xx_hal_cortex.o
                0x0000000008002ba4                HAL_NVIC_EnableIRQ
 .text.HAL_NVIC_DisableIRQ
                0x0000000008002bc0       0x28 ./Drivers/STM32F4xx_HAL_Driver/stm32f4xx_hal_cortex.o
                0x0000000008002bc0                HAL_NVIC_DisableIRQ
 .text.HAL_SYSTICK_Config
                0x0000000008002be8       0x28 ./Drivers/STM32F4xx_HAL_Driver/stm32f4xx_hal_cortex.o
                0x0000000008002be8                HAL_SYSTICK_Config
 .text.DMA_CalcBaseAndBitshift
                0x0000000008002c10       0x2c ./Drivers/STM32F4xx_HAL_Driver/stm32f4xx_hal_dma.o
 .text.HAL_DMA_Init
                0x0000000008002c3c      0x100 ./Drivers/STM32F4xx_HAL_Driver/stm32f4xx_hal_dma.o
                0x0000000008002c3c                HAL_DMA_Init
 .text.HAL_DMA_DeInit
                0x0000000008002d3c       0x54 ./Drivers/STM32F4xx_HAL_Driver/stm32f4xx_hal_dma.o
                0x0000000008002d3c                HAL_DMA_DeInit
 .text.DMA2D_SetConfig
                0x0000000008002d90       0x84 ./Drivers/STM32F4xx_HAL_Driver/stm32f4xx_hal_dma2d.o
 .text.HAL_DMA2D_MspInit
                0x0000000008002e14        0x2 ./Drivers/STM32F4xx_HAL_Driver/stm32f4xx_hal_dma2d.o
                0x0000000008002e14                HAL_DMA2D_MspInit
 .text.HAL_DMA2D_Init
                0x0000000008002e16       0x58 ./Drivers/STM32F4xx_HAL_Driver/stm32f4xx_hal_dma2d.o
                0x0000000008002e16                HAL_DMA2D_Init
 .text.HAL_DMA2D_Start
                0x0000000008002e6e       0x34 ./Drivers/STM32F4xx_HAL_Driver/stm32f4xx_hal_dma2d.o
                0x0000000008002e6e                HAL_DMA2D_Start
 .text.HAL_DMA2D_PollForTransfer
                0x0000000008002ea2      0x102 ./Drivers/STM32F4xx_HAL_Driver/stm32f4xx_hal_dma2d.o
                0x0000000008002ea2                HAL_DMA2D_PollForTransfer
 .text.HAL_DMA2D_ConfigLayer
                0x0000000008002fa4       0x88 ./Drivers/STM32F4xx_HAL_Driver/stm32f4xx_hal_dma2d.o
                0x0000000008002fa4                HAL_DMA2D_ConfigLayer
 .text.HAL_GPIO_Init
                0x000000000800302c      0x1cc ./Drivers/STM32F4xx_HAL_Driver/stm32f4xx_hal_gpio.o
                0x000000000800302c                HAL_GPIO_Init
 .text.HAL_GPIO_DeInit
                0x00000000080031f8      0x144 ./Drivers/STM32F4xx_HAL_Driver/stm32f4xx_hal_gpio.o
                0x00000000080031f8                HAL_GPIO_DeInit
 .text.HAL_GPIO_ReadPin
                0x000000000800333c        0xc ./Drivers/STM32F4xx_HAL_Driver/stm32f4xx_hal_gpio.o
                0x000000000800333c                HAL_GPIO_ReadPin
 .text.HAL_GPIO_WritePin
                0x0000000008003348        0xa ./Drivers/STM32F4xx_HAL_Driver/stm32f4xx_hal_gpio.o
                0x0000000008003348                HAL_GPIO_WritePin
 *fill*         0x0000000008003352        0x2 
 .text.HAL_GPIO_EXTI_IRQHandler
                0x0000000008003354       0x18 ./Drivers/STM32F4xx_HAL_Driver/stm32f4xx_hal_gpio.o
                0x0000000008003354                HAL_GPIO_EXTI_IRQHandler
 .text.I2C_IsAcknowledgeFailed
                0x000000000800336c       0x34 ./Drivers/STM32F4xx_HAL_Driver/stm32f4xx_hal_i2c.o
 .text.I2C_WaitOnFlagUntilTimeout
                0x00000000080033a0       0x64 ./Drivers/STM32F4xx_HAL_Driver/stm32f4xx_hal_i2c.o
 .text.I2C_WaitOnMasterAddressFlagUntilTimeout
                0x0000000008003404       0x76 ./Drivers/STM32F4xx_HAL_Driver/stm32f4xx_hal_i2c.o
 .text.I2C_WaitOnRXNEFlagUntilTimeout
                0x000000000800347a       0x5e ./Drivers/STM32F4xx_HAL_Driver/stm32f4xx_hal_i2c.o
 .text.I2C_WaitOnBTFFlagUntilTimeout
                0x00000000080034d8       0x4c ./Drivers/STM32F4xx_HAL_Driver/stm32f4xx_hal_i2c.o
 .text.I2C_WaitOnTXEFlagUntilTimeout
                0x0000000008003524       0x4c ./Drivers/STM32F4xx_HAL_Driver/stm32f4xx_hal_i2c.o
 .text.I2C_RequestMemoryWrite
                0x0000000008003570       0xb0 ./Drivers/STM32F4xx_HAL_Driver/stm32f4xx_hal_i2c.o
 .text.I2C_RequestMemoryRead
                0x0000000008003620      0x104 ./Drivers/STM32F4xx_HAL_Driver/stm32f4xx_hal_i2c.o
 .text.HAL_I2C_MspInit
                0x0000000008003724        0x2 ./Drivers/STM32F4xx_HAL_Driver/stm32f4xx_hal_i2c.o
                0x0000000008003724                HAL_I2C_MspInit
 *fill*         0x0000000008003726        0x2 
 .text.HAL_I2C_Init
                0x0000000008003728      0x150 ./Drivers/STM32F4xx_HAL_Driver/stm32f4xx_hal_i2c.o
                0x0000000008003728                HAL_I2C_Init
 .text.HAL_I2C_MspDeInit
                0x0000000008003878        0x2 ./Drivers/STM32F4xx_HAL_Driver/stm32f4xx_hal_i2c.o
                0x0000000008003878                HAL_I2C_MspDeInit
 .text.HAL_I2C_DeInit
                0x000000000800387a       0x32 ./Drivers/STM32F4xx_HAL_Driver/stm32f4xx_hal_i2c.o
                0x000000000800387a                HAL_I2C_DeInit
 .text.HAL_I2C_Mem_Write
                0x00000000080038ac      0x120 ./Drivers/STM32F4xx_HAL_Driver/stm32f4xx_hal_i2c.o
                0x00000000080038ac                HAL_I2C_Mem_Write
 .text.HAL_I2C_Mem_Read
                0x00000000080039cc      0x210 ./Drivers/STM32F4xx_HAL_Driver/stm32f4xx_hal_i2c.o
                0x00000000080039cc                HAL_I2C_Mem_Read
 .text.HAL_I2C_GetState
                0x0000000008003bdc        0x6 ./Drivers/STM32F4xx_HAL_Driver/stm32f4xx_hal_i2c.o
                0x0000000008003bdc                HAL_I2C_GetState
 .text.LTDC_SetConfig
                0x0000000008003be2      0x10c ./Drivers/STM32F4xx_HAL_Driver/stm32f4xx_hal_ltdc.o
 .text.HAL_LTDC_MspInit
                0x0000000008003cee        0x2 ./Drivers/STM32F4xx_HAL_Driver/stm32f4xx_hal_ltdc.o
                0x0000000008003cee                HAL_LTDC_MspInit
 .text.HAL_LTDC_Init
                0x0000000008003cf0       0xd8 ./Drivers/STM32F4xx_HAL_Driver/stm32f4xx_hal_ltdc.o
                0x0000000008003cf0                HAL_LTDC_Init
 .text.HAL_LTDC_ConfigLayer
                0x0000000008003dc8       0x5a ./Drivers/STM32F4xx_HAL_Driver/stm32f4xx_hal_ltdc.o
                0x0000000008003dc8                HAL_LTDC_ConfigLayer
 *fill*         0x0000000008003e22        0x2 
 .text.HAL_LTDC_EnableDither
                0x0000000008003e24       0x30 ./Drivers/STM32F4xx_HAL_Driver/stm32f4xx_hal_ltdc.o
                0x0000000008003e24                HAL_LTDC_EnableDither
 .text.HAL_PWREx_EnableOverDrive
                0x0000000008003e54       0x74 ./Drivers/STM32F4xx_HAL_Driver/stm32f4xx_hal_pwr_ex.o
                0x0000000008003e54                HAL_PWREx_EnableOverDrive
 .text.HAL_RCC_OscConfig
                0x0000000008003ec8      0x360 ./Drivers/STM32F4xx_HAL_Driver/stm32f4xx_hal_rcc.o
                0x0000000008003ec8                HAL_RCC_OscConfig
 .text.HAL_RCC_GetSysClockFreq
                0x0000000008004228       0x5c ./Drivers/STM32F4xx_HAL_Driver/stm32f4xx_hal_rcc.o
                0x0000000008004228                HAL_RCC_GetSysClockFreq
 .text.HAL_RCC_ClockConfig
                0x0000000008004284      0x138 ./Drivers/STM32F4xx_HAL_Driver/stm32f4xx_hal_rcc.o
                0x0000000008004284                HAL_RCC_ClockConfig
 .text.HAL_RCC_GetPCLK1Freq
                0x00000000080043bc       0x20 ./Drivers/STM32F4xx_HAL_Driver/stm32f4xx_hal_rcc.o
                0x00000000080043bc                HAL_RCC_GetPCLK1Freq
 .text.HAL_RCC_GetPCLK2Freq
                0x00000000080043dc       0x20 ./Drivers/STM32F4xx_HAL_Driver/stm32f4xx_hal_rcc.o
                0x00000000080043dc                HAL_RCC_GetPCLK2Freq
 .text.HAL_RCCEx_PeriphCLKConfig
                0x00000000080043fc      0x254 ./Drivers/STM32F4xx_HAL_Driver/stm32f4xx_hal_rcc_ex.o
                0x00000000080043fc                HAL_RCCEx_PeriphCLKConfig
 .text.HAL_SDRAM_MspInit
                0x0000000008004650        0x2 ./Drivers/STM32F4xx_HAL_Driver/stm32f4xx_hal_sdram.o
                0x0000000008004650                HAL_SDRAM_MspInit
 .text.HAL_SDRAM_Init
                0x0000000008004652       0x40 ./Drivers/STM32F4xx_HAL_Driver/stm32f4xx_hal_sdram.o
                0x0000000008004652                HAL_SDRAM_Init
 .text.HAL_SDRAM_SendCommand
                0x0000000008004692       0x2e ./Drivers/STM32F4xx_HAL_Driver/stm32f4xx_hal_sdram.o
                0x0000000008004692                HAL_SDRAM_SendCommand
 .text.HAL_SDRAM_ProgramRefreshRate
                0x00000000080046c0       0x24 ./Drivers/STM32F4xx_HAL_Driver/stm32f4xx_hal_sdram.o
                0x00000000080046c0                HAL_SDRAM_ProgramRefreshRate
 .text.SPI_WaitFlagStateUntilTimeout
                0x00000000080046e4       0xb8 ./Drivers/STM32F4xx_HAL_Driver/stm32f4xx_hal_spi.o
 .text.SPI_EndRxTransaction
                0x000000000800479c       0x5c ./Drivers/STM32F4xx_HAL_Driver/stm32f4xx_hal_spi.o
 .text.SPI_EndRxTxTransaction
                0x00000000080047f8       0x5c ./Drivers/STM32F4xx_HAL_Driver/stm32f4xx_hal_spi.o
 .text.HAL_SPI_Init
                0x0000000008004854       0xc2 ./Drivers/STM32F4xx_HAL_Driver/stm32f4xx_hal_spi.o
                0x0000000008004854                HAL_SPI_Init
 .text.HAL_SPI_DeInit
                0x0000000008004916       0x2c ./Drivers/STM32F4xx_HAL_Driver/stm32f4xx_hal_spi.o
                0x0000000008004916                HAL_SPI_DeInit
 .text.HAL_SPI_Transmit
                0x0000000008004942      0x18c ./Drivers/STM32F4xx_HAL_Driver/stm32f4xx_hal_spi.o
                0x0000000008004942                HAL_SPI_Transmit
 .text.HAL_SPI_TransmitReceive
                0x0000000008004ace      0x296 ./Drivers/STM32F4xx_HAL_Driver/stm32f4xx_hal_spi.o
                0x0000000008004ace                HAL_SPI_TransmitReceive
 .text.HAL_SPI_Receive
                0x0000000008004d64      0x1da ./Drivers/STM32F4xx_HAL_Driver/stm32f4xx_hal_spi.o
                0x0000000008004d64                HAL_SPI_Receive
 .text.HAL_SPI_GetState
                0x0000000008004f3e        0x6 ./Drivers/STM32F4xx_HAL_Driver/stm32f4xx_hal_spi.o
                0x0000000008004f3e                HAL_SPI_GetState
 .text.UART_SetConfig
                0x0000000008004f44       0xbc ./Drivers/STM32F4xx_HAL_Driver/stm32f4xx_hal_uart.o
 .text.UART_WaitOnFlagUntilTimeout.constprop.0
                0x0000000008005000       0x6c ./Drivers/STM32F4xx_HAL_Driver/stm32f4xx_hal_uart.o
 .text.HAL_UART_Init
                0x000000000800506c       0x5c ./Drivers/STM32F4xx_HAL_Driver/stm32f4xx_hal_uart.o
                0x000000000800506c                HAL_UART_Init
 .text.HAL_UART_DeInit
                0x00000000080050c8       0x32 ./Drivers/STM32F4xx_HAL_Driver/stm32f4xx_hal_uart.o
                0x00000000080050c8                HAL_UART_DeInit
 .text.HAL_UART_Transmit
                0x00000000080050fa       0xaa ./Drivers/STM32F4xx_HAL_Driver/stm32f4xx_hal_uart.o
                0x00000000080050fa                HAL_UART_Transmit
 .text.HAL_UART_Receive
                0x00000000080051a4       0xb8 ./Drivers/STM32F4xx_HAL_Driver/stm32f4xx_hal_uart.o
                0x00000000080051a4                HAL_UART_Receive
 .text.FMC_SDRAM_Init
                0x000000000800525c       0x6c ./Drivers/STM32F4xx_HAL_Driver/stm32f4xx_ll_fmc.o
                0x000000000800525c                FMC_SDRAM_Init
 .text.FMC_SDRAM_Timing_Init
                0x00000000080052c8       0x78 ./Drivers/STM32F4xx_HAL_Driver/stm32f4xx_ll_fmc.o
                0x00000000080052c8                FMC_SDRAM_Timing_Init
 .text.FMC_SDRAM_SendCommand
                0x0000000008005340       0x4e ./Drivers/STM32F4xx_HAL_Driver/stm32f4xx_ll_fmc.o
                0x0000000008005340                FMC_SDRAM_SendCommand
 .text.FMC_SDRAM_ProgramRefreshRate
                0x000000000800538e        0xc ./Drivers/STM32F4xx_HAL_Driver/stm32f4xx_ll_fmc.o
                0x000000000800538e                FMC_SDRAM_ProgramRefreshRate
 *fill*         0x000000000800539a        0x2 
 .text.Reset_Handler
                0x000000000800539c       0x50 ./Example/SW4STM32/startup_stm32f429xx.o
                0x000000000800539c                Reset_Handler
 .text.Default_Handler
                0x00000000080053ec        0x2 ./Example/SW4STM32/startup_stm32f429xx.o
                0x00000000080053ec                DMA1_Stream3_IRQHandler
                0x00000000080053ec                HASH_RNG_IRQHandler
                0x00000000080053ec                EXTI2_IRQHandler
                0x00000000080053ec                TIM8_CC_IRQHandler
                0x00000000080053ec                UART8_IRQHandler
                0x00000000080053ec                SPI4_IRQHandler
                0x00000000080053ec                TIM1_CC_IRQHandler
                0x00000000080053ec                DMA2_Stream5_IRQHandler
                0x00000000080053ec                DMA1_Stream5_IRQHandler
                0x00000000080053ec                PVD_IRQHandler
                0x00000000080053ec                SDIO_IRQHandler
                0x00000000080053ec                TAMP_STAMP_IRQHandler
                0x00000000080053ec                CAN2_RX1_IRQHandler
                0x00000000080053ec                EXTI3_IRQHandler
                0x00000000080053ec                TIM8_TRG_COM_TIM14_IRQHandler
                0x00000000080053ec                TIM1_UP_TIM10_IRQHandler
                0x00000000080053ec                TIM8_UP_TIM13_IRQHandler
                0x00000000080053ec                I2C3_ER_IRQHandler
                0x00000000080053ec                I2C2_EV_IRQHandler
                0x00000000080053ec                DMA1_Stream2_IRQHandler
                0x00000000080053ec                CAN1_RX0_IRQHandler
                0x00000000080053ec                FPU_IRQHandler
                0x00000000080053ec                OTG_HS_WKUP_IRQHandler
                0x00000000080053ec                LTDC_ER_IRQHandler
                0x00000000080053ec                CAN2_SCE_IRQHandler
                0x00000000080053ec                DMA2_Stream2_IRQHandler
                0x00000000080053ec                SPI1_IRQHandler
                0x00000000080053ec                TIM6_DAC_IRQHandler
                0x00000000080053ec                TIM1_BRK_TIM9_IRQHandler
                0x00000000080053ec                DCMI_IRQHandler
                0x00000000080053ec                CAN2_RX0_IRQHandler
                0x00000000080053ec                DMA2_Stream3_IRQHandler
                0x00000000080053ec                USART6_IRQHandler
                0x00000000080053ec                USART3_IRQHandler
                0x00000000080053ec                CAN1_RX1_IRQHandler
                0x00000000080053ec                UART5_IRQHandler
                0x00000000080053ec                DMA2_Stream0_IRQHandler
                0x00000000080053ec                TIM4_IRQHandler
                0x00000000080053ec                I2C1_EV_IRQHandler
                0x00000000080053ec                DMA1_Stream6_IRQHandler
                0x00000000080053ec                DMA1_Stream1_IRQHandler
                0x00000000080053ec                UART4_IRQHandler
                0x00000000080053ec                TIM3_IRQHandler
                0x00000000080053ec                RCC_IRQHandler
                0x00000000080053ec                TIM8_BRK_TIM12_IRQHandler
                0x00000000080053ec                Default_Handler
                0x00000000080053ec                EXTI15_10_IRQHandler
                0x00000000080053ec                ADC_IRQHandler
                0x00000000080053ec                DMA1_Stream7_IRQHandler
                0x00000000080053ec                SPI5_IRQHandler
                0x00000000080053ec                TIM7_IRQHandler
                0x00000000080053ec                CAN2_TX_IRQHandler
                0x00000000080053ec                TIM5_IRQHandler
                0x00000000080053ec                DMA2_Stream7_IRQHandler
                0x00000000080053ec                I2C3_EV_IRQHandler
                0x00000000080053ec                EXTI9_5_IRQHandler
                0x00000000080053ec                RTC_WKUP_IRQHandler
                0x00000000080053ec                LTDC_IRQHandler
                0x00000000080053ec                ETH_WKUP_IRQHandler
                0x00000000080053ec                SPI2_IRQHandler
                0x00000000080053ec                OTG_HS_EP1_IN_IRQHandler
                0x00000000080053ec                DMA1_Stream0_IRQHandler
                0x00000000080053ec                CAN1_TX_IRQHandler
                0x00000000080053ec                EXTI4_IRQHandler
                0x00000000080053ec                ETH_IRQHandler
                0x00000000080053ec                OTG_HS_EP1_OUT_IRQHandler
                0x00000000080053ec                WWDG_IRQHandler
                0x00000000080053ec                SPI6_IRQHandler
                0x00000000080053ec                TIM2_IRQHandler
                0x00000000080053ec                OTG_FS_WKUP_IRQHandler
                0x00000000080053ec                TIM1_TRG_COM_TIM11_IRQHandler
                0x00000000080053ec                OTG_HS_IRQHandler
                0x00000000080053ec                DMA2D_IRQHandler
                0x00000000080053ec                EXTI1_IRQHandler
                0x00000000080053ec                UART7_IRQHandler
                0x00000000080053ec                USART2_IRQHandler
                0x00000000080053ec                I2C2_ER_IRQHandler
                0x00000000080053ec                DMA2_Stream1_IRQHandler
                0x00000000080053ec                CAN1_SCE_IRQHandler
                0x00000000080053ec                FLASH_IRQHandler
                0x00000000080053ec                DMA2_Stream4_IRQHandler
                0x00000000080053ec                USART1_IRQHandler
                0x00000000080053ec                OTG_FS_IRQHandler
                0x00000000080053ec                SPI3_IRQHandler
                0x00000000080053ec                DMA1_Stream4_IRQHandler
                0x00000000080053ec                I2C1_ER_IRQHandler
                0x00000000080053ec                FMC_IRQHandler
                0x00000000080053ec                DMA2_Stream6_IRQHandler
                0x00000000080053ec                SAI1_IRQHandler
                0x00000000080053ec                RTC_Alarm_IRQHandler
 *fill*         0x00000000080053ee        0x2 
 .text.GPIOB_Init
                0x00000000080053f0       0x48 ./Example/User/GPIO.o
                0x00000000080053f0                GPIOB_Init
 .text.PCD_WriteRegister
                0x0000000008005438       0x3c ./Example/User/MFRC522.o
                0x0000000008005438                PCD_WriteRegister
 .text.PCD_WriteRegisterMulti
                0x0000000008005474       0x48 ./Example/User/MFRC522.o
                0x0000000008005474                PCD_WriteRegisterMulti
 .text.PCD_ReadRegister
                0x00000000080054bc       0x40 ./Example/User/MFRC522.o
                0x00000000080054bc                PCD_ReadRegister
 .text.PCD_ReadRegisterMulti
                0x00000000080054fc       0xa8 ./Example/User/MFRC522.o
                0x00000000080054fc                PCD_ReadRegisterMulti
 .text.PCD_SetRegisterBitMask
                0x00000000080055a4       0x18 ./Example/User/MFRC522.o
                0x00000000080055a4                PCD_SetRegisterBitMask
 .text.PCD_ClearRegisterBitMask
                0x00000000080055bc       0x1a ./Example/User/MFRC522.o
                0x00000000080055bc                PCD_ClearRegisterBitMask
 .text.PCD_CalculateCRC
                0x00000000080055d6       0x64 ./Example/User/MFRC522.o
                0x00000000080055d6                PCD_CalculateCRC
 .text.PCD_Reset
                0x000000000800563a       0x1c ./Example/User/MFRC522.o
                0x000000000800563a                PCD_Reset
 .text.PCD_AntennaOn
                0x0000000008005656       0x28 ./Example/User/MFRC522.o
                0x0000000008005656                PCD_AntennaOn
 *fill*         0x000000000800567e        0x2 
 .text.PCD_Init
                0x0000000008005680       0x48 ./Example/User/MFRC522.o
                0x0000000008005680                PCD_Init
 .text.PCD_CommunicateWithPICC
                0x00000000080056c8      0x138 ./Example/User/MFRC522.o
                0x00000000080056c8                PCD_CommunicateWithPICC
 .text.PCD_TransceiveData
                0x0000000008005800       0x28 ./Example/User/MFRC522.o
                0x0000000008005800                PCD_TransceiveData
 .text.PICC_REQA_or_WUPA
                0x0000000008005828       0x5c ./Example/User/MFRC522.o
                0x0000000008005828                PICC_REQA_or_WUPA
 .text.PICC_RequestA
                0x0000000008005884        0xa ./Example/User/MFRC522.o
                0x0000000008005884                PICC_RequestA
 .text.PICC_AnticollisionLoop
                0x000000000800588e      0x148 ./Example/User/MFRC522.o
                0x000000000800588e                PICC_AnticollisionLoop
 .text.PICC_Select
                0x00000000080059d6       0xb8 ./Example/User/MFRC522.o
                0x00000000080059d6                PICC_Select
 .text.PICC_HaltA
                0x0000000008005a8e       0x46 ./Example/User/MFRC522.o
                0x0000000008005a8e                PICC_HaltA
 .text.PCD_Authenticate
                0x0000000008005ad4       0x66 ./Example/User/MFRC522.o
                0x0000000008005ad4                PCD_Authenticate
 .text.PCD_StopCrypto1
                0x0000000008005b3a        0x8 ./Example/User/MFRC522.o
                0x0000000008005b3a                PCD_StopCrypto1
 .text.MIFARE_Read
                0x0000000008005b42       0x40 ./Example/User/MFRC522.o
                0x0000000008005b42                MIFARE_Read
 .text.PICC_IsNewCardPresent
                0x0000000008005b82       0x22 ./Example/User/MFRC522.o
                0x0000000008005b82                PICC_IsNewCardPresent
 .text.PICC_ReadCardSerial
                0x0000000008005ba4       0x16 ./Example/User/MFRC522.o
                0x0000000008005ba4                PICC_ReadCardSerial
 *fill*         0x0000000008005bba        0x2 
 .text.PICC_ReadBlock
                0x0000000008005bbc       0x54 ./Example/User/MFRC522.o
                0x0000000008005bbc                PICC_ReadBlock
 .text.TAG_CheckID
                0x0000000008005c10       0x4c ./Example/User/RFID-tag.o
                0x0000000008005c10                TAG_CheckID
 .text.TAG_ReadMifareClassicSector
                0x0000000008005c5c       0xa0 ./Example/User/RFID-tag.o
                0x0000000008005c5c                TAG_ReadMifareClassicSector
 .text.InitSPI  0x0000000008005cfc       0x3c ./Example/User/SPI.o
                0x0000000008005cfc                InitSPI
 .text.SPI_TransmitByte
                0x0000000008005d38       0x20 ./Example/User/SPI.o
                0x0000000008005d38                SPI_TransmitByte
 .text.USART_Init
                0x0000000008005d58       0x30 ./Example/User/UART.o
                0x0000000008005d58                USART_Init
 .text.LCD_Show_Feature
                0x0000000008005d88      0x2b0 ./Example/User/lcd.o
 .text.LCD_demo
                0x0000000008006038       0xf4 ./Example/User/lcd.o
                0x0000000008006038                LCD_demo
 .text.Log_demo
                0x000000000800612c       0x84 ./Example/User/log.o
                0x000000000800612c                Log_demo
 .text.Display_InitContent
                0x00000000080061b0       0x94 ./Example/User/main.o
 .text.Display_AccesDenied
                0x0000000008006244       0x94 ./Example/User/main.o
 .text.Clear_AccesGranted
                0x00000000080062d8       0xa4 ./Example/User/main.o
 .text.startup.main
                0x000000000800637c      0x30c ./Example/User/main.o
                0x000000000800637c                main
 .text.CheckForUserInput
                0x0000000008006688       0x1c ./Example/User/main.o
                0x0000000008006688                CheckForUserInput
 .text.HAL_GPIO_EXTI_Callback
                0x00000000080066a4       0x10 ./Example/User/main.o
                0x00000000080066a4                HAL_GPIO_EXTI_Callback
 .text.Gyroscope_DrawBackground
                0x00000000080066b4      0x2d4 ./Example/User/mems.o
 .text.MEMS_demo
                0x0000000008006988      0x290 ./Example/User/mems.o
                0x0000000008006988                MEMS_demo
 .text.RetargetInit
                0x0000000008006c18       0x1c ./Example/User/retarget.o
                0x0000000008006c18                RetargetInit
 .text._isatty  0x0000000008006c34       0x16 ./Example/User/retarget.o
                0x0000000008006c34                _isatty
 *fill*         0x0000000008006c4a        0x2 
 .text._write   0x0000000008006c4c       0x34 ./Example/User/retarget.o
                0x0000000008006c4c                _write
 .text._close   0x0000000008006c80       0x18 ./Example/User/retarget.o
                0x0000000008006c80                _close
 .text._lseek   0x0000000008006c98       0x10 ./Example/User/retarget.o
                0x0000000008006c98                _lseek
 .text._read    0x0000000008006ca8       0x30 ./Example/User/retarget.o
                0x0000000008006ca8                _read
 .text._fstat   0x0000000008006cd8       0x1a ./Example/User/retarget.o
                0x0000000008006cd8                _fstat
 *fill*         0x0000000008006cf2        0x2 
 .text.HAL_SPI_MspInit
                0x0000000008006cf4       0xc8 ./Example/User/stm32f4xx_hal_msp_spi.o
                0x0000000008006cf4                HAL_SPI_MspInit
 .text.HAL_SPI_MspDeInit
                0x0000000008006dbc       0x40 ./Example/User/stm32f4xx_hal_msp_spi.o
                0x0000000008006dbc                HAL_SPI_MspDeInit
 .text.HAL_UART_MspInit
                0x0000000008006dfc       0xa4 ./Example/User/stm32f4xx_hal_msp_uart.o
                0x0000000008006dfc                HAL_UART_MspInit
 .text.HAL_UART_MspDeInit
                0x0000000008006ea0       0x3c ./Example/User/stm32f4xx_hal_msp_uart.o
                0x0000000008006ea0                HAL_UART_MspDeInit
 .text.NMI_Handler
                0x0000000008006edc        0x2 ./Example/User/stm32f4xx_it.o
                0x0000000008006edc                NMI_Handler
 .text.HardFault_Handler
                0x0000000008006ede        0x2 ./Example/User/stm32f4xx_it.o
                0x0000000008006ede                HardFault_Handler
 .text.MemManage_Handler
                0x0000000008006ee0        0x2 ./Example/User/stm32f4xx_it.o
                0x0000000008006ee0                MemManage_Handler
 .text.BusFault_Handler
                0x0000000008006ee2        0x2 ./Example/User/stm32f4xx_it.o
                0x0000000008006ee2                BusFault_Handler
 .text.UsageFault_Handler
                0x0000000008006ee4        0x2 ./Example/User/stm32f4xx_it.o
                0x0000000008006ee4                UsageFault_Handler
 .text.SVC_Handler
                0x0000000008006ee6        0x2 ./Example/User/stm32f4xx_it.o
                0x0000000008006ee6                SVC_Handler
 .text.DebugMon_Handler
                0x0000000008006ee8        0x2 ./Example/User/stm32f4xx_it.o
                0x0000000008006ee8                DebugMon_Handler
 .text.PendSV_Handler
                0x0000000008006eea        0x2 ./Example/User/stm32f4xx_it.o
                0x0000000008006eea                PendSV_Handler
 .text.SysTick_Handler
                0x0000000008006eec        0x4 ./Example/User/stm32f4xx_it.o
                0x0000000008006eec                SysTick_Handler
 .text.EXTI0_IRQHandler
                0x0000000008006ef0        0x6 ./Example/User/stm32f4xx_it.o
                0x0000000008006ef0                EXTI0_IRQHandler
 *fill*         0x0000000008006ef6        0x2 
 .text.Touchscreen_demo
                0x0000000008006ef8      0x508 ./Example/User/touchscreen.o
                0x0000000008006ef8                Touchscreen_demo
 .text.WaitForPressedState
                0x0000000008007400       0x40 ./Example/User/ts_calibration.o
 .text.Touchscreen_Calibration
                0x0000000008007440      0x1d0 ./Example/User/ts_calibration.o
                0x0000000008007440                Touchscreen_Calibration
 .text.Calibration_GetX
                0x0000000008007610       0x20 ./Example/User/ts_calibration.o
                0x0000000008007610                Calibration_GetX
 .text.Calibration_GetY
                0x0000000008007630       0x20 ./Example/User/ts_calibration.o
                0x0000000008007630                Calibration_GetY
 .text.IsCalibrationDone
                0x0000000008007650        0xc ./Example/User/ts_calibration.o
                0x0000000008007650                IsCalibrationDone
 .text.LCD_LOG_DeInit
                0x000000000800765c       0x28 ./Example/Utilities/lcd_log.o
                0x000000000800765c                LCD_LOG_DeInit
 .text.LCD_LOG_Init
                0x0000000008007684       0x12 ./Example/Utilities/lcd_log.o
                0x0000000008007684                LCD_LOG_Init
 *fill*         0x0000000008007696        0x2 
 .text.LCD_LOG_SetHeader
                0x0000000008007698       0x6c ./Example/Utilities/lcd_log.o
                0x0000000008007698                LCD_LOG_SetHeader
 .text.LCD_LOG_SetFooter
                0x0000000008007704       0x84 ./Example/Utilities/lcd_log.o
                0x0000000008007704                LCD_LOG_SetFooter
 .text.LCD_LOG_ClearTextZone
                0x0000000008007788       0x18 ./Example/Utilities/lcd_log.o
                0x0000000008007788                LCD_LOG_ClearTextZone
 .text.__errno  0x00000000080077a0        0xc /Applications/STM32CubeIDE.app/Contents/Eclipse/plugins/com.st.stm32cube.ide.mcu.externaltools.gnu-tools-for-stm32.10.3-2021.10.macos64_1.0.0.202111181127/tools/bin/../lib/gcc/arm-none-eabi/10.3.1/../../../../arm-none-eabi/lib/thumb/v7e-m+fp/hard/libc_nano.a(lib_a-errno.o)
                0x00000000080077a0                __errno
 .text.__libc_init_array
                0x00000000080077ac       0x48 /Applications/STM32CubeIDE.app/Contents/Eclipse/plugins/com.st.stm32cube.ide.mcu.externaltools.gnu-tools-for-stm32.10.3-2021.10.macos64_1.0.0.202111181127/tools/bin/../lib/gcc/arm-none-eabi/10.3.1/../../../../arm-none-eabi/lib/thumb/v7e-m+fp/hard/libc_nano.a(lib_a-init.o)
                0x00000000080077ac                __libc_init_array
 .text.memset   0x00000000080077f4       0x10 /Applications/STM32CubeIDE.app/Contents/Eclipse/plugins/com.st.stm32cube.ide.mcu.externaltools.gnu-tools-for-stm32.10.3-2021.10.macos64_1.0.0.202111181127/tools/bin/../lib/gcc/arm-none-eabi/10.3.1/../../../../arm-none-eabi/lib/thumb/v7e-m+fp/hard/libc_nano.a(lib_a-memset.o)
                0x00000000080077f4                memset
 .text.printf   0x0000000008007804       0x30 /Applications/STM32CubeIDE.app/Contents/Eclipse/plugins/com.st.stm32cube.ide.mcu.externaltools.gnu-tools-for-stm32.10.3-2021.10.macos64_1.0.0.202111181127/tools/bin/../lib/gcc/arm-none-eabi/10.3.1/../../../../arm-none-eabi/lib/thumb/v7e-m+fp/hard/libc_nano.a(lib_a-printf.o)
                0x0000000008007804                printf
                0x0000000008007804                iprintf
 .text._puts_r  0x0000000008007834       0xdc /Applications/STM32CubeIDE.app/Contents/Eclipse/plugins/com.st.stm32cube.ide.mcu.externaltools.gnu-tools-for-stm32.10.3-2021.10.macos64_1.0.0.202111181127/tools/bin/../lib/gcc/arm-none-eabi/10.3.1/../../../../arm-none-eabi/lib/thumb/v7e-m+fp/hard/libc_nano.a(lib_a-puts.o)
                0x0000000008007834                _puts_r
 .text.puts     0x0000000008007910       0x10 /Applications/STM32CubeIDE.app/Contents/Eclipse/plugins/com.st.stm32cube.ide.mcu.externaltools.gnu-tools-for-stm32.10.3-2021.10.macos64_1.0.0.202111181127/tools/bin/../lib/gcc/arm-none-eabi/10.3.1/../../../../arm-none-eabi/lib/thumb/v7e-m+fp/hard/libc_nano.a(lib_a-puts.o)
                0x0000000008007910                puts
 .text.setvbuf  0x0000000008007920      0x18c /Applications/STM32CubeIDE.app/Contents/Eclipse/plugins/com.st.stm32cube.ide.mcu.externaltools.gnu-tools-for-stm32.10.3-2021.10.macos64_1.0.0.202111181127/tools/bin/../lib/gcc/arm-none-eabi/10.3.1/../../../../arm-none-eabi/lib/thumb/v7e-m+fp/hard/libc_nano.a(lib_a-setvbuf.o)
                0x0000000008007920                setvbuf
 .text.__swbuf_r
                0x0000000008007aac       0xa4 /Applications/STM32CubeIDE.app/Contents/Eclipse/plugins/com.st.stm32cube.ide.mcu.externaltools.gnu-tools-for-stm32.10.3-2021.10.macos64_1.0.0.202111181127/tools/bin/../lib/gcc/arm-none-eabi/10.3.1/../../../../arm-none-eabi/lib/thumb/v7e-m+fp/hard/libc_nano.a(lib_a-wbuf.o)
                0x0000000008007aac                __swbuf_r
 .text.__swsetup_r
                0x0000000008007b50       0xdc /Applications/STM32CubeIDE.app/Contents/Eclipse/plugins/com.st.stm32cube.ide.mcu.externaltools.gnu-tools-for-stm32.10.3-2021.10.macos64_1.0.0.202111181127/tools/bin/../lib/gcc/arm-none-eabi/10.3.1/../../../../arm-none-eabi/lib/thumb/v7e-m+fp/hard/libc_nano.a(lib_a-wsetup.o)
                0x0000000008007b50                __swsetup_r
 .text.__sflush_r
                0x0000000008007c2c      0x10c /Applications/STM32CubeIDE.app/Contents/Eclipse/plugins/com.st.stm32cube.ide.mcu.externaltools.gnu-tools-for-stm32.10.3-2021.10.macos64_1.0.0.202111181127/tools/bin/../lib/gcc/arm-none-eabi/10.3.1/../../../../arm-none-eabi/lib/thumb/v7e-m+fp/hard/libc_nano.a(lib_a-fflush.o)
                0x0000000008007c2c                __sflush_r
 .text._fflush_r
                0x0000000008007d38       0x78 /Applications/STM32CubeIDE.app/Contents/Eclipse/plugins/com.st.stm32cube.ide.mcu.externaltools.gnu-tools-for-stm32.10.3-2021.10.macos64_1.0.0.202111181127/tools/bin/../lib/gcc/arm-none-eabi/10.3.1/../../../../arm-none-eabi/lib/thumb/v7e-m+fp/hard/libc_nano.a(lib_a-fflush.o)
                0x0000000008007d38                _fflush_r
 .text.std      0x0000000008007db0       0x48 /Applications/STM32CubeIDE.app/Contents/Eclipse/plugins/com.st.stm32cube.ide.mcu.externaltools.gnu-tools-for-stm32.10.3-2021.10.macos64_1.0.0.202111181127/tools/bin/../lib/gcc/arm-none-eabi/10.3.1/../../../../arm-none-eabi/lib/thumb/v7e-m+fp/hard/libc_nano.a(lib_a-findfp.o)
 .text._cleanup_r
                0x0000000008007df8        0xc /Applications/STM32CubeIDE.app/Contents/Eclipse/plugins/com.st.stm32cube.ide.mcu.externaltools.gnu-tools-for-stm32.10.3-2021.10.macos64_1.0.0.202111181127/tools/bin/../lib/gcc/arm-none-eabi/10.3.1/../../../../arm-none-eabi/lib/thumb/v7e-m+fp/hard/libc_nano.a(lib_a-findfp.o)
                0x0000000008007df8                _cleanup_r
 .text.__sfmoreglue
                0x0000000008007e04       0x2c /Applications/STM32CubeIDE.app/Contents/Eclipse/plugins/com.st.stm32cube.ide.mcu.externaltools.gnu-tools-for-stm32.10.3-2021.10.macos64_1.0.0.202111181127/tools/bin/../lib/gcc/arm-none-eabi/10.3.1/../../../../arm-none-eabi/lib/thumb/v7e-m+fp/hard/libc_nano.a(lib_a-findfp.o)
                0x0000000008007e04                __sfmoreglue
 .text.__sfp_lock_acquire
                0x0000000008007e30        0xc /Applications/STM32CubeIDE.app/Contents/Eclipse/plugins/com.st.stm32cube.ide.mcu.externaltools.gnu-tools-for-stm32.10.3-2021.10.macos64_1.0.0.202111181127/tools/bin/../lib/gcc/arm-none-eabi/10.3.1/../../../../arm-none-eabi/lib/thumb/v7e-m+fp/hard/libc_nano.a(lib_a-findfp.o)
                0x0000000008007e30                __sfp_lock_acquire
 .text.__sfp_lock_release
                0x0000000008007e3c        0xc /Applications/STM32CubeIDE.app/Contents/Eclipse/plugins/com.st.stm32cube.ide.mcu.externaltools.gnu-tools-for-stm32.10.3-2021.10.macos64_1.0.0.202111181127/tools/bin/../lib/gcc/arm-none-eabi/10.3.1/../../../../arm-none-eabi/lib/thumb/v7e-m+fp/hard/libc_nano.a(lib_a-findfp.o)
                0x0000000008007e3c                __sfp_lock_release
 .text.__sinit_lock_acquire
                0x0000000008007e48        0xc /Applications/STM32CubeIDE.app/Contents/Eclipse/plugins/com.st.stm32cube.ide.mcu.externaltools.gnu-tools-for-stm32.10.3-2021.10.macos64_1.0.0.202111181127/tools/bin/../lib/gcc/arm-none-eabi/10.3.1/../../../../arm-none-eabi/lib/thumb/v7e-m+fp/hard/libc_nano.a(lib_a-findfp.o)
                0x0000000008007e48                __sinit_lock_acquire
 .text.__sinit_lock_release
                0x0000000008007e54        0xc /Applications/STM32CubeIDE.app/Contents/Eclipse/plugins/com.st.stm32cube.ide.mcu.externaltools.gnu-tools-for-stm32.10.3-2021.10.macos64_1.0.0.202111181127/tools/bin/../lib/gcc/arm-none-eabi/10.3.1/../../../../arm-none-eabi/lib/thumb/v7e-m+fp/hard/libc_nano.a(lib_a-findfp.o)
                0x0000000008007e54                __sinit_lock_release
 .text.__sinit  0x0000000008007e60       0x70 /Applications/STM32CubeIDE.app/Contents/Eclipse/plugins/com.st.stm32cube.ide.mcu.externaltools.gnu-tools-for-stm32.10.3-2021.10.macos64_1.0.0.202111181127/tools/bin/../lib/gcc/arm-none-eabi/10.3.1/../../../../arm-none-eabi/lib/thumb/v7e-m+fp/hard/libc_nano.a(lib_a-findfp.o)
                0x0000000008007e60                __sinit
 .text.__sfp    0x0000000008007ed0       0x8c /Applications/STM32CubeIDE.app/Contents/Eclipse/plugins/com.st.stm32cube.ide.mcu.externaltools.gnu-tools-for-stm32.10.3-2021.10.macos64_1.0.0.202111181127/tools/bin/../lib/gcc/arm-none-eabi/10.3.1/../../../../arm-none-eabi/lib/thumb/v7e-m+fp/hard/libc_nano.a(lib_a-findfp.o)
                0x0000000008007ed0                __sfp
 .text._fwalk_reent
                0x0000000008007f5c       0x3e /Applications/STM32CubeIDE.app/Contents/Eclipse/plugins/com.st.stm32cube.ide.mcu.externaltools.gnu-tools-for-stm32.10.3-2021.10.macos64_1.0.0.202111181127/tools/bin/../lib/gcc/arm-none-eabi/10.3.1/../../../../arm-none-eabi/lib/thumb/v7e-m+fp/hard/libc_nano.a(lib_a-fwalk.o)
                0x0000000008007f5c                _fwalk_reent
 .text.__retarget_lock_init_recursive
                0x0000000008007f9a        0x2 /Applications/STM32CubeIDE.app/Contents/Eclipse/plugins/com.st.stm32cube.ide.mcu.externaltools.gnu-tools-for-stm32.10.3-2021.10.macos64_1.0.0.202111181127/tools/bin/../lib/gcc/arm-none-eabi/10.3.1/../../../../arm-none-eabi/lib/thumb/v7e-m+fp/hard/libc_nano.a(lib_a-lock.o)
                0x0000000008007f9a                __retarget_lock_init_recursive
 .text.__retarget_lock_acquire_recursive
                0x0000000008007f9c        0x2 /Applications/STM32CubeIDE.app/Contents/Eclipse/plugins/com.st.stm32cube.ide.mcu.externaltools.gnu-tools-for-stm32.10.3-2021.10.macos64_1.0.0.202111181127/tools/bin/../lib/gcc/arm-none-eabi/10.3.1/../../../../arm-none-eabi/lib/thumb/v7e-m+fp/hard/libc_nano.a(lib_a-lock.o)
                0x0000000008007f9c                __retarget_lock_acquire_recursive
 .text.__retarget_lock_release_recursive
                0x0000000008007f9e        0x2 /Applications/STM32CubeIDE.app/Contents/Eclipse/plugins/com.st.stm32cube.ide.mcu.externaltools.gnu-tools-for-stm32.10.3-2021.10.macos64_1.0.0.202111181127/tools/bin/../lib/gcc/arm-none-eabi/10.3.1/../../../../arm-none-eabi/lib/thumb/v7e-m+fp/hard/libc_nano.a(lib_a-lock.o)
                0x0000000008007f9e                __retarget_lock_release_recursive
 .text.__swhatbuf_r
                0x0000000008007fa0       0x4a /Applications/STM32CubeIDE.app/Contents/Eclipse/plugins/com.st.stm32cube.ide.mcu.externaltools.gnu-tools-for-stm32.10.3-2021.10.macos64_1.0.0.202111181127/tools/bin/../lib/gcc/arm-none-eabi/10.3.1/../../../../arm-none-eabi/lib/thumb/v7e-m+fp/hard/libc_nano.a(lib_a-makebuf.o)
                0x0000000008007fa0                __swhatbuf_r
 *fill*         0x0000000008007fea        0x2 
 .text.__smakebuf_r
                0x0000000008007fec       0x80 /Applications/STM32CubeIDE.app/Contents/Eclipse/plugins/com.st.stm32cube.ide.mcu.externaltools.gnu-tools-for-stm32.10.3-2021.10.macos64_1.0.0.202111181127/tools/bin/../lib/gcc/arm-none-eabi/10.3.1/../../../../arm-none-eabi/lib/thumb/v7e-m+fp/hard/libc_nano.a(lib_a-makebuf.o)
                0x0000000008007fec                __smakebuf_r
 .text.malloc   0x000000000800806c       0x10 /Applications/STM32CubeIDE.app/Contents/Eclipse/plugins/com.st.stm32cube.ide.mcu.externaltools.gnu-tools-for-stm32.10.3-2021.10.macos64_1.0.0.202111181127/tools/bin/../lib/gcc/arm-none-eabi/10.3.1/../../../../arm-none-eabi/lib/thumb/v7e-m+fp/hard/libc_nano.a(lib_a-malloc.o)
                0x000000000800806c                malloc
 .text._free_r  0x000000000800807c       0x98 /Applications/STM32CubeIDE.app/Contents/Eclipse/plugins/com.st.stm32cube.ide.mcu.externaltools.gnu-tools-for-stm32.10.3-2021.10.macos64_1.0.0.202111181127/tools/bin/../lib/gcc/arm-none-eabi/10.3.1/../../../../arm-none-eabi/lib/thumb/v7e-m+fp/hard/libc_nano.a(lib_a-nano-freer.o)
                0x000000000800807c                _free_r
 .text.sbrk_aligned
                0x0000000008008114       0x40 /Applications/STM32CubeIDE.app/Contents/Eclipse/plugins/com.st.stm32cube.ide.mcu.externaltools.gnu-tools-for-stm32.10.3-2021.10.macos64_1.0.0.202111181127/tools/bin/../lib/gcc/arm-none-eabi/10.3.1/../../../../arm-none-eabi/lib/thumb/v7e-m+fp/hard/libc_nano.a(lib_a-nano-mallocr.o)
 .text._malloc_r
                0x0000000008008154       0xe8 /Applications/STM32CubeIDE.app/Contents/Eclipse/plugins/com.st.stm32cube.ide.mcu.externaltools.gnu-tools-for-stm32.10.3-2021.10.macos64_1.0.0.202111181127/tools/bin/../lib/gcc/arm-none-eabi/10.3.1/../../../../arm-none-eabi/lib/thumb/v7e-m+fp/hard/libc_nano.a(lib_a-nano-mallocr.o)
                0x0000000008008154                _malloc_r
 .text.__sfputc_r
                0x000000000800823c       0x2e /Applications/STM32CubeIDE.app/Contents/Eclipse/plugins/com.st.stm32cube.ide.mcu.externaltools.gnu-tools-for-stm32.10.3-2021.10.macos64_1.0.0.202111181127/tools/bin/../lib/gcc/arm-none-eabi/10.3.1/../../../../arm-none-eabi/lib/thumb/v7e-m+fp/hard/libc_nano.a(lib_a-nano-vfprintf.o)
 .text.__sfputs_r
                0x000000000800826a       0x24 /Applications/STM32CubeIDE.app/Contents/Eclipse/plugins/com.st.stm32cube.ide.mcu.externaltools.gnu-tools-for-stm32.10.3-2021.10.macos64_1.0.0.202111181127/tools/bin/../lib/gcc/arm-none-eabi/10.3.1/../../../../arm-none-eabi/lib/thumb/v7e-m+fp/hard/libc_nano.a(lib_a-nano-vfprintf.o)
                0x000000000800826a                __sfputs_r
 *fill*         0x000000000800828e        0x2 
 .text._vfprintf_r
                0x0000000008008290      0x260 /Applications/STM32CubeIDE.app/Contents/Eclipse/plugins/com.st.stm32cube.ide.mcu.externaltools.gnu-tools-for-stm32.10.3-2021.10.macos64_1.0.0.202111181127/tools/bin/../lib/gcc/arm-none-eabi/10.3.1/../../../../arm-none-eabi/lib/thumb/v7e-m+fp/hard/libc_nano.a(lib_a-nano-vfprintf.o)
                0x0000000008008290                _vfiprintf_r
                0x0000000008008290                _vfprintf_r
 .text._printf_common
                0x00000000080084f0       0xda /Applications/STM32CubeIDE.app/Contents/Eclipse/plugins/com.st.stm32cube.ide.mcu.externaltools.gnu-tools-for-stm32.10.3-2021.10.macos64_1.0.0.202111181127/tools/bin/../lib/gcc/arm-none-eabi/10.3.1/../../../../arm-none-eabi/lib/thumb/v7e-m+fp/hard/libc_nano.a(lib_a-nano-vfprintf_i.o)
                0x00000000080084f0                _printf_common
 *fill*         0x00000000080085ca        0x2 
 .text._printf_i
                0x00000000080085cc      0x24c /Applications/STM32CubeIDE.app/Contents/Eclipse/plugins/com.st.stm32cube.ide.mcu.externaltools.gnu-tools-for-stm32.10.3-2021.10.macos64_1.0.0.202111181127/tools/bin/../lib/gcc/arm-none-eabi/10.3.1/../../../../arm-none-eabi/lib/thumb/v7e-m+fp/hard/libc_nano.a(lib_a-nano-vfprintf_i.o)
                0x00000000080085cc                _printf_i
 .text._sbrk_r  0x0000000008008818       0x20 /Applications/STM32CubeIDE.app/Contents/Eclipse/plugins/com.st.stm32cube.ide.mcu.externaltools.gnu-tools-for-stm32.10.3-2021.10.macos64_1.0.0.202111181127/tools/bin/../lib/gcc/arm-none-eabi/10.3.1/../../../../arm-none-eabi/lib/thumb/v7e-m+fp/hard/libc_nano.a(lib_a-sbrkr.o)
                0x0000000008008818                _sbrk_r
 .text.__sread  0x0000000008008838       0x22 /Applications/STM32CubeIDE.app/Contents/Eclipse/plugins/com.st.stm32cube.ide.mcu.externaltools.gnu-tools-for-stm32.10.3-2021.10.macos64_1.0.0.202111181127/tools/bin/../lib/gcc/arm-none-eabi/10.3.1/../../../../arm-none-eabi/lib/thumb/v7e-m+fp/hard/libc_nano.a(lib_a-stdio.o)
                0x0000000008008838                __sread
 .text.__swrite
                0x000000000800885a       0x38 /Applications/STM32CubeIDE.app/Contents/Eclipse/plugins/com.st.stm32cube.ide.mcu.externaltools.gnu-tools-for-stm32.10.3-2021.10.macos64_1.0.0.202111181127/tools/bin/../lib/gcc/arm-none-eabi/10.3.1/../../../../arm-none-eabi/lib/thumb/v7e-m+fp/hard/libc_nano.a(lib_a-stdio.o)
                0x000000000800885a                __swrite
 .text.__sseek  0x0000000008008892       0x24 /Applications/STM32CubeIDE.app/Contents/Eclipse/plugins/com.st.stm32cube.ide.mcu.externaltools.gnu-tools-for-stm32.10.3-2021.10.macos64_1.0.0.202111181127/tools/bin/../lib/gcc/arm-none-eabi/10.3.1/../../../../arm-none-eabi/lib/thumb/v7e-m+fp/hard/libc_nano.a(lib_a-stdio.o)
                0x0000000008008892                __sseek
 .text.__sclose
                0x00000000080088b6        0x8 /Applications/STM32CubeIDE.app/Contents/Eclipse/plugins/com.st.stm32cube.ide.mcu.externaltools.gnu-tools-for-stm32.10.3-2021.10.macos64_1.0.0.202111181127/tools/bin/../lib/gcc/arm-none-eabi/10.3.1/../../../../arm-none-eabi/lib/thumb/v7e-m+fp/hard/libc_nano.a(lib_a-stdio.o)
                0x00000000080088b6                __sclose
 *fill*         0x00000000080088be        0x2 
 .text._write_r
                0x00000000080088c0       0x24 /Applications/STM32CubeIDE.app/Contents/Eclipse/plugins/com.st.stm32cube.ide.mcu.externaltools.gnu-tools-for-stm32.10.3-2021.10.macos64_1.0.0.202111181127/tools/bin/../lib/gcc/arm-none-eabi/10.3.1/../../../../arm-none-eabi/lib/thumb/v7e-m+fp/hard/libc_nano.a(lib_a-writer.o)
                0x00000000080088c0                _write_r
 .text._close_r
                0x00000000080088e4       0x20 /Applications/STM32CubeIDE.app/Contents/Eclipse/plugins/com.st.stm32cube.ide.mcu.externaltools.gnu-tools-for-stm32.10.3-2021.10.macos64_1.0.0.202111181127/tools/bin/../lib/gcc/arm-none-eabi/10.3.1/../../../../arm-none-eabi/lib/thumb/v7e-m+fp/hard/libc_nano.a(lib_a-closer.o)
                0x00000000080088e4                _close_r
 .text._fstat_r
                0x0000000008008904       0x24 /Applications/STM32CubeIDE.app/Contents/Eclipse/plugins/com.st.stm32cube.ide.mcu.externaltools.gnu-tools-for-stm32.10.3-2021.10.macos64_1.0.0.202111181127/tools/bin/../lib/gcc/arm-none-eabi/10.3.1/../../../../arm-none-eabi/lib/thumb/v7e-m+fp/hard/libc_nano.a(lib_a-fstatr.o)
                0x0000000008008904                _fstat_r
 .text._isatty_r
                0x0000000008008928       0x20 /Applications/STM32CubeIDE.app/Contents/Eclipse/plugins/com.st.stm32cube.ide.mcu.externaltools.gnu-tools-for-stm32.10.3-2021.10.macos64_1.0.0.202111181127/tools/bin/../lib/gcc/arm-none-eabi/10.3.1/../../../../arm-none-eabi/lib/thumb/v7e-m+fp/hard/libc_nano.a(lib_a-isattyr.o)
                0x0000000008008928                _isatty_r
 .text._lseek_r
                0x0000000008008948       0x24 /Applications/STM32CubeIDE.app/Contents/Eclipse/plugins/com.st.stm32cube.ide.mcu.externaltools.gnu-tools-for-stm32.10.3-2021.10.macos64_1.0.0.202111181127/tools/bin/../lib/gcc/arm-none-eabi/10.3.1/../../../../arm-none-eabi/lib/thumb/v7e-m+fp/hard/libc_nano.a(lib_a-lseekr.o)
                0x0000000008008948                _lseek_r
 .text.__malloc_lock
                0x000000000800896c        0xc /Applications/STM32CubeIDE.app/Contents/Eclipse/plugins/com.st.stm32cube.ide.mcu.externaltools.gnu-tools-for-stm32.10.3-2021.10.macos64_1.0.0.202111181127/tools/bin/../lib/gcc/arm-none-eabi/10.3.1/../../../../arm-none-eabi/lib/thumb/v7e-m+fp/hard/libc_nano.a(lib_a-mlock.o)
                0x000000000800896c                __malloc_lock
 .text.__malloc_unlock
                0x0000000008008978        0xc /Applications/STM32CubeIDE.app/Contents/Eclipse/plugins/com.st.stm32cube.ide.mcu.externaltools.gnu-tools-for-stm32.10.3-2021.10.macos64_1.0.0.202111181127/tools/bin/../lib/gcc/arm-none-eabi/10.3.1/../../../../arm-none-eabi/lib/thumb/v7e-m+fp/hard/libc_nano.a(lib_a-mlock.o)
                0x0000000008008978                __malloc_unlock
 .text._read_r  0x0000000008008984       0x24 /Applications/STM32CubeIDE.app/Contents/Eclipse/plugins/com.st.stm32cube.ide.mcu.externaltools.gnu-tools-for-stm32.10.3-2021.10.macos64_1.0.0.202111181127/tools/bin/../lib/gcc/arm-none-eabi/10.3.1/../../../../arm-none-eabi/lib/thumb/v7e-m+fp/hard/libc_nano.a(lib_a-readr.o)
                0x0000000008008984                _read_r
 .text._sbrk    0x00000000080089a8       0x1c /Applications/STM32CubeIDE.app/Contents/Eclipse/plugins/com.st.stm32cube.ide.mcu.externaltools.gnu-tools-for-stm32.10.3-2021.10.macos64_1.0.0.202111181127/tools/bin/../lib/gcc/arm-none-eabi/10.3.1/../../../../arm-none-eabi/lib/thumb/v7e-m+fp/hard/libnosys.a(sbrk.o)
                0x00000000080089a8                _sbrk
 *(.glue_7)
 .glue_7        0x00000000080089c4        0x0 linker stubs
 *(.glue_7t)
 .glue_7t       0x00000000080089c4        0x0 linker stubs
 *(.eh_frame)
 .eh_frame      0x00000000080089c4        0x0 /Applications/STM32CubeIDE.app/Contents/Eclipse/plugins/com.st.stm32cube.ide.mcu.externaltools.gnu-tools-for-stm32.10.3-2021.10.macos64_1.0.0.202111181127/tools/bin/../lib/gcc/arm-none-eabi/10.3.1/thumb/v7e-m+fp/hard/crtbegin.o
 *(.init)
 .init          0x00000000080089c4        0x4 /Applications/STM32CubeIDE.app/Contents/Eclipse/plugins/com.st.stm32cube.ide.mcu.externaltools.gnu-tools-for-stm32.10.3-2021.10.macos64_1.0.0.202111181127/tools/bin/../lib/gcc/arm-none-eabi/10.3.1/thumb/v7e-m+fp/hard/crti.o
                0x00000000080089c4                _init
 .init          0x00000000080089c8        0x8 /Applications/STM32CubeIDE.app/Contents/Eclipse/plugins/com.st.stm32cube.ide.mcu.externaltools.gnu-tools-for-stm32.10.3-2021.10.macos64_1.0.0.202111181127/tools/bin/../lib/gcc/arm-none-eabi/10.3.1/thumb/v7e-m+fp/hard/crtn.o
 *(.fini)
 .fini          0x00000000080089d0        0x4 /Applications/STM32CubeIDE.app/Contents/Eclipse/plugins/com.st.stm32cube.ide.mcu.externaltools.gnu-tools-for-stm32.10.3-2021.10.macos64_1.0.0.202111181127/tools/bin/../lib/gcc/arm-none-eabi/10.3.1/thumb/v7e-m+fp/hard/crti.o
                0x00000000080089d0                _fini
 .fini          0x00000000080089d4        0x8 /Applications/STM32CubeIDE.app/Contents/Eclipse/plugins/com.st.stm32cube.ide.mcu.externaltools.gnu-tools-for-stm32.10.3-2021.10.macos64_1.0.0.202111181127/tools/bin/../lib/gcc/arm-none-eabi/10.3.1/thumb/v7e-m+fp/hard/crtn.o
                0x00000000080089dc                . = ALIGN (0x4)
                0x00000000080089dc                _etext = .

.vfp11_veneer   0x00000000080089dc        0x0
 .vfp11_veneer  0x00000000080089dc        0x0 linker stubs

.v4_bx          0x00000000080089dc        0x0
 .v4_bx         0x00000000080089dc        0x0 linker stubs

.iplt           0x00000000080089dc        0x0
 .iplt          0x00000000080089dc        0x0 /Applications/STM32CubeIDE.app/Contents/Eclipse/plugins/com.st.stm32cube.ide.mcu.externaltools.gnu-tools-for-stm32.10.3-2021.10.macos64_1.0.0.202111181127/tools/bin/../lib/gcc/arm-none-eabi/10.3.1/thumb/v7e-m+fp/hard/crtbegin.o

.rodata         0x00000000080089dc    0x2f524
                0x00000000080089dc                . = ALIGN (0x4)
 *(.rodata)
 .rodata        0x00000000080089dc        0x8 ./Drivers/BSP/STM32F429I-Discovery/stm32f429i_discovery.o
                0x00000000080089dc                GPIO_PIN
                0x00000000080089e0                BUTTON_IRQn
                0x00000000080089e2                BUTTON_PIN
 .rodata        0x00000000080089e4     0x3cdc ./Drivers/BSP/STM32F429I-Discovery/stm32f429i_discovery_lcd.o
                0x00000000080089e4                Font8_Table
                0x0000000008008cdc                Font12_Table
                0x0000000008009150                Font16_Table
                0x0000000008009d30                Font20_Table
                0x000000000800ac08                Font24_Table
 .rodata        0x000000000800c6c0       0x18 ./Drivers/CMSIS/system_stm32f4xx.o
                0x000000000800c6c0                AHBPrescTable
                0x000000000800c6d0                APBPrescTable
 .rodata        0x000000000800c6d8        0x8 ./Drivers/STM32F4xx_HAL_Driver/stm32f4xx_hal_dma.o
 .rodata        0x000000000800c6e0       0x18 ./Example/User/lcd.o
 .rodata        0x000000000800c6f8    0x2b46c ./Example/User/main.o
                0x000000000800c6f8                bmimg_hisa
                0x000000000800c704                RFIDcodes
                0x000000000800c728                RFIDcodesSize16
                0x000000000800c738                cKEYA
                0x000000000800c740                stlogo
                0x000000000800eb18                bmimg_hisa888
                0x000000000800eb24                hisa888
                0x00000000080274e4                hisa
 *(.rodata*)
 .rodata.str1.1
                0x0000000008037b64       0x25 ./Example/User/RFID-tag.o
 .rodata.str1.1
                0x0000000008037b89       0xa1 ./Example/User/lcd.o
 .rodata.str1.1
                0x0000000008037c2a       0x38 ./Example/User/log.o
 .rodata.str1.1
                0x0000000008037c62       0xc5 ./Example/User/main.o
 .rodata.str1.1
                0x0000000008037d27       0x7e ./Example/User/mems.o
 .rodata.str1.1
                0x0000000008037da5       0x71 ./Example/User/touchscreen.o
                                         0x83 (size before relaxing)
 .rodata.str1.1
                0x0000000008037e16       0x52 ./Example/User/ts_calibration.o
                                         0x7a (size before relaxing)
 .rodata._global_impure_ptr
                0x0000000008037e68        0x4 /Applications/STM32CubeIDE.app/Contents/Eclipse/plugins/com.st.stm32cube.ide.mcu.externaltools.gnu-tools-for-stm32.10.3-2021.10.macos64_1.0.0.202111181127/tools/bin/../lib/gcc/arm-none-eabi/10.3.1/../../../../arm-none-eabi/lib/thumb/v7e-m+fp/hard/libc_nano.a(lib_a-impure.o)
                0x0000000008037e68                _global_impure_ptr
 .rodata.__sf_fake_stderr
                0x0000000008037e6c       0x20 /Applications/STM32CubeIDE.app/Contents/Eclipse/plugins/com.st.stm32cube.ide.mcu.externaltools.gnu-tools-for-stm32.10.3-2021.10.macos64_1.0.0.202111181127/tools/bin/../lib/gcc/arm-none-eabi/10.3.1/../../../../arm-none-eabi/lib/thumb/v7e-m+fp/hard/libc_nano.a(lib_a-findfp.o)
                0x0000000008037e6c                __sf_fake_stderr
 .rodata.__sf_fake_stdin
                0x0000000008037e8c       0x20 /Applications/STM32CubeIDE.app/Contents/Eclipse/plugins/com.st.stm32cube.ide.mcu.externaltools.gnu-tools-for-stm32.10.3-2021.10.macos64_1.0.0.202111181127/tools/bin/../lib/gcc/arm-none-eabi/10.3.1/../../../../arm-none-eabi/lib/thumb/v7e-m+fp/hard/libc_nano.a(lib_a-findfp.o)
                0x0000000008037e8c                __sf_fake_stdin
 .rodata.__sf_fake_stdout
                0x0000000008037eac       0x20 /Applications/STM32CubeIDE.app/Contents/Eclipse/plugins/com.st.stm32cube.ide.mcu.externaltools.gnu-tools-for-stm32.10.3-2021.10.macos64_1.0.0.202111181127/tools/bin/../lib/gcc/arm-none-eabi/10.3.1/../../../../arm-none-eabi/lib/thumb/v7e-m+fp/hard/libc_nano.a(lib_a-findfp.o)
                0x0000000008037eac                __sf_fake_stdout
 .rodata._vfprintf_r.str1.1
                0x0000000008037ecc       0x11 /Applications/STM32CubeIDE.app/Contents/Eclipse/plugins/com.st.stm32cube.ide.mcu.externaltools.gnu-tools-for-stm32.10.3-2021.10.macos64_1.0.0.202111181127/tools/bin/../lib/gcc/arm-none-eabi/10.3.1/../../../../arm-none-eabi/lib/thumb/v7e-m+fp/hard/libc_nano.a(lib_a-nano-vfprintf.o)
 .rodata._printf_i.str1.1
                0x0000000008037edd       0x22 /Applications/STM32CubeIDE.app/Contents/Eclipse/plugins/com.st.stm32cube.ide.mcu.externaltools.gnu-tools-for-stm32.10.3-2021.10.macos64_1.0.0.202111181127/tools/bin/../lib/gcc/arm-none-eabi/10.3.1/../../../../arm-none-eabi/lib/thumb/v7e-m+fp/hard/libc_nano.a(lib_a-nano-vfprintf_i.o)
                0x0000000008037f00                . = ALIGN (0x4)
 *fill*         0x0000000008037eff        0x1 

.ARM.extab
 *(.ARM.extab* .gnu.linkonce.armextab.*)

.ARM            0x0000000008037f00        0x8
                0x0000000008037f00                __exidx_start = .
 *(.ARM.exidx*)
 .ARM.exidx     0x0000000008037f00        0x8 /Applications/STM32CubeIDE.app/Contents/Eclipse/plugins/com.st.stm32cube.ide.mcu.externaltools.gnu-tools-for-stm32.10.3-2021.10.macos64_1.0.0.202111181127/tools/bin/../lib/gcc/arm-none-eabi/10.3.1/thumb/v7e-m+fp/hard/libgcc.a(_udivmoddi4.o)
                0x0000000008037f08                __exidx_end = .

.rel.dyn        0x0000000008037f08        0x0
 .rel.iplt      0x0000000008037f08        0x0 /Applications/STM32CubeIDE.app/Contents/Eclipse/plugins/com.st.stm32cube.ide.mcu.externaltools.gnu-tools-for-stm32.10.3-2021.10.macos64_1.0.0.202111181127/tools/bin/../lib/gcc/arm-none-eabi/10.3.1/thumb/v7e-m+fp/hard/crtbegin.o

.preinit_array  0x0000000008037f08        0x0
                0x0000000008037f08                PROVIDE (__preinit_array_start = .)
 *(.preinit_array*)
                0x0000000008037f08                PROVIDE (__preinit_array_end = .)

.init_array     0x0000000008037f08        0x4
                0x0000000008037f08                PROVIDE (__init_array_start = .)
 *(SORT_BY_NAME(.init_array.*))
 *(.init_array*)
 .init_array    0x0000000008037f08        0x4 /Applications/STM32CubeIDE.app/Contents/Eclipse/plugins/com.st.stm32cube.ide.mcu.externaltools.gnu-tools-for-stm32.10.3-2021.10.macos64_1.0.0.202111181127/tools/bin/../lib/gcc/arm-none-eabi/10.3.1/thumb/v7e-m+fp/hard/crtbegin.o
                0x0000000008037f0c                PROVIDE (__init_array_end = .)

.fini_array     0x0000000008037f0c        0x4
                [!provide]                        PROVIDE (__fini_array_start = .)
 *(SORT_BY_NAME(.fini_array.*))
 *(.fini_array*)
 .fini_array    0x0000000008037f0c        0x4 /Applications/STM32CubeIDE.app/Contents/Eclipse/plugins/com.st.stm32cube.ide.mcu.externaltools.gnu-tools-for-stm32.10.3-2021.10.macos64_1.0.0.202111181127/tools/bin/../lib/gcc/arm-none-eabi/10.3.1/thumb/v7e-m+fp/hard/crtbegin.o
                [!provide]                        PROVIDE (__fini_array_end = .)
                0x0000000008037f10                _sidata = LOADADDR (.data)

.data           0x0000000020000000      0x284 load address 0x0000000008037f10
                0x0000000020000000                . = ALIGN (0x4)
                0x0000000020000000                _sdata = .
 *(.data)
 .data          0x0000000020000000       0x38 ./Drivers/BSP/Components/ili9341.o
                0x0000000020000000                ili9341_drv
 .data          0x0000000020000038       0x34 ./Drivers/BSP/Components/l3gd20.o
                0x0000000020000038                L3gd20Drv
 .data          0x000000002000006c       0x54 ./Drivers/BSP/Components/stmpe811.o
                0x000000002000006c                stmpe811_io_drv
                0x0000000020000098                stmpe811_ts_drv
 .data          0x00000000200000c0       0x14 ./Drivers/BSP/STM32F429I-Discovery/stm32f429i_discovery.o
                0x00000000200000c0                SpixTimeout
                0x00000000200000c4                GPIO_PORT
                0x00000000200000cc                BUTTON_PORT
                0x00000000200000d0                I2cxTimeout
 .data          0x00000000200000d4       0x28 ./Drivers/BSP/STM32F429I-Discovery/stm32f429i_discovery_lcd.o
                0x00000000200000d4                Font24
                0x00000000200000dc                Font8
                0x00000000200000e4                Font12
                0x00000000200000ec                Font16
                0x00000000200000f4                Font20
 .data          0x00000000200000fc        0x1 ./Drivers/BSP/STM32F429I-Discovery/stm32f429i_discovery_sdram.o
 *fill*         0x00000000200000fd        0x3 
 .data          0x0000000020000100        0x4 ./Drivers/CMSIS/system_stm32f4xx.o
                0x0000000020000100                SystemCoreClock
 .data          0x0000000020000104        0x8 ./Drivers/STM32F4xx_HAL_Driver/stm32f4xx_hal.o
                0x0000000020000104                uwTickFreq
                0x0000000020000108                uwTickPrio
 .data          0x000000002000010c      0x114 ./Example/User/main.o
                0x000000002000010c                sNames
                0x0000000020000130                BSP_examples
 *(.data*)
 .data._impure_ptr
                0x0000000020000220        0x4 /Applications/STM32CubeIDE.app/Contents/Eclipse/plugins/com.st.stm32cube.ide.mcu.externaltools.gnu-tools-for-stm32.10.3-2021.10.macos64_1.0.0.202111181127/tools/bin/../lib/gcc/arm-none-eabi/10.3.1/../../../../arm-none-eabi/lib/thumb/v7e-m+fp/hard/libc_nano.a(lib_a-impure.o)
                0x0000000020000220                _impure_ptr
 .data.impure_data
                0x0000000020000224       0x60 /Applications/STM32CubeIDE.app/Contents/Eclipse/plugins/com.st.stm32cube.ide.mcu.externaltools.gnu-tools-for-stm32.10.3-2021.10.macos64_1.0.0.202111181127/tools/bin/../lib/gcc/arm-none-eabi/10.3.1/../../../../arm-none-eabi/lib/thumb/v7e-m+fp/hard/libc_nano.a(lib_a-impure.o)
                0x0000000020000284                . = ALIGN (0x4)
                0x0000000020000284                _edata = .
                0x0000000008038194                _siccmram = LOADADDR (.ccmram)

.igot.plt       0x0000000020000284        0x0 load address 0x0000000008038194
 .igot.plt      0x0000000020000284        0x0 /Applications/STM32CubeIDE.app/Contents/Eclipse/plugins/com.st.stm32cube.ide.mcu.externaltools.gnu-tools-for-stm32.10.3-2021.10.macos64_1.0.0.202111181127/tools/bin/../lib/gcc/arm-none-eabi/10.3.1/thumb/v7e-m+fp/hard/crtbegin.o

.ccmram         0x0000000010000000        0x0 load address 0x0000000008038194
                0x0000000010000000                . = ALIGN (0x4)
                0x0000000010000000                _sccmram = .
 *(.ccmram)
 *(.ccmram*)
                0x0000000010000000                . = ALIGN (0x4)
                0x0000000010000000                _eccmram = .
                0x0000000010000000                . = ALIGN (0x4)

.bss            0x0000000020000284     0x4508
                0x0000000020000284                _sbss = .
                0x0000000020000284                __bss_start__ = _sbss
 *(.bss)
 .bss           0x0000000020000284       0x1c /Applications/STM32CubeIDE.app/Contents/Eclipse/plugins/com.st.stm32cube.ide.mcu.externaltools.gnu-tools-for-stm32.10.3-2021.10.macos64_1.0.0.202111181127/tools/bin/../lib/gcc/arm-none-eabi/10.3.1/thumb/v7e-m+fp/hard/crtbegin.o
 .bss           0x00000000200002a0        0x2 ./Drivers/BSP/Components/stmpe811.o
                0x00000000200002a0                stmpe811
 *fill*         0x00000000200002a2        0x2 
 .bss           0x00000000200002a4       0xad ./Drivers/BSP/STM32F429I-Discovery/stm32f429i_discovery.o