Archive member included to satisfy reference by file (symbol)

/Applications/STM32CubeIDE.app/Contents/Eclipse/plugins/com.st.stm32cube.ide.mcu.externaltools.gnu-tools-for-stm32.9-2020-q2-update.macos64_2.0.0.202105311346/tools/bin/../lib/gcc/arm-none-eabi/9.3.1/../../../../arm-none-eabi/lib/thumb/v7e-m+fp/hard/libc_nano.a(lib_a-errno.o)
                              ./Example/User/retarget.o (__errno)
/Applications/STM32CubeIDE.app/Contents/Eclipse/plugins/com.st.stm32cube.ide.mcu.externaltools.gnu-tools-for-stm32.9-2020-q2-update.macos64_2.0.0.202105311346/tools/bin/../lib/gcc/arm-none-eabi/9.3.1/../../../../arm-none-eabi/lib/thumb/v7e-m+fp/hard/libc_nano.a(lib_a-exit.o)
                              /Applications/STM32CubeIDE.app/Contents/Eclipse/plugins/com.st.stm32cube.ide.mcu.externaltools.gnu-tools-for-stm32.9-2020-q2-update.macos64_2.0.0.202105311346/tools/bin/../lib/gcc/arm-none-eabi/9.3.1/../../../../arm-none-eabi/lib/thumb/v7e-m+fp/hard/crt0.o (exit)
/Applications/STM32CubeIDE.app/Contents/Eclipse/plugins/com.st.stm32cube.ide.mcu.externaltools.gnu-tools-for-stm32.9-2020-q2-update.macos64_2.0.0.202105311346/tools/bin/../lib/gcc/arm-none-eabi/9.3.1/../../../../arm-none-eabi/lib/thumb/v7e-m+fp/hard/libc_nano.a(lib_a-impure.o)
                              /Applications/STM32CubeIDE.app/Contents/Eclipse/plugins/com.st.stm32cube.ide.mcu.externaltools.gnu-tools-for-stm32.9-2020-q2-update.macos64_2.0.0.202105311346/tools/bin/../lib/gcc/arm-none-eabi/9.3.1/../../../../arm-none-eabi/lib/thumb/v7e-m+fp/hard/libc_nano.a(lib_a-exit.o) (_global_impure_ptr)
/Applications/STM32CubeIDE.app/Contents/Eclipse/plugins/com.st.stm32cube.ide.mcu.externaltools.gnu-tools-for-stm32.9-2020-q2-update.macos64_2.0.0.202105311346/tools/bin/../lib/gcc/arm-none-eabi/9.3.1/../../../../arm-none-eabi/lib/thumb/v7e-m+fp/hard/libc_nano.a(lib_a-init.o)
                              /Applications/STM32CubeIDE.app/Contents/Eclipse/plugins/com.st.stm32cube.ide.mcu.externaltools.gnu-tools-for-stm32.9-2020-q2-update.macos64_2.0.0.202105311346/tools/bin/../lib/gcc/arm-none-eabi/9.3.1/../../../../arm-none-eabi/lib/thumb/v7e-m+fp/hard/crt0.o (__libc_init_array)
/Applications/STM32CubeIDE.app/Contents/Eclipse/plugins/com.st.stm32cube.ide.mcu.externaltools.gnu-tools-for-stm32.9-2020-q2-update.macos64_2.0.0.202105311346/tools/bin/../lib/gcc/arm-none-eabi/9.3.1/../../../../arm-none-eabi/lib/thumb/v7e-m+fp/hard/libc_nano.a(lib_a-memcpy-stub.o)
                              ./Example/User/MFRC522.o (memcpy)
/Applications/STM32CubeIDE.app/Contents/Eclipse/plugins/com.st.stm32cube.ide.mcu.externaltools.gnu-tools-for-stm32.9-2020-q2-update.macos64_2.0.0.202105311346/tools/bin/../lib/gcc/arm-none-eabi/9.3.1/../../../../arm-none-eabi/lib/thumb/v7e-m+fp/hard/libc_nano.a(lib_a-memset.o)
                              /Applications/STM32CubeIDE.app/Contents/Eclipse/plugins/com.st.stm32cube.ide.mcu.externaltools.gnu-tools-for-stm32.9-2020-q2-update.macos64_2.0.0.202105311346/tools/bin/../lib/gcc/arm-none-eabi/9.3.1/../../../../arm-none-eabi/lib/thumb/v7e-m+fp/hard/crt0.o (memset)
/Applications/STM32CubeIDE.app/Contents/Eclipse/plugins/com.st.stm32cube.ide.mcu.externaltools.gnu-tools-for-stm32.9-2020-q2-update.macos64_2.0.0.202105311346/tools/bin/../lib/gcc/arm-none-eabi/9.3.1/../../../../arm-none-eabi/lib/thumb/v7e-m+fp/hard/libc_nano.a(lib_a-printf.o)
                              ./Example/User/RFID-tag.o (printf)
/Applications/STM32CubeIDE.app/Contents/Eclipse/plugins/com.st.stm32cube.ide.mcu.externaltools.gnu-tools-for-stm32.9-2020-q2-update.macos64_2.0.0.202105311346/tools/bin/../lib/gcc/arm-none-eabi/9.3.1/../../../../arm-none-eabi/lib/thumb/v7e-m+fp/hard/libc_nano.a(lib_a-puts.o)
                              ./Example/User/main.o (puts)
/Applications/STM32CubeIDE.app/Contents/Eclipse/plugins/com.st.stm32cube.ide.mcu.externaltools.gnu-tools-for-stm32.9-2020-q2-update.macos64_2.0.0.202105311346/tools/bin/../lib/gcc/arm-none-eabi/9.3.1/../../../../arm-none-eabi/lib/thumb/v7e-m+fp/hard/libc_nano.a(lib_a-setvbuf.o)
                              ./Example/User/retarget.o (setvbuf)
/Applications/STM32CubeIDE.app/Contents/Eclipse/plugins/com.st.stm32cube.ide.mcu.externaltools.gnu-tools-for-stm32.9-2020-q2-update.macos64_2.0.0.202105311346/tools/bin/../lib/gcc/arm-none-eabi/9.3.1/../../../../arm-none-eabi/lib/thumb/v7e-m+fp/hard/libc_nano.a(lib_a-strcpy.o)
                              ./Example/User/RFID-tag.o (strcpy)
/Applications/STM32CubeIDE.app/Contents/Eclipse/plugins/com.st.stm32cube.ide.mcu.externaltools.gnu-tools-for-stm32.9-2020-q2-update.macos64_2.0.0.202105311346/tools/bin/../lib/gcc/arm-none-eabi/9.3.1/../../../../arm-none-eabi/lib/thumb/v7e-m+fp/hard/libc_nano.a(lib_a-strlen.o)
                              ./Example/User/RFID-tag.o (strlen)
[...]
Memory Configuration

Name             Origin             Length             Attributes
FLASH            0x0000000008000000 0x0000000000200000 xr
RAM              0x0000000020000000 0x0000000000030000 xrw
CCMRAM           0x0000000010000000 0x0000000000010000 rw
*default*        0x0000000000000000 0xffffffffffffffff

Linker script and memory map

LOAD /Applications/STM32CubeIDE.app/Contents/Eclipse/plugins/com.st.stm32cube.ide.mcu.externaltools.gnu-tools-for-stm32.9-2020-q2-update.macos64_2.0.0.202105311346/tools/bin/../lib/gcc/arm-none-eabi/9.3.1/thumb/v7e-m+fp/hard/crti.o
LOAD /Applications/STM32CubeIDE.app/Contents/Eclipse/plugins/com.st.stm32cube.ide.mcu.externaltools.gnu-tools-for-stm32.9-2020-q2-update.macos64_2.0.0.202105311346/tools/bin/../lib/gcc/arm-none-eabi/9.3.1/thumb/v7e-m+fp/hard/crtbegin.o
LOAD /Applications/STM32CubeIDE.app/Contents/Eclipse/plugins/com.st.stm32cube.ide.mcu.externaltools.gnu-tools-for-stm32.9-2020-q2-update.macos64_2.0.0.202105311346/tools/bin/../lib/gcc/arm-none-eabi/9.3.1/../../../../arm-none-eabi/lib/thumb/v7e-m+fp/hard/crt0.o
LOAD ./Drivers/BSP/Components/ili9341.o
LOAD ./Drivers/BSP/Components/l3gd20.o
LOAD ./Drivers/BSP/Components/stmpe811.o
LOAD ./Drivers/BSP/STM32F429I-Discovery/stm32f429i_discovery.o
LOAD ./Drivers/BSP/STM32F429I-Discovery/stm32f429i_discovery_eeprom.o
LOAD ./Drivers/BSP/STM32F429I-Discovery/stm32f429i_discovery_gyroscope.o
LOAD ./Drivers/BSP/STM32F429I-Discovery/stm32f429i_discovery_io.o
LOAD ./Drivers/BSP/STM32F429I-Discovery/stm32f429i_discovery_lcd.o
LOAD ./Drivers/BSP/STM32F429I-Discovery/stm32f429i_discovery_sdram.o
LOAD ./Drivers/BSP/STM32F429I-Discovery/stm32f429i_discovery_ts.o
LOAD ./Drivers/CMSIS/system_stm32f4xx.o
LOAD ./Drivers/STM32F4xx_HAL_Driver/stm32f4xx_hal.o
LOAD ./Drivers/STM32F4xx_HAL_Driver/stm32f4xx_hal_cortex.o
LOAD ./Drivers/STM32F4xx_HAL_Driver/stm32f4xx_hal_dma.o
LOAD ./Drivers/STM32F4xx_HAL_Driver/stm32f4xx_hal_dma2d.o
LOAD ./Drivers/STM32F4xx_HAL_Driver/stm32f4xx_hal_flash.o
LOAD ./Drivers/STM32F4xx_HAL_Driver/stm32f4xx_hal_flash_ex.o
LOAD ./Drivers/STM32F4xx_HAL_Driver/stm32f4xx_hal_gpio.o
LOAD ./Drivers/STM32F4xx_HAL_Driver/stm32f4xx_hal_hcd.o
LOAD ./Drivers/STM32F4xx_HAL_Driver/stm32f4xx_hal_i2c.o
LOAD ./Drivers/STM32F4xx_HAL_Driver/stm32f4xx_hal_i2c_ex.o
LOAD ./Drivers/STM32F4xx_HAL_Driver/stm32f4xx_hal_ltdc.o
LOAD ./Drivers/STM32F4xx_HAL_Driver/stm32f4xx_hal_pcd.o
LOAD ./Drivers/STM32F4xx_HAL_Driver/stm32f4xx_hal_pwr.o
LOAD ./Drivers/STM32F4xx_HAL_Driver/stm32f4xx_hal_pwr_ex.o
LOAD ./Drivers/STM32F4xx_HAL_Driver/stm32f4xx_hal_rcc.o
LOAD ./Drivers/STM32F4xx_HAL_Driver/stm32f4xx_hal_rcc_ex.o
LOAD ./Drivers/STM32F4xx_HAL_Driver/stm32f4xx_hal_sdram.o
LOAD ./Drivers/STM32F4xx_HAL_Driver/stm32f4xx_hal_spi.o
LOAD ./Drivers/STM32F4xx_HAL_Driver/stm32f4xx_hal_uart.o
LOAD ./Drivers/STM32F4xx_HAL_Driver/stm32f4xx_hal_usart.o
LOAD ./Drivers/STM32F4xx_HAL_Driver/stm32f4xx_ll_fmc.o
LOAD ./Example/SW4STM32/startup_stm32f429xx.o
LOAD ./Example/User/GPIO.o
LOAD ./Example/User/MFRC522.o
LOAD ./Example/User/RFID-tag.o
LOAD ./Example/User/SPI.o
LOAD ./Example/User/UART.o
LOAD ./Example/User/lcd.o
LOAD ./Example/User/log.o
LOAD ./Example/User/main.o
LOAD ./Example/User/mems.o
LOAD ./Example/User/retarget.o
LOAD ./Example/User/stm32f4xx_hal_msp_spi.o
LOAD ./Example/User/stm32f4xx_hal_msp_uart.o
LOAD ./Example/User/stm32f4xx_it.o
LOAD ./Example/User/touchscreen.o
LOAD ./Example/User/ts_calibration.o
LOAD ./Example/Utilities/lcd_log.o
START GROUP
LOAD /Applications/STM32CubeIDE.app/Contents/Eclipse/plugins/com.st.stm32cube.ide.mcu.externaltools.gnu-tools-for-stm32.9-2020-q2-update.macos64_2.0.0.202105311346/tools/bin/../lib/gcc/arm-none-eabi/9.3.1/../../../../arm-none-eabi/lib/thumb/v7e-m+fp/hard/libc_nano.a
LOAD /Applications/STM32CubeIDE.app/Contents/Eclipse/plugins/com.st.stm32cube.ide.mcu.externaltools.gnu-tools-for-stm32.9-2020-q2-update.macos64_2.0.0.202105311346/tools/bin/../lib/gcc/arm-none-eabi/9.3.1/../../../../arm-none-eabi/lib/thumb/v7e-m+fp/hard/libm.a
END GROUP
START GROUP
LOAD /Applications/STM32CubeIDE.app/Contents/Eclipse/plugins/com.st.stm32cube.ide.mcu.externaltools.gnu-tools-for-stm32.9-2020-q2-update.macos64_2.0.0.202105311346/tools/bin/../lib/gcc/arm-none-eabi/9.3.1/thumb/v7e-m+fp/hard/libgcc.a
LOAD /Applications/STM32CubeIDE.app/Contents/Eclipse/plugins/com.st.stm32cube.ide.mcu.externaltools.gnu-tools-for-stm32.9-2020-q2-update.macos64_2.0.0.202105311346/tools/bin/../lib/gcc/arm-none-eabi/9.3.1/../../../../arm-none-eabi/lib/thumb/v7e-m+fp/hard/libc_nano.a
END GROUP
START GROUP
LOAD /Applications/STM32CubeIDE.app/Contents/Eclipse/plugins/com.st.stm32cube.ide.mcu.externaltools.gnu-tools-for-stm32.9-2020-q2-update.macos64_2.0.0.202105311346/tools/bin/../lib/gcc/arm-none-eabi/9.3.1/thumb/v7e-m+fp/hard/libgcc.a
LOAD /Applications/STM32CubeIDE.app/Contents/Eclipse/plugins/com.st.stm32cube.ide.mcu.externaltools.gnu-tools-for-stm32.9-2020-q2-update.macos64_2.0.0.202105311346/tools/bin/../lib/gcc/arm-none-eabi/9.3.1/../../../../arm-none-eabi/lib/thumb/v7e-m+fp/hard/libc_nano.a
LOAD /Applications/STM32CubeIDE.app/Contents/Eclipse/plugins/com.st.stm32cube.ide.mcu.externaltools.gnu-tools-for-stm32.9-2020-q2-update.macos64_2.0.0.202105311346/tools/bin/../lib/gcc/arm-none-eabi/9.3.1/../../../../arm-none-eabi/lib/thumb/v7e-m+fp/hard/libnosys.a
END GROUP
START GROUP
LOAD /Applications/STM32CubeIDE.app/Contents/Eclipse/plugins/com.st.stm32cube.ide.mcu.externaltools.gnu-tools-for-stm32.9-2020-q2-update.macos64_2.0.0.202105311346/tools/bin/../lib/gcc/arm-none-eabi/9.3.1/thumb/v7e-m+fp/hard/libgcc.a
LOAD /Applications/STM32CubeIDE.app/Contents/Eclipse/plugins/com.st.stm32cube.ide.mcu.externaltools.gnu-tools-for-stm32.9-2020-q2-update.macos64_2.0.0.202105311346/tools/bin/../lib/gcc/arm-none-eabi/9.3.1/../../../../arm-none-eabi/lib/thumb/v7e-m+fp/hard/libc_nano.a
LOAD /Applications/STM32CubeIDE.app/Contents/Eclipse/plugins/com.st.stm32cube.ide.mcu.externaltools.gnu-tools-for-stm32.9-2020-q2-update.macos64_2.0.0.202105311346/tools/bin/../lib/gcc/arm-none-eabi/9.3.1/../../../../arm-none-eabi/lib/thumb/v7e-m+fp/hard/libnosys.a
END GROUP
LOAD /Applications/STM32CubeIDE.app/Contents/Eclipse/plugins/com.st.stm32cube.ide.mcu.externaltools.gnu-tools-for-stm32.9-2020-q2-update.macos64_2.0.0.202105311346/tools/bin/../lib/gcc/arm-none-eabi/9.3.1/thumb/v7e-m+fp/hard/crtend.o
LOAD /Applications/STM32CubeIDE.app/Contents/Eclipse/plugins/com.st.stm32cube.ide.mcu.externaltools.gnu-tools-for-stm32.9-2020-q2-update.macos64_2.0.0.202105311346/tools/bin/../lib/gcc/arm-none-eabi/9.3.1/thumb/v7e-m+fp/hard/crtn.o
                0x0000000020030000                _estack = 0x20030000
                0x0000000000000200                _Min_Heap_Size = 0x200
                0x0000000000000400                _Min_Stack_Size = 0x400

.isr_vector     0x0000000008000000      0x1ac
                0x0000000008000000                . = ALIGN (0x4)
 *(.isr_vector)
 .isr_vector    0x0000000008000000      0x1ac ./Example/SW4STM32/startup_stm32f429xx.o
                0x0000000008000000                g_pfnVectors
                0x00000000080001ac                . = ALIGN (0x4)

.text           0x00000000080001b0     0x8754
                0x00000000080001b0                . = ALIGN (0x4)
 *(.text)
 .text          0x00000000080001b0       0x40 /Applications/STM32CubeIDE.app/Contents/Eclipse/plugins/com.st.stm32cube.ide.mcu.externaltools.gnu-tools-for-stm32.9-2020-q2-update.macos64_2.0.0.202105311346/tools/bin/../lib/gcc/arm-none-eabi/9.3.1/thumb/v7e-m+fp/hard/crtbegin.o
 .text          0x00000000080001f0       0xa0 /Applications/STM32CubeIDE.app/Contents/Eclipse/plugins/com.st.stm32cube.ide.mcu.externaltools.gnu-tools-for-stm32.9-2020-q2-update.macos64_2.0.0.202105311346/tools/bin/../lib/gcc/arm-none-eabi/9.3.1/../../../../arm-none-eabi/lib/thumb/v7e-m+fp/hard/libc_nano.a(lib_a-memchr.o)
                0x00000000080001f0                memchr
 .text          0x0000000008000290       0x30 /Applications/STM32CubeIDE.app/Contents/Eclipse/plugins/com.st.stm32cube.ide.mcu.externaltools.gnu-tools-for-stm32.9-2020-q2-update.macos64_2.0.0.202105311346/tools/bin/../lib/gcc/arm-none-eabi/9.3.1/thumb/v7e-m+fp/hard/libgcc.a(_aeabi_uldivmod.o)
                0x0000000008000290                __aeabi_uldivmod
 .text          0x00000000080002c0      0x2c4 /Applications/STM32CubeIDE.app/Contents/Eclipse/plugins/com.st.stm32cube.ide.mcu.externaltools.gnu-tools-for-stm32.9-2020-q2-update.macos64_2.0.0.202105311346/tools/bin/../lib/gcc/arm-none-eabi/9.3.1/thumb/v7e-m+fp/hard/libgcc.a(_udivmoddi4.o)
                0x00000000080002c0                __udivmoddi4
 .text          0x0000000008000584        0x4 /Applications/STM32CubeIDE.app/Contents/Eclipse/plugins/com.st.stm32cube.ide.mcu.externaltools.gnu-tools-for-stm32.9-2020-q2-update.macos64_2.0.0.202105311346/tools/bin/../lib/gcc/arm-none-eabi/9.3.1/thumb/v7e-m+fp/hard/libgcc.a(_dvmd_tls.o)
                0x0000000008000584                __aeabi_ldiv0
                0x0000000008000584                __aeabi_idiv0
 *(.text*)
 .text.ili9341_GetLcdPixelWidth
                0x0000000008000588        0x4 ./Drivers/BSP/Components/ili9341.o
                0x0000000008000588                ili9341_GetLcdPixelWidth
 .text.ili9341_GetLcdPixelHeight
                0x000000000800058c        0x6 ./Drivers/BSP/Components/ili9341.o
                0x000000000800058c                ili9341_GetLcdPixelHeight
 .text.ili9341_DisplayOn
                0x0000000008000592        0x6 ./Drivers/BSP/Components/ili9341.o
                0x0000000008000592                ili9341_DisplayOn
 .text.ili9341_DisplayOff
                0x0000000008000598        0x6 ./Drivers/BSP/Components/ili9341.o
                0x0000000008000598                ili9341_DisplayOff
 .text.ili9341_Init
                0x000000000800059e      0x292 ./Drivers/BSP/Components/ili9341.o
                0x000000000800059e                ili9341_Init
 .text.ili9341_ReadID
                0x0000000008000830       0x12 ./Drivers/BSP/Components/ili9341.o
                0x0000000008000830                ili9341_ReadID
 .text.L3GD20_DeInit
                0x0000000008000842        0x2 ./Drivers/BSP/Components/l3gd20.o
                0x0000000008000842                L3GD20_DeInit
 .text.L3GD20_Init
                0x0000000008000844       0x34 ./Drivers/BSP/Components/l3gd20.o
                0x0000000008000844                L3GD20_Init
 .text.L3GD20_LowPower
                0x0000000008000878       0x18 ./Drivers/BSP/Components/l3gd20.o
                0x0000000008000878                L3GD20_LowPower
 .text.L3GD20_ReadID
                0x0000000008000890       0x1c ./Drivers/BSP/Components/l3gd20.o
                0x0000000008000890                L3GD20_ReadID
 .text.L3GD20_RebootCmd
                0x00000000080008ac       0x2c ./Drivers/BSP/Components/l3gd20.o
                0x00000000080008ac                L3GD20_RebootCmd
 .text.L3GD20_INT1InterruptConfig
                0x00000000080008d8       0x5e ./Drivers/BSP/Components/l3gd20.o
                0x00000000080008d8                L3GD20_INT1InterruptConfig
 .text.L3GD20_EnableIT
                0x0000000008000936       0x40 ./Drivers/BSP/Components/l3gd20.o
                0x0000000008000936                L3GD20_EnableIT
 .text.L3GD20_DisableIT
                0x0000000008000976       0x3c ./Drivers/BSP/Components/l3gd20.o
                0x0000000008000976                L3GD20_DisableIT
 .text.L3GD20_FilterConfig
                0x00000000080009b2       0x2e ./Drivers/BSP/Components/l3gd20.o
                0x00000000080009b2                L3GD20_FilterConfig
 .text.L3GD20_FilterCmd
                0x00000000080009e0       0x2e ./Drivers/BSP/Components/l3gd20.o
                0x00000000080009e0                L3GD20_FilterCmd
 *fill*         0x0000000008000a0e        0x2 
 .text.L3GD20_ReadXYZAngRate
                0x0000000008000a10       0xf0 ./Drivers/BSP/Components/l3gd20.o
                0x0000000008000a10                L3GD20_ReadXYZAngRate
 .text.stmpe811_IO_WritePin
                0x0000000008000b00       0x12 ./Drivers/BSP/Components/stmpe811.o
                0x0000000008000b00                stmpe811_IO_WritePin
 .text.stmpe811_Reset
                0x0000000008000b12       0x28 ./Drivers/BSP/Components/stmpe811.o
                0x0000000008000b12                stmpe811_Reset
 .text.stmpe811_ReadID
                0x0000000008000b3a       0x24 ./Drivers/BSP/Components/stmpe811.o
                0x0000000008000b3a                stmpe811_ReadID
 .text.stmpe811_IO_ReadPin
                0x0000000008000b5e       0x12 ./Drivers/BSP/Components/stmpe811.o
                0x0000000008000b5e                stmpe811_IO_ReadPin
 .text.stmpe811_IO_ITStatus
                0x0000000008000b70       0x12 ./Drivers/BSP/Components/stmpe811.o
                0x0000000008000b70                stmpe811_IO_ITStatus
 .text.stmpe811_TS_DetectTouch
                0x0000000008000b82       0x38 ./Drivers/BSP/Components/stmpe811.o
                0x0000000008000b82                stmpe811_TS_DetectTouch
 .text.stmpe811_TS_GetXY
                0x0000000008000bba       0x3c ./Drivers/BSP/Components/stmpe811.o
                0x0000000008000bba                stmpe811_TS_GetXY
 *fill*         0x0000000008000bf6        0x2 
 .text.stmpe811_Init
                0x0000000008000bf8       0x30 ./Drivers/BSP/Components/stmpe811.o
                0x0000000008000bf8                stmpe811_Init
 .text.stmpe811_EnableGlobalIT
                0x0000000008000c28       0x1e ./Drivers/BSP/Components/stmpe811.o
                0x0000000008000c28                stmpe811_EnableGlobalIT
 .text.stmpe811_DisableGlobalIT
                0x0000000008000c46       0x1c ./Drivers/BSP/Components/stmpe811.o
                0x0000000008000c46                stmpe811_DisableGlobalIT
 .text.stmpe811_EnableITSource
                0x0000000008000c62       0x20 ./Drivers/BSP/Components/stmpe811.o
                0x0000000008000c62                stmpe811_EnableITSource
 .text.stmpe811_IO_EnableIT
                0x0000000008000c82       0x1c ./Drivers/BSP/Components/stmpe811.o
                0x0000000008000c82                stmpe811_IO_EnableIT
 .text.stmpe811_TS_EnableIT
                0x0000000008000c9e       0x1c ./Drivers/BSP/Components/stmpe811.o
                0x0000000008000c9e                stmpe811_TS_EnableIT
 .text.stmpe811_DisableITSource
                0x0000000008000cba       0x20 ./Drivers/BSP/Components/stmpe811.o
                0x0000000008000cba                stmpe811_DisableITSource
 .text.stmpe811_IO_DisableIT
                0x0000000008000cda       0x14 ./Drivers/BSP/Components/stmpe811.o
                0x0000000008000cda                stmpe811_IO_DisableIT
 .text.stmpe811_TS_DisableIT
                0x0000000008000cee       0x14 ./Drivers/BSP/Components/stmpe811.o
                0x0000000008000cee                stmpe811_TS_DisableIT
 .text.stmpe811_SetITPolarity
                0x0000000008000d02       0x22 ./Drivers/BSP/Components/stmpe811.o
                0x0000000008000d02                stmpe811_SetITPolarity
 .text.stmpe811_SetITType
                0x0000000008000d24       0x22 ./Drivers/BSP/Components/stmpe811.o
                0x0000000008000d24                stmpe811_SetITType
 .text.stmpe811_ReadGITStatus
                0x0000000008000d46       0x10 ./Drivers/BSP/Components/stmpe811.o
                0x0000000008000d46                stmpe811_ReadGITStatus
 .text.stmpe811_TS_ITStatus
                0x0000000008000d56        0x6 ./Drivers/BSP/Components/stmpe811.o
                0x0000000008000d56                stmpe811_TS_ITStatus
 .text.stmpe811_ClearGlobalIT
                0x0000000008000d5c        0xa ./Drivers/BSP/Components/stmpe811.o
                0x0000000008000d5c                stmpe811_ClearGlobalIT
 .text.stmpe811_IO_ClearIT
                0x0000000008000d66       0x3e ./Drivers/BSP/Components/stmpe811.o
                0x0000000008000d66                stmpe811_IO_ClearIT
 .text.stmpe811_TS_ClearIT
                0x0000000008000da4        0x6 ./Drivers/BSP/Components/stmpe811.o
                0x0000000008000da4                stmpe811_TS_ClearIT
 .text.stmpe811_IO_InitPin
                0x0000000008000daa       0x2a ./Drivers/BSP/Components/stmpe811.o
                0x0000000008000daa                stmpe811_IO_InitPin
 .text.stmpe811_IO_DisableAF
                0x0000000008000dd4       0x20 ./Drivers/BSP/Components/stmpe811.o
                0x0000000008000dd4                stmpe811_IO_DisableAF
 .text.stmpe811_IO_Start
                0x0000000008000df4       0x28 ./Drivers/BSP/Components/stmpe811.o
                0x0000000008000df4                stmpe811_IO_Start
 .text.stmpe811_IO_EnableAF
                0x0000000008000e1c       0x20 ./Drivers/BSP/Components/stmpe811.o
                0x0000000008000e1c                stmpe811_IO_EnableAF
 .text.stmpe811_TS_Start
                0x0000000008000e3c       0xa4 ./Drivers/BSP/Components/stmpe811.o
                0x0000000008000e3c                stmpe811_TS_Start
 .text.stmpe811_IO_SetEdgeMode
                0x0000000008000ee0       0x5c ./Drivers/BSP/Components/stmpe811.o
                0x0000000008000ee0                stmpe811_IO_SetEdgeMode
 .text.stmpe811_IO_EnablePinIT
                0x0000000008000f3c       0x20 ./Drivers/BSP/Components/stmpe811.o
                0x0000000008000f3c                stmpe811_IO_EnablePinIT
 .text.stmpe811_IO_Config
                0x0000000008000f5c       0xc8 ./Drivers/BSP/Components/stmpe811.o
                0x0000000008000f5c                stmpe811_IO_Config
 .text.SPIx_Init
                0x0000000008001024       0x98 ./Drivers/BSP/STM32F429I-Discovery/stm32f429i_discovery.o
 .text.SPIx_WriteRead
                0x00000000080010bc       0x40 ./Drivers/BSP/STM32F429I-Discovery/stm32f429i_discovery.o
 .text.I2Cx_Init
                0x00000000080010fc       0xe8 ./Drivers/BSP/STM32F429I-Discovery/stm32f429i_discovery.o
 .text.I2Cx_Error
                0x00000000080011e4       0x14 ./Drivers/BSP/STM32F429I-Discovery/stm32f429i_discovery.o
 .text.SPIx_Write
                0x00000000080011f8       0x30 ./Drivers/BSP/STM32F429I-Discovery/stm32f429i_discovery.o
 .text.BSP_LED_Init
                0x0000000008001228       0x74 ./Drivers/BSP/STM32F429I-Discovery/stm32f429i_discovery.o
                0x0000000008001228                BSP_LED_Init
 .text.BSP_LED_On
                0x000000000800129c       0x1c ./Drivers/BSP/STM32F429I-Discovery/stm32f429i_discovery.o
                0x000000000800129c                BSP_LED_On
 .text.BSP_LED_Off
                0x00000000080012b8       0x1c ./Drivers/BSP/STM32F429I-Discovery/stm32f429i_discovery.o
                0x00000000080012b8                BSP_LED_Off
 .text.BSP_PB_Init
                0x00000000080012d4       0x74 ./Drivers/BSP/STM32F429I-Discovery/stm32f429i_discovery.o
                0x00000000080012d4                BSP_PB_Init
 .text.BSP_PB_GetState
                0x0000000008001348       0x18 ./Drivers/BSP/STM32F429I-Discovery/stm32f429i_discovery.o
                0x0000000008001348                BSP_PB_GetState
 .text.LCD_IO_Init
                0x0000000008001360       0xbc ./Drivers/BSP/STM32F429I-Discovery/stm32f429i_discovery.o
                0x0000000008001360                LCD_IO_Init
 .text.LCD_IO_WriteData
                0x000000000800141c       0x38 ./Drivers/BSP/STM32F429I-Discovery/stm32f429i_discovery.o
                0x000000000800141c                LCD_IO_WriteData
 .text.LCD_IO_WriteReg
                0x0000000008001454       0x38 ./Drivers/BSP/STM32F429I-Discovery/stm32f429i_discovery.o
                0x0000000008001454                LCD_IO_WriteReg
 .text.LCD_IO_ReadData
                0x000000000800148c       0x6c ./Drivers/BSP/STM32F429I-Discovery/stm32f429i_discovery.o
                0x000000000800148c                LCD_IO_ReadData
 .text.LCD_Delay
                0x00000000080014f8        0x4 ./Drivers/BSP/STM32F429I-Discovery/stm32f429i_discovery.o
                0x00000000080014f8                LCD_Delay
 .text.IOE_Init
                0x00000000080014fc        0x4 ./Drivers/BSP/STM32F429I-Discovery/stm32f429i_discovery.o
                0x00000000080014fc                IOE_Init
 .text.IOE_ITConfig
                0x0000000008001500       0x54 ./Drivers/BSP/STM32F429I-Discovery/stm32f429i_discovery.o
                0x0000000008001500                IOE_ITConfig
 .text.IOE_Write
                0x0000000008001554       0x34 ./Drivers/BSP/STM32F429I-Discovery/stm32f429i_discovery.o
                0x0000000008001554                IOE_Write
 .text.IOE_Read
                0x0000000008001588       0x3c ./Drivers/BSP/STM32F429I-Discovery/stm32f429i_discovery.o
                0x0000000008001588                IOE_Read
 .text.IOE_ReadMultiple
                0x00000000080015c4       0x30 ./Drivers/BSP/STM32F429I-Discovery/stm32f429i_discovery.o
                0x00000000080015c4                IOE_ReadMultiple
 .text.IOE_Delay
                0x00000000080015f4        0x4 ./Drivers/BSP/STM32F429I-Discovery/stm32f429i_discovery.o
                0x00000000080015f4                IOE_Delay
 .text.GYRO_IO_Init
                0x00000000080015f8       0x70 ./Drivers/BSP/STM32F429I-Discovery/stm32f429i_discovery.o
                0x00000000080015f8                GYRO_IO_Init
 .text.GYRO_IO_Write
                0x0000000008001668       0x44 ./Drivers/BSP/STM32F429I-Discovery/stm32f429i_discovery.o
                0x0000000008001668                GYRO_IO_Write
 .text.GYRO_IO_Read
                0x00000000080016ac       0x48 ./Drivers/BSP/STM32F429I-Discovery/stm32f429i_discovery.o
                0x00000000080016ac                GYRO_IO_Read
 .text.BSP_GYRO_Init
                0x00000000080016f4       0x44 ./Drivers/BSP/STM32F429I-Discovery/stm32f429i_discovery_gyroscope.o
                0x00000000080016f4                BSP_GYRO_Init
 .text.BSP_GYRO_Reset
                0x0000000008001738       0x10 ./Drivers/BSP/STM32F429I-Discovery/stm32f429i_discovery_gyroscope.o
                0x0000000008001738                BSP_GYRO_Reset
 .text.BSP_GYRO_GetXYZ
                0x0000000008001748       0x10 ./Drivers/BSP/STM32F429I-Discovery/stm32f429i_discovery_gyroscope.o
                0x0000000008001748                BSP_GYRO_GetXYZ
 .text.ConvertLineToARGB8888
                0x0000000008001758       0x68 ./Drivers/BSP/STM32F429I-Discovery/stm32f429i_discovery_lcd.o
 .text.FillBuffer
                0x00000000080017c0       0x64 ./Drivers/BSP/STM32F429I-Discovery/stm32f429i_discovery_lcd.o
 .text.BSP_LCD_GetXSize
                0x0000000008001824       0x10 ./Drivers/BSP/STM32F429I-Discovery/stm32f429i_discovery_lcd.o
                0x0000000008001824                BSP_LCD_GetXSize
 .text.BSP_LCD_GetYSize
                0x0000000008001834       0x10 ./Drivers/BSP/STM32F429I-Discovery/stm32f429i_discovery_lcd.o
                0x0000000008001834                BSP_LCD_GetYSize
 .text.BSP_LCD_LayerDefaultInit
                0x0000000008001844       0x7c ./Drivers/BSP/STM32F429I-Discovery/stm32f429i_discovery_lcd.o
                0x0000000008001844                BSP_LCD_LayerDefaultInit
 .text.BSP_LCD_SelectLayer
                0x00000000080018c0        0xc ./Drivers/BSP/STM32F429I-Discovery/stm32f429i_discovery_lcd.o
                0x00000000080018c0                BSP_LCD_SelectLayer
 .text.BSP_LCD_SetTextColor
                0x00000000080018cc       0x14 ./Drivers/BSP/STM32F429I-Discovery/stm32f429i_discovery_lcd.o
                0x00000000080018cc                BSP_LCD_SetTextColor
 .text.BSP_LCD_SetBackColor
                0x00000000080018e0       0x14 ./Drivers/BSP/STM32F429I-Discovery/stm32f429i_discovery_lcd.o
                0x00000000080018e0                BSP_LCD_SetBackColor
 .text.BSP_LCD_SetFont
                0x00000000080018f4       0x14 ./Drivers/BSP/STM32F429I-Discovery/stm32f429i_discovery_lcd.o
                0x00000000080018f4                BSP_LCD_SetFont
 .text.BSP_LCD_Clear
                0x0000000008001908       0x40 ./Drivers/BSP/STM32F429I-Discovery/stm32f429i_discovery_lcd.o
                0x0000000008001908                BSP_LCD_Clear
 .text.BSP_LCD_DrawHLine
                0x0000000008001948       0x50 ./Drivers/BSP/STM32F429I-Discovery/stm32f429i_discovery_lcd.o
                0x0000000008001948                BSP_LCD_DrawHLine
 .text.BSP_LCD_DrawVLine
                0x0000000008001998       0x58 ./Drivers/BSP/STM32F429I-Discovery/stm32f429i_discovery_lcd.o
                0x0000000008001998                BSP_LCD_DrawVLine
 .text.BSP_LCD_DrawRect
                0x00000000080019f0       0x34 ./Drivers/BSP/STM32F429I-Discovery/stm32f429i_discovery_lcd.o
                0x00000000080019f0                BSP_LCD_DrawRect
 .text.BSP_LCD_DrawBitmap
                0x0000000008001a24       0xc8 ./Drivers/BSP/STM32F429I-Discovery/stm32f429i_discovery_lcd.o
                0x0000000008001a24                BSP_LCD_DrawBitmap
 .text.PB_BSP_LCD_DrawBitmap
                0x0000000008001aec       0x80 ./Drivers/BSP/STM32F429I-Discovery/stm32f429i_discovery_lcd.o
                0x0000000008001aec                PB_BSP_LCD_DrawBitmap
 .text.BSP_LCD_FillRect
                0x0000000008001b6c       0x58 ./Drivers/BSP/STM32F429I-Discovery/stm32f429i_discovery_lcd.o
                0x0000000008001b6c                BSP_LCD_FillRect
 .text.BSP_LCD_ClearStringLine
                0x0000000008001bc4       0x48 ./Drivers/BSP/STM32F429I-Discovery/stm32f429i_discovery_lcd.o
                0x0000000008001bc4                BSP_LCD_ClearStringLine
 .text.BSP_LCD_FillEllipse
                0x0000000008001c0c       0xa8 ./Drivers/BSP/STM32F429I-Discovery/stm32f429i_discovery_lcd.o
                0x0000000008001c0c                BSP_LCD_FillEllipse
 .text.BSP_LCD_MspInit
                0x0000000008001cb4      0x148 ./Drivers/BSP/STM32F429I-Discovery/stm32f429i_discovery_lcd.o
                0x0000000008001cb4                BSP_LCD_MspInit
 .text.BSP_LCD_Init
                0x0000000008001dfc       0xa0 ./Drivers/BSP/STM32F429I-Discovery/stm32f429i_discovery_lcd.o
                0x0000000008001dfc                BSP_LCD_Init
 .text.BSP_LCD_DrawPixel
                0x0000000008001e9c       0x2c ./Drivers/BSP/STM32F429I-Discovery/stm32f429i_discovery_lcd.o
                0x0000000008001e9c                BSP_LCD_DrawPixel
 .text.BSP_LCD_DisplayChar
                0x0000000008001ec8       0xc8 ./Drivers/BSP/STM32F429I-Discovery/stm32f429i_discovery_lcd.o
                0x0000000008001ec8                BSP_LCD_DisplayChar
 .text.BSP_LCD_DisplayStringAt
                0x0000000008001f90       0xac ./Drivers/BSP/STM32F429I-Discovery/stm32f429i_discovery_lcd.o
                0x0000000008001f90                BSP_LCD_DisplayStringAt
 .text.BSP_LCD_DrawLine
                0x000000000800203c       0xd0 ./Drivers/BSP/STM32F429I-Discovery/stm32f429i_discovery_lcd.o
                0x000000000800203c                BSP_LCD_DrawLine
 .text.BSP_LCD_DrawPolygon
                0x000000000800210c       0x40 ./Drivers/BSP/STM32F429I-Discovery/stm32f429i_discovery_lcd.o
                0x000000000800210c                BSP_LCD_DrawPolygon
 .text.BSP_LCD_FillTriangle
                0x000000000800214c       0xd2 ./Drivers/BSP/STM32F429I-Discovery/stm32f429i_discovery_lcd.o
                0x000000000800214c                BSP_LCD_FillTriangle
 .text.BSP_LCD_FillPolygon
                0x000000000800221e       0xfe ./Drivers/BSP/STM32F429I-Discovery/stm32f429i_discovery_lcd.o
                0x000000000800221e                BSP_LCD_FillPolygon
 .text.BSP_LCD_DrawCircle
                0x000000000800231c      0x124 ./Drivers/BSP/STM32F429I-Discovery/stm32f429i_discovery_lcd.o
                0x000000000800231c                BSP_LCD_DrawCircle
 .text.BSP_LCD_FillCircle
                0x0000000008002440       0xa0 ./Drivers/BSP/STM32F429I-Discovery/stm32f429i_discovery_lcd.o
                0x0000000008002440                BSP_LCD_FillCircle
 .text.BSP_LCD_DrawEllipse
                0x00000000080024e0       0xf0 ./Drivers/BSP/STM32F429I-Discovery/stm32f429i_discovery_lcd.o
                0x00000000080024e0                BSP_LCD_DrawEllipse
 .text.BSP_SDRAM_Initialization_sequence
                0x00000000080025d0       0x90 ./Drivers/BSP/STM32F429I-Discovery/stm32f429i_discovery_sdram.o
                0x00000000080025d0                BSP_SDRAM_Initialization_sequence
 .text.BSP_SDRAM_MspInit
                0x0000000008002660      0x190 ./Drivers/BSP/STM32F429I-Discovery/stm32f429i_discovery_sdram.o
                0x0000000008002660                BSP_SDRAM_MspInit
 .text.BSP_SDRAM_Init
                0x00000000080027f0       0x7c ./Drivers/BSP/STM32F429I-Discovery/stm32f429i_discovery_sdram.o
                0x00000000080027f0                BSP_SDRAM_Init
 .text.BSP_TS_Init
                0x000000000800286c       0x38 ./Drivers/BSP/STM32F429I-Discovery/stm32f429i_discovery_ts.o
                0x000000000800286c                BSP_TS_Init
 .text.BSP_TS_GetState
                0x00000000080028a4       0xb0 ./Drivers/BSP/STM32F429I-Discovery/stm32f429i_discovery_ts.o
                0x00000000080028a4                BSP_TS_GetState
 .text.SystemInit
                0x0000000008002954       0x4c ./Drivers/CMSIS/system_stm32f4xx.o
                0x0000000008002954                SystemInit
 .text.HAL_MspInit
                0x00000000080029a0        0x2 ./Drivers/STM32F4xx_HAL_Driver/stm32f4xx_hal.o
                0x00000000080029a0                HAL_MspInit
 *fill*         0x00000000080029a2        0x2 
 .text.HAL_InitTick
                0x00000000080029a4       0x44 ./Drivers/STM32F4xx_HAL_Driver/stm32f4xx_hal.o
                0x00000000080029a4                HAL_InitTick
 .text.HAL_Init
                0x00000000080029e8       0x34 ./Drivers/STM32F4xx_HAL_Driver/stm32f4xx_hal.o
                0x00000000080029e8                HAL_Init
 .text.HAL_IncTick
                0x0000000008002a1c       0x18 ./Drivers/STM32F4xx_HAL_Driver/stm32f4xx_hal.o
                0x0000000008002a1c                HAL_IncTick
 .text.HAL_GetTick
                0x0000000008002a34        0xc ./Drivers/STM32F4xx_HAL_Driver/stm32f4xx_hal.o
                0x0000000008002a34                HAL_GetTick
 .text.HAL_Delay
                0x0000000008002a40       0x28 ./Drivers/STM32F4xx_HAL_Driver/stm32f4xx_hal.o
                0x0000000008002a40                HAL_Delay
 .text.HAL_NVIC_SetPriorityGrouping
                0x0000000008002a68       0x24 ./Drivers/STM32F4xx_HAL_Driver/stm32f4xx_hal_cortex.o
                0x0000000008002a68                HAL_NVIC_SetPriorityGrouping
 .text.HAL_NVIC_SetPriority
                0x0000000008002a8c       0x64 ./Drivers/STM32F4xx_HAL_Driver/stm32f4xx_hal_cortex.o
                0x0000000008002a8c                HAL_NVIC_SetPriority
 .text.HAL_NVIC_EnableIRQ
                0x0000000008002af0       0x1c ./Drivers/STM32F4xx_HAL_Driver/stm32f4xx_hal_cortex.o
                0x0000000008002af0                HAL_NVIC_EnableIRQ
 .text.HAL_NVIC_DisableIRQ
                0x0000000008002b0c       0x28 ./Drivers/STM32F4xx_HAL_Driver/stm32f4xx_hal_cortex.o
                0x0000000008002b0c                HAL_NVIC_DisableIRQ
 .text.HAL_SYSTICK_Config
                0x0000000008002b34       0x2c ./Drivers/STM32F4xx_HAL_Driver/stm32f4xx_hal_cortex.o
                0x0000000008002b34                HAL_SYSTICK_Config
 .text.DMA_CalcBaseAndBitshift
                0x0000000008002b60       0x2c ./Drivers/STM32F4xx_HAL_Driver/stm32f4xx_hal_dma.o
 .text.HAL_DMA_Init
                0x0000000008002b8c      0x100 ./Drivers/STM32F4xx_HAL_Driver/stm32f4xx_hal_dma.o
                0x0000000008002b8c                HAL_DMA_Init
 .text.HAL_DMA_DeInit
                0x0000000008002c8c       0x54 ./Drivers/STM32F4xx_HAL_Driver/stm32f4xx_hal_dma.o
                0x0000000008002c8c                HAL_DMA_DeInit
 .text.DMA2D_SetConfig
                0x0000000008002ce0       0x84 ./Drivers/STM32F4xx_HAL_Driver/stm32f4xx_hal_dma2d.o
 .text.HAL_DMA2D_MspInit
                0x0000000008002d64        0x2 ./Drivers/STM32F4xx_HAL_Driver/stm32f4xx_hal_dma2d.o
                0x0000000008002d64                HAL_DMA2D_MspInit
 .text.HAL_DMA2D_Init
                0x0000000008002d66       0x58 ./Drivers/STM32F4xx_HAL_Driver/stm32f4xx_hal_dma2d.o
                0x0000000008002d66                HAL_DMA2D_Init
 .text.HAL_DMA2D_Start
                0x0000000008002dbe       0x34 ./Drivers/STM32F4xx_HAL_Driver/stm32f4xx_hal_dma2d.o
                0x0000000008002dbe                HAL_DMA2D_Start
 .text.HAL_DMA2D_PollForTransfer
                0x0000000008002df2      0x102 ./Drivers/STM32F4xx_HAL_Driver/stm32f4xx_hal_dma2d.o
                0x0000000008002df2                HAL_DMA2D_PollForTransfer
 .text.HAL_DMA2D_ConfigLayer
                0x0000000008002ef4       0x88 ./Drivers/STM32F4xx_HAL_Driver/stm32f4xx_hal_dma2d.o
                0x0000000008002ef4                HAL_DMA2D_ConfigLayer
 .text.HAL_GPIO_Init
                0x0000000008002f7c      0x1cc ./Drivers/STM32F4xx_HAL_Driver/stm32f4xx_hal_gpio.o
                0x0000000008002f7c                HAL_GPIO_Init
 .text.HAL_GPIO_DeInit
                0x0000000008003148      0x144 ./Drivers/STM32F4xx_HAL_Driver/stm32f4xx_hal_gpio.o
                0x0000000008003148                HAL_GPIO_DeInit
 .text.HAL_GPIO_ReadPin
                0x000000000800328c        0xc ./Drivers/STM32F4xx_HAL_Driver/stm32f4xx_hal_gpio.o
                0x000000000800328c                HAL_GPIO_ReadPin
 .text.HAL_GPIO_WritePin
                0x0000000008003298        0xa ./Drivers/STM32F4xx_HAL_Driver/stm32f4xx_hal_gpio.o
                0x0000000008003298                HAL_GPIO_WritePin
 *fill*         0x00000000080032a2        0x2 
 .text.HAL_GPIO_EXTI_IRQHandler
                0x00000000080032a4       0x18 ./Drivers/STM32F4xx_HAL_Driver/stm32f4xx_hal_gpio.o
                0x00000000080032a4                HAL_GPIO_EXTI_IRQHandler
 .text.I2C_IsAcknowledgeFailed
                0x00000000080032bc       0x34 ./Drivers/STM32F4xx_HAL_Driver/stm32f4xx_hal_i2c.o
 .text.I2C_WaitOnMasterAddressFlagUntilTimeout
                0x00000000080032f0       0x76 ./Drivers/STM32F4xx_HAL_Driver/stm32f4xx_hal_i2c.o
 .text.I2C_WaitOnBTFFlagUntilTimeout
                0x0000000008003366       0x4c ./Drivers/STM32F4xx_HAL_Driver/stm32f4xx_hal_i2c.o
 .text.I2C_WaitOnRXNEFlagUntilTimeout
                0x00000000080033b2       0x5e ./Drivers/STM32F4xx_HAL_Driver/stm32f4xx_hal_i2c.o
 .text.I2C_WaitOnFlagUntilTimeout
                0x0000000008003410       0x64 ./Drivers/STM32F4xx_HAL_Driver/stm32f4xx_hal_i2c.o
 .text.I2C_WaitOnTXEFlagUntilTimeout
                0x0000000008003474       0x4c ./Drivers/STM32F4xx_HAL_Driver/stm32f4xx_hal_i2c.o
 .text.I2C_RequestMemoryWrite
                0x00000000080034c0       0xb0 ./Drivers/STM32F4xx_HAL_Driver/stm32f4xx_hal_i2c.o
 .text.I2C_RequestMemoryRead
                0x0000000008003570      0x104 ./Drivers/STM32F4xx_HAL_Driver/stm32f4xx_hal_i2c.o
 .text.HAL_I2C_MspInit
                0x0000000008003674        0x2 ./Drivers/STM32F4xx_HAL_Driver/stm32f4xx_hal_i2c.o
                0x0000000008003674                HAL_I2C_MspInit
 *fill*         0x0000000008003676        0x2 
 .text.HAL_I2C_Init
                0x0000000008003678      0x150 ./Drivers/STM32F4xx_HAL_Driver/stm32f4xx_hal_i2c.o
                0x0000000008003678                HAL_I2C_Init
 .text.HAL_I2C_MspDeInit
                0x00000000080037c8        0x2 ./Drivers/STM32F4xx_HAL_Driver/stm32f4xx_hal_i2c.o
                0x00000000080037c8                HAL_I2C_MspDeInit
 .text.HAL_I2C_DeInit
                0x00000000080037ca       0x32 ./Drivers/STM32F4xx_HAL_Driver/stm32f4xx_hal_i2c.o
                0x00000000080037ca                HAL_I2C_DeInit
 .text.HAL_I2C_Mem_Write
                0x00000000080037fc      0x120 ./Drivers/STM32F4xx_HAL_Driver/stm32f4xx_hal_i2c.o
                0x00000000080037fc                HAL_I2C_Mem_Write
 .text.HAL_I2C_Mem_Read
                0x000000000800391c      0x210 ./Drivers/STM32F4xx_HAL_Driver/stm32f4xx_hal_i2c.o
                0x000000000800391c                HAL_I2C_Mem_Read
 .text.HAL_I2C_GetState
                0x0000000008003b2c        0x6 ./Drivers/STM32F4xx_HAL_Driver/stm32f4xx_hal_i2c.o
                0x0000000008003b2c                HAL_I2C_GetState
 .text.LTDC_SetConfig
                0x0000000008003b32      0x10c ./Drivers/STM32F4xx_HAL_Driver/stm32f4xx_hal_ltdc.o
 .text.HAL_LTDC_MspInit
                0x0000000008003c3e        0x2 ./Drivers/STM32F4xx_HAL_Driver/stm32f4xx_hal_ltdc.o
                0x0000000008003c3e                HAL_LTDC_MspInit
 .text.HAL_LTDC_Init
                0x0000000008003c40       0xd8 ./Drivers/STM32F4xx_HAL_Driver/stm32f4xx_hal_ltdc.o
                0x0000000008003c40                HAL_LTDC_Init
 .text.HAL_LTDC_ConfigLayer
                0x0000000008003d18       0x5a ./Drivers/STM32F4xx_HAL_Driver/stm32f4xx_hal_ltdc.o
                0x0000000008003d18                HAL_LTDC_ConfigLayer
 *fill*         0x0000000008003d72        0x2 
 .text.HAL_LTDC_EnableDither
                0x0000000008003d74       0x30 ./Drivers/STM32F4xx_HAL_Driver/stm32f4xx_hal_ltdc.o
                0x0000000008003d74                HAL_LTDC_EnableDither
 .text.HAL_PWREx_EnableOverDrive
                0x0000000008003da4       0x78 ./Drivers/STM32F4xx_HAL_Driver/stm32f4xx_hal_pwr_ex.o
                0x0000000008003da4                HAL_PWREx_EnableOverDrive
 .text.HAL_RCC_OscConfig
                0x0000000008003e1c      0x358 ./Drivers/STM32F4xx_HAL_Driver/stm32f4xx_hal_rcc.o
                0x0000000008003e1c                HAL_RCC_OscConfig
 .text.HAL_RCC_GetSysClockFreq
                0x0000000008004174       0x5c ./Drivers/STM32F4xx_HAL_Driver/stm32f4xx_hal_rcc.o
                0x0000000008004174                HAL_RCC_GetSysClockFreq
 .text.HAL_RCC_ClockConfig
                0x00000000080041d0      0x138 ./Drivers/STM32F4xx_HAL_Driver/stm32f4xx_hal_rcc.o
                0x00000000080041d0                HAL_RCC_ClockConfig
 .text.HAL_RCC_GetPCLK1Freq
                0x0000000008004308       0x20 ./Drivers/STM32F4xx_HAL_Driver/stm32f4xx_hal_rcc.o
                0x0000000008004308                HAL_RCC_GetPCLK1Freq
 .text.HAL_RCC_GetPCLK2Freq
                0x0000000008004328       0x20 ./Drivers/STM32F4xx_HAL_Driver/stm32f4xx_hal_rcc.o
                0x0000000008004328                HAL_RCC_GetPCLK2Freq
 .text.HAL_RCCEx_PeriphCLKConfig
                0x0000000008004348      0x254 ./Drivers/STM32F4xx_HAL_Driver/stm32f4xx_hal_rcc_ex.o
                0x0000000008004348                HAL_RCCEx_PeriphCLKConfig
 .text.HAL_SDRAM_MspInit
                0x000000000800459c        0x2 ./Drivers/STM32F4xx_HAL_Driver/stm32f4xx_hal_sdram.o
                0x000000000800459c                HAL_SDRAM_MspInit
 .text.HAL_SDRAM_Init
                0x000000000800459e       0x40 ./Drivers/STM32F4xx_HAL_Driver/stm32f4xx_hal_sdram.o
                0x000000000800459e                HAL_SDRAM_Init
 .text.HAL_SDRAM_SendCommand
                0x00000000080045de       0x2e ./Drivers/STM32F4xx_HAL_Driver/stm32f4xx_hal_sdram.o
                0x00000000080045de                HAL_SDRAM_SendCommand
 .text.HAL_SDRAM_ProgramRefreshRate
                0x000000000800460c       0x24 ./Drivers/STM32F4xx_HAL_Driver/stm32f4xx_hal_sdram.o
                0x000000000800460c                HAL_SDRAM_ProgramRefreshRate
 .text.SPI_WaitFlagStateUntilTimeout
                0x0000000008004630       0xb8 ./Drivers/STM32F4xx_HAL_Driver/stm32f4xx_hal_spi.o
 .text.SPI_EndRxTxTransaction
                0x00000000080046e8       0x5c ./Drivers/STM32F4xx_HAL_Driver/stm32f4xx_hal_spi.o
 .text.SPI_EndRxTransaction
                0x0000000008004744       0x5c ./Drivers/STM32F4xx_HAL_Driver/stm32f4xx_hal_spi.o
 .text.HAL_SPI_Init
                0x00000000080047a0       0xc2 ./Drivers/STM32F4xx_HAL_Driver/stm32f4xx_hal_spi.o
                0x00000000080047a0                HAL_SPI_Init
 .text.HAL_SPI_DeInit
                0x0000000008004862       0x2c ./Drivers/STM32F4xx_HAL_Driver/stm32f4xx_hal_spi.o
                0x0000000008004862                HAL_SPI_DeInit
 .text.HAL_SPI_Transmit
                0x000000000800488e      0x180 ./Drivers/STM32F4xx_HAL_Driver/stm32f4xx_hal_spi.o
                0x000000000800488e                HAL_SPI_Transmit
 .text.HAL_SPI_TransmitReceive
                0x0000000008004a0e      0x288 ./Drivers/STM32F4xx_HAL_Driver/stm32f4xx_hal_spi.o
                0x0000000008004a0e                HAL_SPI_TransmitReceive
 .text.HAL_SPI_Receive
                0x0000000008004c96      0x1ce ./Drivers/STM32F4xx_HAL_Driver/stm32f4xx_hal_spi.o
                0x0000000008004c96                HAL_SPI_Receive
 .text.HAL_SPI_GetState
                0x0000000008004e64        0x6 ./Drivers/STM32F4xx_HAL_Driver/stm32f4xx_hal_spi.o
                0x0000000008004e64                HAL_SPI_GetState
 *fill*         0x0000000008004e6a        0x2 
 .text.UART_SetConfig
                0x0000000008004e6c       0xbc ./Drivers/STM32F4xx_HAL_Driver/stm32f4xx_hal_uart.o
 .text.UART_WaitOnFlagUntilTimeout.constprop.0
                0x0000000008004f28       0x6c ./Drivers/STM32F4xx_HAL_Driver/stm32f4xx_hal_uart.o
 .text.HAL_UART_Init
                0x0000000008004f94       0x5c ./Drivers/STM32F4xx_HAL_Driver/stm32f4xx_hal_uart.o
                0x0000000008004f94                HAL_UART_Init
 .text.HAL_UART_DeInit
                0x0000000008004ff0       0x32 ./Drivers/STM32F4xx_HAL_Driver/stm32f4xx_hal_uart.o
                0x0000000008004ff0                HAL_UART_DeInit
 .text.HAL_UART_Transmit
                0x0000000008005022       0xaa ./Drivers/STM32F4xx_HAL_Driver/stm32f4xx_hal_uart.o
                0x0000000008005022                HAL_UART_Transmit
 .text.HAL_UART_Receive
                0x00000000080050cc       0xb8 ./Drivers/STM32F4xx_HAL_Driver/stm32f4xx_hal_uart.o
                0x00000000080050cc                HAL_UART_Receive
 .text.FMC_SDRAM_Init
                0x0000000008005184       0x6c ./Drivers/STM32F4xx_HAL_Driver/stm32f4xx_ll_fmc.o
                0x0000000008005184                FMC_SDRAM_Init
 .text.FMC_SDRAM_Timing_Init
                0x00000000080051f0       0x78 ./Drivers/STM32F4xx_HAL_Driver/stm32f4xx_ll_fmc.o
                0x00000000080051f0                FMC_SDRAM_Timing_Init
 .text.FMC_SDRAM_SendCommand
                0x0000000008005268       0x4e ./Drivers/STM32F4xx_HAL_Driver/stm32f4xx_ll_fmc.o
                0x0000000008005268                FMC_SDRAM_SendCommand
 .text.FMC_SDRAM_ProgramRefreshRate
                0x00000000080052b6        0xc ./Drivers/STM32F4xx_HAL_Driver/stm32f4xx_ll_fmc.o
                0x00000000080052b6                FMC_SDRAM_ProgramRefreshRate
 *fill*         0x00000000080052c2        0x2 
 .text.Reset_Handler
                0x00000000080052c4       0x50 ./Example/SW4STM32/startup_stm32f429xx.o
                0x00000000080052c4                Reset_Handler
 .text.Default_Handler
                0x0000000008005314        0x2 ./Example/SW4STM32/startup_stm32f429xx.o
                0x0000000008005314                DMA1_Stream3_IRQHandler
                0x0000000008005314                HASH_RNG_IRQHandler
                0x0000000008005314                EXTI2_IRQHandler
                0x0000000008005314                TIM8_CC_IRQHandler
                0x0000000008005314                UART8_IRQHandler
                0x0000000008005314                SPI4_IRQHandler
                0x0000000008005314                TIM1_CC_IRQHandler
                0x0000000008005314                DMA2_Stream5_IRQHandler
                0x0000000008005314                DMA1_Stream5_IRQHandler
                0x0000000008005314                PVD_IRQHandler
                0x0000000008005314                SDIO_IRQHandler
                0x0000000008005314                TAMP_STAMP_IRQHandler
                0x0000000008005314                CAN2_RX1_IRQHandler
                0x0000000008005314                EXTI3_IRQHandler
                0x0000000008005314                TIM8_TRG_COM_TIM14_IRQHandler
                0x0000000008005314                TIM1_UP_TIM10_IRQHandler
                0x0000000008005314                TIM8_UP_TIM13_IRQHandler
                0x0000000008005314                I2C3_ER_IRQHandler
                0x0000000008005314                I2C2_EV_IRQHandler
                0x0000000008005314                DMA1_Stream2_IRQHandler
                0x0000000008005314                CAN1_RX0_IRQHandler
                0x0000000008005314                FPU_IRQHandler
                0x0000000008005314                OTG_HS_WKUP_IRQHandler
                0x0000000008005314                LTDC_ER_IRQHandler
                0x0000000008005314                CAN2_SCE_IRQHandler
                0x0000000008005314                DMA2_Stream2_IRQHandler
                0x0000000008005314                SPI1_IRQHandler
                0x0000000008005314                TIM6_DAC_IRQHandler
                0x0000000008005314                TIM1_BRK_TIM9_IRQHandler
                0x0000000008005314                DCMI_IRQHandler
                0x0000000008005314                CAN2_RX0_IRQHandler
                0x0000000008005314                DMA2_Stream3_IRQHandler
                0x0000000008005314                USART6_IRQHandler
                0x0000000008005314                USART3_IRQHandler
                0x0000000008005314                CAN1_RX1_IRQHandler
                0x0000000008005314                UART5_IRQHandler
                0x0000000008005314                DMA2_Stream0_IRQHandler
                0x0000000008005314                TIM4_IRQHandler
                0x0000000008005314                I2C1_EV_IRQHandler
                0x0000000008005314                DMA1_Stream6_IRQHandler
                0x0000000008005314                DMA1_Stream1_IRQHandler
                0x0000000008005314                UART4_IRQHandler
                0x0000000008005314                TIM3_IRQHandler
                0x0000000008005314                RCC_IRQHandler
                0x0000000008005314                TIM8_BRK_TIM12_IRQHandler
                0x0000000008005314                Default_Handler
                0x0000000008005314                EXTI15_10_IRQHandler
                0x0000000008005314                ADC_IRQHandler
                0x0000000008005314                DMA1_Stream7_IRQHandler
                0x0000000008005314                SPI5_IRQHandler
                0x0000000008005314                TIM7_IRQHandler
                0x0000000008005314                CAN2_TX_IRQHandler
                0x0000000008005314                TIM5_IRQHandler
                0x0000000008005314                DMA2_Stream7_IRQHandler
                0x0000000008005314                I2C3_EV_IRQHandler
                0x0000000008005314                EXTI9_5_IRQHandler
                0x0000000008005314                RTC_WKUP_IRQHandler
                0x0000000008005314                LTDC_IRQHandler
                0x0000000008005314                ETH_WKUP_IRQHandler
                0x0000000008005314                SPI2_IRQHandler
                0x0000000008005314                OTG_HS_EP1_IN_IRQHandler
                0x0000000008005314                DMA1_Stream0_IRQHandler
                0x0000000008005314                CAN1_TX_IRQHandler
                0x0000000008005314                EXTI4_IRQHandler
                0x0000000008005314                ETH_IRQHandler
                0x0000000008005314                OTG_HS_EP1_OUT_IRQHandler
                0x0000000008005314                WWDG_IRQHandler
                0x0000000008005314                SPI6_IRQHandler
                0x0000000008005314                TIM2_IRQHandler
                0x0000000008005314                OTG_FS_WKUP_IRQHandler
                0x0000000008005314                TIM1_TRG_COM_TIM11_IRQHandler
                0x0000000008005314                OTG_HS_IRQHandler
                0x0000000008005314                DMA2D_IRQHandler
                0x0000000008005314                EXTI1_IRQHandler
                0x0000000008005314                UART7_IRQHandler
                0x0000000008005314                USART2_IRQHandler
                0x0000000008005314                I2C2_ER_IRQHandler
                0x0000000008005314                DMA2_Stream1_IRQHandler
                0x0000000008005314                CAN1_SCE_IRQHandler
                0x0000000008005314                FLASH_IRQHandler
                0x0000000008005314                DMA2_Stream4_IRQHandler
                0x0000000008005314                USART1_IRQHandler
                0x0000000008005314                OTG_FS_IRQHandler
                0x0000000008005314                SPI3_IRQHandler
                0x0000000008005314                DMA1_Stream4_IRQHandler
                0x0000000008005314                I2C1_ER_IRQHandler
                0x0000000008005314                FMC_IRQHandler
                0x0000000008005314                DMA2_Stream6_IRQHandler
                0x0000000008005314                SAI1_IRQHandler
                0x0000000008005314                RTC_Alarm_IRQHandler
 *fill*         0x0000000008005316        0x2 
 .text.GPIOB_Init
                0x0000000008005318       0x48 ./Example/User/GPIO.o
                0x0000000008005318                GPIOB_Init
 .text.PCD_WriteRegister
                0x0000000008005360       0x3c ./Example/User/MFRC522.o
                0x0000000008005360                PCD_WriteRegister
 .text.PCD_WriteRegisterMulti
                0x000000000800539c       0x48 ./Example/User/MFRC522.o
                0x000000000800539c                PCD_WriteRegisterMulti
 .text.PCD_ReadRegister
                0x00000000080053e4       0x40 ./Example/User/MFRC522.o
                0x00000000080053e4                PCD_ReadRegister
 .text.PCD_ReadRegisterMulti
                0x0000000008005424       0xa0 ./Example/User/MFRC522.o
                0x0000000008005424                PCD_ReadRegisterMulti
 .text.PCD_SetRegisterBitMask
                0x00000000080054c4       0x1a ./Example/User/MFRC522.o
                0x00000000080054c4                PCD_SetRegisterBitMask
 .text.PCD_ClearRegisterBitMask
                0x00000000080054de       0x1a ./Example/User/MFRC522.o
                0x00000000080054de                PCD_ClearRegisterBitMask
 .text.PCD_CalculateCRC
                0x00000000080054f8       0x64 ./Example/User/MFRC522.o
                0x00000000080054f8                PCD_CalculateCRC
 .text.PCD_Reset
                0x000000000800555c       0x1c ./Example/User/MFRC522.o
                0x000000000800555c                PCD_Reset
 .text.PCD_AntennaOn
                0x0000000008005578       0x28 ./Example/User/MFRC522.o
                0x0000000008005578                PCD_AntennaOn
 .text.PCD_Init
                0x00000000080055a0       0x48 ./Example/User/MFRC522.o
                0x00000000080055a0                PCD_Init
 .text.PCD_CommunicateWithPICC
                0x00000000080055e8      0x138 ./Example/User/MFRC522.o
                0x00000000080055e8                PCD_CommunicateWithPICC
 .text.PCD_TransceiveData
                0x0000000008005720       0x28 ./Example/User/MFRC522.o
                0x0000000008005720                PCD_TransceiveData
 .text.PICC_REQA_or_WUPA
                0x0000000008005748       0x5c ./Example/User/MFRC522.o
                0x0000000008005748                PICC_REQA_or_WUPA
 .text.PICC_RequestA
                0x00000000080057a4        0xa ./Example/User/MFRC522.o
                0x00000000080057a4                PICC_RequestA
 .text.PICC_AnticollisionLoop
                0x00000000080057ae      0x148 ./Example/User/MFRC522.o
                0x00000000080057ae                PICC_AnticollisionLoop
 .text.PICC_Select
                0x00000000080058f6       0xba ./Example/User/MFRC522.o
                0x00000000080058f6                PICC_Select
 .text.PICC_HaltA
                0x00000000080059b0       0x40 ./Example/User/MFRC522.o
                0x00000000080059b0                PICC_HaltA
 .text.PCD_Authenticate
                0x00000000080059f0       0x76 ./Example/User/MFRC522.o
                0x00000000080059f0                PCD_Authenticate
 .text.PCD_StopCrypto1
                0x0000000008005a66        0x8 ./Example/User/MFRC522.o
                0x0000000008005a66                PCD_StopCrypto1
 .text.MIFARE_Read
                0x0000000008005a6e       0x40 ./Example/User/MFRC522.o
                0x0000000008005a6e                MIFARE_Read
 .text.PICC_IsNewCardPresent
                0x0000000008005aae       0x22 ./Example/User/MFRC522.o
                0x0000000008005aae                PICC_IsNewCardPresent
 .text.PICC_ReadCardSerial
                0x0000000008005ad0       0x16 ./Example/User/MFRC522.o
                0x0000000008005ad0                PICC_ReadCardSerial
 *fill*         0x0000000008005ae6        0x2 
 .text.PICC_ReadBlock
                0x0000000008005ae8       0x54 ./Example/User/MFRC522.o
                0x0000000008005ae8                PICC_ReadBlock
 .text.TAG_CheckID
                0x0000000008005b3c       0x4c ./Example/User/RFID-tag.o
                0x0000000008005b3c                TAG_CheckID
 .text.TAG_ReadMifareClassicSector
                0x0000000008005b88       0x98 ./Example/User/RFID-tag.o
                0x0000000008005b88                TAG_ReadMifareClassicSector
 .text.InitSPI  0x0000000008005c20       0x3c ./Example/User/SPI.o
                0x0000000008005c20                InitSPI
 .text.SPI_TransmitByte
                0x0000000008005c5c       0x20 ./Example/User/SPI.o
                0x0000000008005c5c                SPI_TransmitByte
 .text.USART_Init
                0x0000000008005c7c       0x30 ./Example/User/UART.o
                0x0000000008005c7c                USART_Init
 .text.LCD_Show_Feature
                0x0000000008005cac      0x2b4 ./Example/User/lcd.o
 .text.LCD_demo
                0x0000000008005f60       0xf4 ./Example/User/lcd.o
                0x0000000008005f60                LCD_demo
 .text.Log_demo
                0x0000000008006054       0x84 ./Example/User/log.o
                0x0000000008006054                Log_demo
 .text.Display_InitContent
                0x00000000080060d8       0x94 ./Example/User/main.o
 .text.Display_AccesDenied
                0x000000000800616c       0x94 ./Example/User/main.o
 .text.Clear_AccesGranted
                0x0000000008006200       0xa4 ./Example/User/main.o
 .text.startup.main
                0x00000000080062a4      0x32c ./Example/User/main.o
                0x00000000080062a4                main
 .text.CheckForUserInput
                0x00000000080065d0       0x1c ./Example/User/main.o
                0x00000000080065d0                CheckForUserInput
 .text.HAL_GPIO_EXTI_Callback
                0x00000000080065ec       0x10 ./Example/User/main.o
                0x00000000080065ec                HAL_GPIO_EXTI_Callback
 .text.Gyroscope_DrawBackground
                0x00000000080065fc      0x2d4 ./Example/User/mems.o
 .text.MEMS_demo
                0x00000000080068d0      0x2a4 ./Example/User/mems.o
                0x00000000080068d0                MEMS_demo
 .text.RetargetInit
                0x0000000008006b74       0x1c ./Example/User/retarget.o
                0x0000000008006b74                RetargetInit
 .text._isatty  0x0000000008006b90       0x16 ./Example/User/retarget.o
                0x0000000008006b90                _isatty
 *fill*         0x0000000008006ba6        0x2 
 .text._write   0x0000000008006ba8       0x34 ./Example/User/retarget.o
                0x0000000008006ba8                _write
 .text._close   0x0000000008006bdc       0x18 ./Example/User/retarget.o
                0x0000000008006bdc                _close
 .text._lseek   0x0000000008006bf4       0x10 ./Example/User/retarget.o
                0x0000000008006bf4                _lseek
 .text._read    0x0000000008006c04       0x30 ./Example/User/retarget.o
                0x0000000008006c04                _read
 .text._fstat   0x0000000008006c34       0x1a ./Example/User/retarget.o
                0x0000000008006c34                _fstat
 *fill*         0x0000000008006c4e        0x2 
 .text.HAL_SPI_MspInit
                0x0000000008006c50       0xc8 ./Example/User/stm32f4xx_hal_msp_spi.o
                0x0000000008006c50                HAL_SPI_MspInit
 .text.HAL_SPI_MspDeInit
                0x0000000008006d18       0x40 ./Example/User/stm32f4xx_hal_msp_spi.o
                0x0000000008006d18                HAL_SPI_MspDeInit
 .text.HAL_UART_MspInit
                0x0000000008006d58       0xa4 ./Example/User/stm32f4xx_hal_msp_uart.o
                0x0000000008006d58                HAL_UART_MspInit
 .text.HAL_UART_MspDeInit
                0x0000000008006dfc       0x3c ./Example/User/stm32f4xx_hal_msp_uart.o
                0x0000000008006dfc                HAL_UART_MspDeInit
 .text.NMI_Handler
                0x0000000008006e38        0x2 ./Example/User/stm32f4xx_it.o
                0x0000000008006e38                NMI_Handler
 .text.HardFault_Handler
                0x0000000008006e3a        0x2 ./Example/User/stm32f4xx_it.o
                0x0000000008006e3a                HardFault_Handler
 .text.MemManage_Handler
                0x0000000008006e3c        0x2 ./Example/User/stm32f4xx_it.o
                0x0000000008006e3c                MemManage_Handler
 .text.BusFault_Handler
                0x0000000008006e3e        0x2 ./Example/User/stm32f4xx_it.o
                0x0000000008006e3e                BusFault_Handler
 .text.UsageFault_Handler
                0x0000000008006e40        0x2 ./Example/User/stm32f4xx_it.o
                0x0000000008006e40                UsageFault_Handler
 .text.SVC_Handler
                0x0000000008006e42        0x2 ./Example/User/stm32f4xx_it.o
                0x0000000008006e42                SVC_Handler
 .text.DebugMon_Handler
                0x0000000008006e44        0x2 ./Example/User/stm32f4xx_it.o
                0x0000000008006e44                DebugMon_Handler
 .text.PendSV_Handler
                0x0000000008006e46        0x2 ./Example/User/stm32f4xx_it.o
                0x0000000008006e46                PendSV_Handler
 .text.SysTick_Handler
                0x0000000008006e48        0x4 ./Example/User/stm32f4xx_it.o
                0x0000000008006e48                SysTick_Handler
 .text.EXTI0_IRQHandler
                0x0000000008006e4c        0x6 ./Example/User/stm32f4xx_it.o
                0x0000000008006e4c                EXTI0_IRQHandler
 *fill*         0x0000000008006e52        0x2 
 .text.Touchscreen_demo
                0x0000000008006e54      0x508 ./Example/User/touchscreen.o
                0x0000000008006e54                Touchscreen_demo
 .text.WaitForPressedState
                0x000000000800735c       0x40 ./Example/User/ts_calibration.o
 .text.Touchscreen_Calibration
                0x000000000800739c      0x1d0 ./Example/User/ts_calibration.o
                0x000000000800739c                Touchscreen_Calibration
 .text.Calibration_GetX
                0x000000000800756c       0x20 ./Example/User/ts_calibration.o
                0x000000000800756c                Calibration_GetX
 .text.Calibration_GetY
                0x000000000800758c       0x20 ./Example/User/ts_calibration.o
                0x000000000800758c                Calibration_GetY
 .text.IsCalibrationDone
                0x00000000080075ac        0xc ./Example/User/ts_calibration.o
                0x00000000080075ac                IsCalibrationDone
 .text.LCD_LOG_DeInit
                0x00000000080075b8       0x64 ./Example/Utilities/lcd_log.o
                0x00000000080075b8                LCD_LOG_DeInit
 .text.LCD_LOG_Init
                0x000000000800761c       0x12 ./Example/Utilities/lcd_log.o
                0x000000000800761c                LCD_LOG_Init
 *fill*         0x000000000800762e        0x2 
 .text.LCD_LOG_SetHeader
                0x0000000008007630       0x6c ./Example/Utilities/lcd_log.o
                0x0000000008007630                LCD_LOG_SetHeader
 .text.LCD_LOG_SetFooter
                0x000000000800769c       0x84 ./Example/Utilities/lcd_log.o
                0x000000000800769c                LCD_LOG_SetFooter
 .text.LCD_LOG_ClearTextZone
                0x0000000008007720       0x18 ./Example/Utilities/lcd_log.o
                0x0000000008007720                LCD_LOG_ClearTextZone
 .text.__errno  0x0000000008007738        0xc /Applications/STM32CubeIDE.app/Contents/Eclipse/plugins/com.st.stm32cube.ide.mcu.externaltools.gnu-tools-for-stm32.9-2020-q2-update.macos64_2.0.0.202105311346/tools/bin/../lib/gcc/arm-none-eabi/9.3.1/../../../../arm-none-eabi/lib/thumb/v7e-m+fp/hard/libc_nano.a(lib_a-errno.o)
                0x0000000008007738                __errno
 .text.__libc_init_array
                0x0000000008007744       0x48 /Applications/STM32CubeIDE.app/Contents/Eclipse/plugins/com.st.stm32cube.ide.mcu.externaltools.gnu-tools-for-stm32.9-2020-q2-update.macos64_2.0.0.202105311346/tools/bin/../lib/gcc/arm-none-eabi/9.3.1/../../../../arm-none-eabi/lib/thumb/v7e-m+fp/hard/libc_nano.a(lib_a-init.o)
                0x0000000008007744                __libc_init_array
 .text.memset   0x000000000800778c       0x10 /Applications/STM32CubeIDE.app/Contents/Eclipse/plugins/com.st.stm32cube.ide.mcu.externaltools.gnu-tools-for-stm32.9-2020-q2-update.macos64_2.0.0.202105311346/tools/bin/../lib/gcc/arm-none-eabi/9.3.1/../../../../arm-none-eabi/lib/thumb/v7e-m+fp/hard/libc_nano.a(lib_a-memset.o)
                0x000000000800778c                memset
 .text.printf   0x000000000800779c       0x30 /Applications/STM32CubeIDE.app/Contents/Eclipse/plugins/com.st.stm32cube.ide.mcu.externaltools.gnu-tools-for-stm32.9-2020-q2-update.macos64_2.0.0.202105311346/tools/bin/../lib/gcc/arm-none-eabi/9.3.1/../../../../arm-none-eabi/lib/thumb/v7e-m+fp/hard/libc_nano.a(lib_a-printf.o)
                0x000000000800779c                printf
                0x000000000800779c                iprintf
 .text._puts_r  0x00000000080077cc       0xdc /Applications/STM32CubeIDE.app/Contents/Eclipse/plugins/com.st.stm32cube.ide.mcu.externaltools.gnu-tools-for-stm32.9-2020-q2-update.macos64_2.0.0.202105311346/tools/bin/../lib/gcc/arm-none-eabi/9.3.1/../../../../arm-none-eabi/lib/thumb/v7e-m+fp/hard/libc_nano.a(lib_a-puts.o)
                0x00000000080077cc                _puts_r
 .text.puts     0x00000000080078a8       0x10 /Applications/STM32CubeIDE.app/Contents/Eclipse/plugins/com.st.stm32cube.ide.mcu.externaltools.gnu-tools-for-stm32.9-2020-q2-update.macos64_2.0.0.202105311346/tools/bin/../lib/gcc/arm-none-eabi/9.3.1/../../../../arm-none-eabi/lib/thumb/v7e-m+fp/hard/libc_nano.a(lib_a-puts.o)
                0x00000000080078a8                puts
 .text.setvbuf  0x00000000080078b8      0x18c /Applications/STM32CubeIDE.app/Contents/Eclipse/plugins/com.st.stm32cube.ide.mcu.externaltools.gnu-tools-for-stm32.9-2020-q2-update.macos64_2.0.0.202105311346/tools/bin/../lib/gcc/arm-none-eabi/9.3.1/../../../../arm-none-eabi/lib/thumb/v7e-m+fp/hard/libc_nano.a(lib_a-setvbuf.o)
                0x00000000080078b8                setvbuf
 .text.__swbuf_r
                0x0000000008007a44       0xa4 /Applications/STM32CubeIDE.app/Contents/Eclipse/plugins/com.st.stm32cube.ide.mcu.externaltools.gnu-tools-for-stm32.9-2020-q2-update.macos64_2.0.0.202105311346/tools/bin/../lib/gcc/arm-none-eabi/9.3.1/../../../../arm-none-eabi/lib/thumb/v7e-m+fp/hard/libc_nano.a(lib_a-wbuf.o)
                0x0000000008007a44                __swbuf_r
 .text.__swsetup_r
                0x0000000008007ae8       0xdc /Applications/STM32CubeIDE.app/Contents/Eclipse/plugins/com.st.stm32cube.ide.mcu.externaltools.gnu-tools-for-stm32.9-2020-q2-update.macos64_2.0.0.202105311346/tools/bin/../lib/gcc/arm-none-eabi/9.3.1/../../../../arm-none-eabi/lib/thumb/v7e-m+fp/hard/libc_nano.a(lib_a-wsetup.o)
                0x0000000008007ae8                __swsetup_r
 .text.__sflush_r
                0x0000000008007bc4      0x10c /Applications/STM32CubeIDE.app/Contents/Eclipse/plugins/com.st.stm32cube.ide.mcu.externaltools.gnu-tools-for-stm32.9-2020-q2-update.macos64_2.0.0.202105311346/tools/bin/../lib/gcc/arm-none-eabi/9.3.1/../../../../arm-none-eabi/lib/thumb/v7e-m+fp/hard/libc_nano.a(lib_a-fflush.o)
                0x0000000008007bc4                __sflush_r
 .text._fflush_r
                0x0000000008007cd0       0x78 /Applications/STM32CubeIDE.app/Contents/Eclipse/plugins/com.st.stm32cube.ide.mcu.externaltools.gnu-tools-for-stm32.9-2020-q2-update.macos64_2.0.0.202105311346/tools/bin/../lib/gcc/arm-none-eabi/9.3.1/../../../../arm-none-eabi/lib/thumb/v7e-m+fp/hard/libc_nano.a(lib_a-fflush.o)
                0x0000000008007cd0                _fflush_r
 .text.std      0x0000000008007d48       0x48 /Applications/STM32CubeIDE.app/Contents/Eclipse/plugins/com.st.stm32cube.ide.mcu.externaltools.gnu-tools-for-stm32.9-2020-q2-update.macos64_2.0.0.202105311346/tools/bin/../lib/gcc/arm-none-eabi/9.3.1/../../../../arm-none-eabi/lib/thumb/v7e-m+fp/hard/libc_nano.a(lib_a-findfp.o)
 .text._cleanup_r
                0x0000000008007d90        0xc /Applications/STM32CubeIDE.app/Contents/Eclipse/plugins/com.st.stm32cube.ide.mcu.externaltools.gnu-tools-for-stm32.9-2020-q2-update.macos64_2.0.0.202105311346/tools/bin/../lib/gcc/arm-none-eabi/9.3.1/../../../../arm-none-eabi/lib/thumb/v7e-m+fp/hard/libc_nano.a(lib_a-findfp.o)
                0x0000000008007d90                _cleanup_r
 .text.__sfmoreglue
                0x0000000008007d9c       0x2c /Applications/STM32CubeIDE.app/Contents/Eclipse/plugins/com.st.stm32cube.ide.mcu.externaltools.gnu-tools-for-stm32.9-2020-q2-update.macos64_2.0.0.202105311346/tools/bin/../lib/gcc/arm-none-eabi/9.3.1/../../../../arm-none-eabi/lib/thumb/v7e-m+fp/hard/libc_nano.a(lib_a-findfp.o)
                0x0000000008007d9c                __sfmoreglue
 .text.__sfp_lock_acquire
                0x0000000008007dc8        0xc /Applications/STM32CubeIDE.app/Contents/Eclipse/plugins/com.st.stm32cube.ide.mcu.externaltools.gnu-tools-for-stm32.9-2020-q2-update.macos64_2.0.0.202105311346/tools/bin/../lib/gcc/arm-none-eabi/9.3.1/../../../../arm-none-eabi/lib/thumb/v7e-m+fp/hard/libc_nano.a(lib_a-findfp.o)
                0x0000000008007dc8                __sfp_lock_acquire
 .text.__sfp_lock_release
                0x0000000008007dd4        0xc /Applications/STM32CubeIDE.app/Contents/Eclipse/plugins/com.st.stm32cube.ide.mcu.externaltools.gnu-tools-for-stm32.9-2020-q2-update.macos64_2.0.0.202105311346/tools/bin/../lib/gcc/arm-none-eabi/9.3.1/../../../../arm-none-eabi/lib/thumb/v7e-m+fp/hard/libc_nano.a(lib_a-findfp.o)
                0x0000000008007dd4                __sfp_lock_release
 .text.__sinit_lock_acquire
                0x0000000008007de0        0xc /Applications/STM32CubeIDE.app/Contents/Eclipse/plugins/com.st.stm32cube.ide.mcu.externaltools.gnu-tools-for-stm32.9-2020-q2-update.macos64_2.0.0.202105311346/tools/bin/../lib/gcc/arm-none-eabi/9.3.1/../../../../arm-none-eabi/lib/thumb/v7e-m+fp/hard/libc_nano.a(lib_a-findfp.o)
                0x0000000008007de0                __sinit_lock_acquire
 .text.__sinit_lock_release
                0x0000000008007dec        0xc /Applications/STM32CubeIDE.app/Contents/Eclipse/plugins/com.st.stm32cube.ide.mcu.externaltools.gnu-tools-for-stm32.9-2020-q2-update.macos64_2.0.0.202105311346/tools/bin/../lib/gcc/arm-none-eabi/9.3.1/../../../../arm-none-eabi/lib/thumb/v7e-m+fp/hard/libc_nano.a(lib_a-findfp.o)
                0x0000000008007dec                __sinit_lock_release
 .text.__sinit  0x0000000008007df8       0x70 /Applications/STM32CubeIDE.app/Contents/Eclipse/plugins/com.st.stm32cube.ide.mcu.externaltools.gnu-tools-for-stm32.9-2020-q2-update.macos64_2.0.0.202105311346/tools/bin/../lib/gcc/arm-none-eabi/9.3.1/../../../../arm-none-eabi/lib/thumb/v7e-m+fp/hard/libc_nano.a(lib_a-findfp.o)
                0x0000000008007df8                __sinit
 .text.__sfp    0x0000000008007e68       0x8c /Applications/STM32CubeIDE.app/Contents/Eclipse/plugins/com.st.stm32cube.ide.mcu.externaltools.gnu-tools-for-stm32.9-2020-q2-update.macos64_2.0.0.202105311346/tools/bin/../lib/gcc/arm-none-eabi/9.3.1/../../../../arm-none-eabi/lib/thumb/v7e-m+fp/hard/libc_nano.a(lib_a-findfp.o)
                0x0000000008007e68                __sfp
 .text._fwalk_reent
                0x0000000008007ef4       0x3e /Applications/STM32CubeIDE.app/Contents/Eclipse/plugins/com.st.stm32cube.ide.mcu.externaltools.gnu-tools-for-stm32.9-2020-q2-update.macos64_2.0.0.202105311346/tools/bin/../lib/gcc/arm-none-eabi/9.3.1/../../../../arm-none-eabi/lib/thumb/v7e-m+fp/hard/libc_nano.a(lib_a-fwalk.o)
                0x0000000008007ef4                _fwalk_reent
 .text.__retarget_lock_init_recursive
                0x0000000008007f32        0x2 /Applications/STM32CubeIDE.app/Contents/Eclipse/plugins/com.st.stm32cube.ide.mcu.externaltools.gnu-tools-for-stm32.9-2020-q2-update.macos64_2.0.0.202105311346/tools/bin/../lib/gcc/arm-none-eabi/9.3.1/../../../../arm-none-eabi/lib/thumb/v7e-m+fp/hard/libc_nano.a(lib_a-lock.o)
                0x0000000008007f32                __retarget_lock_init_recursive
 .text.__retarget_lock_acquire_recursive
                0x0000000008007f34        0x2 /Applications/STM32CubeIDE.app/Contents/Eclipse/plugins/com.st.stm32cube.ide.mcu.externaltools.gnu-tools-for-stm32.9-2020-q2-update.macos64_2.0.0.202105311346/tools/bin/../lib/gcc/arm-none-eabi/9.3.1/../../../../arm-none-eabi/lib/thumb/v7e-m+fp/hard/libc_nano.a(lib_a-lock.o)
                0x0000000008007f34                __retarget_lock_acquire_recursive
 .text.__retarget_lock_release_recursive
                0x0000000008007f36        0x2 /Applications/STM32CubeIDE.app/Contents/Eclipse/plugins/com.st.stm32cube.ide.mcu.externaltools.gnu-tools-for-stm32.9-2020-q2-update.macos64_2.0.0.202105311346/tools/bin/../lib/gcc/arm-none-eabi/9.3.1/../../../../arm-none-eabi/lib/thumb/v7e-m+fp/hard/libc_nano.a(lib_a-lock.o)
                0x0000000008007f36                __retarget_lock_release_recursive
 .text.__swhatbuf_r
                0x0000000008007f38       0x48 /Applications/STM32CubeIDE.app/Contents/Eclipse/plugins/com.st.stm32cube.ide.mcu.externaltools.gnu-tools-for-stm32.9-2020-q2-update.macos64_2.0.0.202105311346/tools/bin/../lib/gcc/arm-none-eabi/9.3.1/../../../../arm-none-eabi/lib/thumb/v7e-m+fp/hard/libc_nano.a(lib_a-makebuf.o)
                0x0000000008007f38                __swhatbuf_r
 .text.__smakebuf_r
                0x0000000008007f80       0x80 /Applications/STM32CubeIDE.app/Contents/Eclipse/plugins/com.st.stm32cube.ide.mcu.externaltools.gnu-tools-for-stm32.9-2020-q2-update.macos64_2.0.0.202105311346/tools/bin/../lib/gcc/arm-none-eabi/9.3.1/../../../../arm-none-eabi/lib/thumb/v7e-m+fp/hard/libc_nano.a(lib_a-makebuf.o)
                0x0000000008007f80                __smakebuf_r
 .text.malloc   0x0000000008008000       0x10 /Applications/STM32CubeIDE.app/Contents/Eclipse/plugins/com.st.stm32cube.ide.mcu.externaltools.gnu-tools-for-stm32.9-2020-q2-update.macos64_2.0.0.202105311346/tools/bin/../lib/gcc/arm-none-eabi/9.3.1/../../../../arm-none-eabi/lib/thumb/v7e-m+fp/hard/libc_nano.a(lib_a-malloc.o)
                0x0000000008008000                malloc
 .text._free_r  0x0000000008008010       0xa0 /Applications/STM32CubeIDE.app/Contents/Eclipse/plugins/com.st.stm32cube.ide.mcu.externaltools.gnu-tools-for-stm32.9-2020-q2-update.macos64_2.0.0.202105311346/tools/bin/../lib/gcc/arm-none-eabi/9.3.1/../../../../arm-none-eabi/lib/thumb/v7e-m+fp/hard/libc_nano.a(lib_a-nano-freer.o)
                0x0000000008008010                _free_r
 .text._malloc_r
                0x00000000080080b0       0xb4 /Applications/STM32CubeIDE.app/Contents/Eclipse/plugins/com.st.stm32cube.ide.mcu.externaltools.gnu-tools-for-stm32.9-2020-q2-update.macos64_2.0.0.202105311346/tools/bin/../lib/gcc/arm-none-eabi/9.3.1/../../../../arm-none-eabi/lib/thumb/v7e-m+fp/hard/libc_nano.a(lib_a-nano-mallocr.o)
                0x00000000080080b0                _malloc_r
 .text.__sfputc_r
                0x0000000008008164       0x2e /Applications/STM32CubeIDE.app/Contents/Eclipse/plugins/com.st.stm32cube.ide.mcu.externaltools.gnu-tools-for-stm32.9-2020-q2-update.macos64_2.0.0.202105311346/tools/bin/../lib/gcc/arm-none-eabi/9.3.1/../../../../arm-none-eabi/lib/thumb/v7e-m+fp/hard/libc_nano.a(lib_a-nano-vfprintf.o)
 .text.__sfputs_r
                0x0000000008008192       0x24 /Applications/STM32CubeIDE.app/Contents/Eclipse/plugins/com.st.stm32cube.ide.mcu.externaltools.gnu-tools-for-stm32.9-2020-q2-update.macos64_2.0.0.202105311346/tools/bin/../lib/gcc/arm-none-eabi/9.3.1/../../../../arm-none-eabi/lib/thumb/v7e-m+fp/hard/libc_nano.a(lib_a-nano-vfprintf.o)
                0x0000000008008192                __sfputs_r
 *fill*         0x00000000080081b6        0x2 
 .text._vfprintf_r
                0x00000000080081b8      0x260 /Applications/STM32CubeIDE.app/Contents/Eclipse/plugins/com.st.stm32cube.ide.mcu.externaltools.gnu-tools-for-stm32.9-2020-q2-update.macos64_2.0.0.202105311346/tools/bin/../lib/gcc/arm-none-eabi/9.3.1/../../../../arm-none-eabi/lib/thumb/v7e-m+fp/hard/libc_nano.a(lib_a-nano-vfprintf.o)
                0x00000000080081b8                _vfiprintf_r
                0x00000000080081b8                _vfprintf_r
 .text._printf_common
                0x0000000008008418       0xda /Applications/STM32CubeIDE.app/Contents/Eclipse/plugins/com.st.stm32cube.ide.mcu.externaltools.gnu-tools-for-stm32.9-2020-q2-update.macos64_2.0.0.202105311346/tools/bin/../lib/gcc/arm-none-eabi/9.3.1/../../../../arm-none-eabi/lib/thumb/v7e-m+fp/hard/libc_nano.a(lib_a-nano-vfprintf_i.o)
                0x0000000008008418                _printf_common
 *fill*         0x00000000080084f2        0x2 
 .text._printf_i
                0x00000000080084f4      0x24c /Applications/STM32CubeIDE.app/Contents/Eclipse/plugins/com.st.stm32cube.ide.mcu.externaltools.gnu-tools-for-stm32.9-2020-q2-update.macos64_2.0.0.202105311346/tools/bin/../lib/gcc/arm-none-eabi/9.3.1/../../../../arm-none-eabi/lib/thumb/v7e-m+fp/hard/libc_nano.a(lib_a-nano-vfprintf_i.o)
                0x00000000080084f4                _printf_i
 .text._sbrk_r  0x0000000008008740       0x20 /Applications/STM32CubeIDE.app/Contents/Eclipse/plugins/com.st.stm32cube.ide.mcu.externaltools.gnu-tools-for-stm32.9-2020-q2-update.macos64_2.0.0.202105311346/tools/bin/../lib/gcc/arm-none-eabi/9.3.1/../../../../arm-none-eabi/lib/thumb/v7e-m+fp/hard/libc_nano.a(lib_a-sbrkr.o)
                0x0000000008008740                _sbrk_r
 .text.__sread  0x0000000008008760       0x22 /Applications/STM32CubeIDE.app/Contents/Eclipse/plugins/com.st.stm32cube.ide.mcu.externaltools.gnu-tools-for-stm32.9-2020-q2-update.macos64_2.0.0.202105311346/tools/bin/../lib/gcc/arm-none-eabi/9.3.1/../../../../arm-none-eabi/lib/thumb/v7e-m+fp/hard/libc_nano.a(lib_a-stdio.o)
                0x0000000008008760                __sread
 .text.__swrite
                0x0000000008008782       0x38 /Applications/STM32CubeIDE.app/Contents/Eclipse/plugins/com.st.stm32cube.ide.mcu.externaltools.gnu-tools-for-stm32.9-2020-q2-update.macos64_2.0.0.202105311346/tools/bin/../lib/gcc/arm-none-eabi/9.3.1/../../../../arm-none-eabi/lib/thumb/v7e-m+fp/hard/libc_nano.a(lib_a-stdio.o)
                0x0000000008008782                __swrite
 .text.__sseek  0x00000000080087ba       0x24 /Applications/STM32CubeIDE.app/Contents/Eclipse/plugins/com.st.stm32cube.ide.mcu.externaltools.gnu-tools-for-stm32.9-2020-q2-update.macos64_2.0.0.202105311346/tools/bin/../lib/gcc/arm-none-eabi/9.3.1/../../../../arm-none-eabi/lib/thumb/v7e-m+fp/hard/libc_nano.a(lib_a-stdio.o)
                0x00000000080087ba                __sseek
 .text.__sclose
                0x00000000080087de        0x8 /Applications/STM32CubeIDE.app/Contents/Eclipse/plugins/com.st.stm32cube.ide.mcu.externaltools.gnu-tools-for-stm32.9-2020-q2-update.macos64_2.0.0.202105311346/tools/bin/../lib/gcc/arm-none-eabi/9.3.1/../../../../arm-none-eabi/lib/thumb/v7e-m+fp/hard/libc_nano.a(lib_a-stdio.o)
                0x00000000080087de                __sclose
 *fill*         0x00000000080087e6        0x2 
 .text._write_r
                0x00000000080087e8       0x24 /Applications/STM32CubeIDE.app/Contents/Eclipse/plugins/com.st.stm32cube.ide.mcu.externaltools.gnu-tools-for-stm32.9-2020-q2-update.macos64_2.0.0.202105311346/tools/bin/../lib/gcc/arm-none-eabi/9.3.1/../../../../arm-none-eabi/lib/thumb/v7e-m+fp/hard/libc_nano.a(lib_a-writer.o)
                0x00000000080087e8                _write_r
 .text._close_r
                0x000000000800880c       0x20 /Applications/STM32CubeIDE.app/Contents/Eclipse/plugins/com.st.stm32cube.ide.mcu.externaltools.gnu-tools-for-stm32.9-2020-q2-update.macos64_2.0.0.202105311346/tools/bin/../lib/gcc/arm-none-eabi/9.3.1/../../../../arm-none-eabi/lib/thumb/v7e-m+fp/hard/libc_nano.a(lib_a-closer.o)
                0x000000000800880c                _close_r
 .text._fstat_r
                0x000000000800882c       0x24 /Applications/STM32CubeIDE.app/Contents/Eclipse/plugins/com.st.stm32cube.ide.mcu.externaltools.gnu-tools-for-stm32.9-2020-q2-update.macos64_2.0.0.202105311346/tools/bin/../lib/gcc/arm-none-eabi/9.3.1/../../../../arm-none-eabi/lib/thumb/v7e-m+fp/hard/libc_nano.a(lib_a-fstatr.o)
                0x000000000800882c                _fstat_r
 .text._isatty_r
                0x0000000008008850       0x20 /Applications/STM32CubeIDE.app/Contents/Eclipse/plugins/com.st.stm32cube.ide.mcu.externaltools.gnu-tools-for-stm32.9-2020-q2-update.macos64_2.0.0.202105311346/tools/bin/../lib/gcc/arm-none-eabi/9.3.1/../../../../arm-none-eabi/lib/thumb/v7e-m+fp/hard/libc_nano.a(lib_a-isattyr.o)
                0x0000000008008850                _isatty_r
 .text._lseek_r
                0x0000000008008870       0x24 /Applications/STM32CubeIDE.app/Contents/Eclipse/plugins/com.st.stm32cube.ide.mcu.externaltools.gnu-tools-for-stm32.9-2020-q2-update.macos64_2.0.0.202105311346/tools/bin/../lib/gcc/arm-none-eabi/9.3.1/../../../../arm-none-eabi/lib/thumb/v7e-m+fp/hard/libc_nano.a(lib_a-lseekr.o)
                0x0000000008008870                _lseek_r
 .text.__malloc_lock
                0x0000000008008894        0xc /Applications/STM32CubeIDE.app/Contents/Eclipse/plugins/com.st.stm32cube.ide.mcu.externaltools.gnu-tools-for-stm32.9-2020-q2-update.macos64_2.0.0.202105311346/tools/bin/../lib/gcc/arm-none-eabi/9.3.1/../../../../arm-none-eabi/lib/thumb/v7e-m+fp/hard/libc_nano.a(lib_a-mlock.o)
                0x0000000008008894                __malloc_lock
 .text.__malloc_unlock
                0x00000000080088a0        0xc /Applications/STM32CubeIDE.app/Contents/Eclipse/plugins/com.st.stm32cube.ide.mcu.externaltools.gnu-tools-for-stm32.9-2020-q2-update.macos64_2.0.0.202105311346/tools/bin/../lib/gcc/arm-none-eabi/9.3.1/../../../../arm-none-eabi/lib/thumb/v7e-m+fp/hard/libc_nano.a(lib_a-mlock.o)
                0x00000000080088a0                __malloc_unlock
 .text._read_r  0x00000000080088ac       0x24 /Applications/STM32CubeIDE.app/Contents/Eclipse/plugins/com.st.stm32cube.ide.mcu.externaltools.gnu-tools-for-stm32.9-2020-q2-update.macos64_2.0.0.202105311346/tools/bin/../lib/gcc/arm-none-eabi/9.3.1/../../../../arm-none-eabi/lib/thumb/v7e-m+fp/hard/libc_nano.a(lib_a-readr.o)
                0x00000000080088ac                _read_r
 .text._sbrk    0x00000000080088d0       0x1c /Applications/STM32CubeIDE.app/Contents/Eclipse/plugins/com.st.stm32cube.ide.mcu.externaltools.gnu-tools-for-stm32.9-2020-q2-update.macos64_2.0.0.202105311346/tools/bin/../lib/gcc/arm-none-eabi/9.3.1/../../../../arm-none-eabi/lib/thumb/v7e-m+fp/hard/libnosys.a(sbrk.o)
                0x00000000080088d0                _sbrk
 *(.glue_7)
 .glue_7        0x00000000080088ec        0x0 linker stubs
 *(.glue_7t)
 .glue_7t       0x00000000080088ec        0x0 linker stubs
 *(.eh_frame)
 .eh_frame      0x00000000080088ec        0x0 /Applications/STM32CubeIDE.app/Contents/Eclipse/plugins/com.st.stm32cube.ide.mcu.externaltools.gnu-tools-for-stm32.9-2020-q2-update.macos64_2.0.0.202105311346/tools/bin/../lib/gcc/arm-none-eabi/9.3.1/thumb/v7e-m+fp/hard/crtbegin.o
 *(.init)
 .init          0x00000000080088ec        0x4 /Applications/STM32CubeIDE.app/Contents/Eclipse/plugins/com.st.stm32cube.ide.mcu.externaltools.gnu-tools-for-stm32.9-2020-q2-update.macos64_2.0.0.202105311346/tools/bin/../lib/gcc/arm-none-eabi/9.3.1/thumb/v7e-m+fp/hard/crti.o
                0x00000000080088ec                _init
 .init          0x00000000080088f0        0x8 /Applications/STM32CubeIDE.app/Contents/Eclipse/plugins/com.st.stm32cube.ide.mcu.externaltools.gnu-tools-for-stm32.9-2020-q2-update.macos64_2.0.0.202105311346/tools/bin/../lib/gcc/arm-none-eabi/9.3.1/thumb/v7e-m+fp/hard/crtn.o
 *(.fini)
 .fini          0x00000000080088f8        0x4 /Applications/STM32CubeIDE.app/Contents/Eclipse/plugins/com.st.stm32cube.ide.mcu.externaltools.gnu-tools-for-stm32.9-2020-q2-update.macos64_2.0.0.202105311346/tools/bin/../lib/gcc/arm-none-eabi/9.3.1/thumb/v7e-m+fp/hard/crti.o
                0x00000000080088f8                _fini
 .fini          0x00000000080088fc        0x8 /Applications/STM32CubeIDE.app/Contents/Eclipse/plugins/com.st.stm32cube.ide.mcu.externaltools.gnu-tools-for-stm32.9-2020-q2-update.macos64_2.0.0.202105311346/tools/bin/../lib/gcc/arm-none-eabi/9.3.1/thumb/v7e-m+fp/hard/crtn.o
                0x0000000008008904                . = ALIGN (0x4)
                0x0000000008008904                _etext = .

.vfp11_veneer   0x0000000008008904        0x0
 .vfp11_veneer  0x0000000008008904        0x0 linker stubs

.v4_bx          0x0000000008008904        0x0
 .v4_bx         0x0000000008008904        0x0 linker stubs

.iplt           0x0000000008008904        0x0
 .iplt          0x0000000008008904        0x0 /Applications/STM32CubeIDE.app/Contents/Eclipse/plugins/com.st.stm32cube.ide.mcu.externaltools.gnu-tools-for-stm32.9-2020-q2-update.macos64_2.0.0.202105311346/tools/bin/../lib/gcc/arm-none-eabi/9.3.1/thumb/v7e-m+fp/hard/crtbegin.o

.rodata         0x0000000008008904    0x2f520
                0x0000000008008904                . = ALIGN (0x4)
 *(.rodata)
 .rodata        0x0000000008008904        0x8 ./Drivers/BSP/STM32F429I-Discovery/stm32f429i_discovery.o
                0x0000000008008904                GPIO_PIN
                0x0000000008008908                BUTTON_IRQn
                0x000000000800890a                BUTTON_PIN
 .rodata        0x000000000800890c     0x3cdc ./Drivers/BSP/STM32F429I-Discovery/stm32f429i_discovery_lcd.o
                0x000000000800890c                Font8_Table
                0x0000000008008c04                Font12_Table
                0x0000000008009078                Font16_Table
                0x0000000008009c58                Font20_Table
                0x000000000800ab30                Font24_Table
 .rodata        0x000000000800c5e8       0x18 ./Drivers/CMSIS/system_stm32f4xx.o
                0x000000000800c5e8                AHBPrescTable
                0x000000000800c5f8                APBPrescTable
 .rodata        0x000000000800c600        0x8 ./Drivers/STM32F4xx_HAL_Driver/stm32f4xx_hal_dma.o
 .rodata        0x000000000800c608       0x18 ./Example/User/lcd.o
 .rodata        0x000000000800c620    0x2b46c ./Example/User/main.o
                0x000000000800c620                bmimg_hisa
                0x000000000800c62c                RFIDcodes
                0x000000000800c650                RFIDcodesSize16
                0x000000000800c660                cKEYA
                0x000000000800c668                stlogo
                0x000000000800ea40                bmimg_hisa888
                0x000000000800ea4c                hisa888
                0x000000000802740c                hisa
 *(.rodata*)
 .rodata.str1.1
                0x0000000008037a8c       0x25 ./Example/User/RFID-tag.o
 .rodata.str1.1
                0x0000000008037ab1       0xa1 ./Example/User/lcd.o
 .rodata.str1.1
                0x0000000008037b52       0x38 ./Example/User/log.o
 .rodata.str1.1
                0x0000000008037b8a       0xbe ./Example/User/main.o
 .rodata.str1.1
                0x0000000008037c48       0x7e ./Example/User/mems.o
 .rodata.str1.1
                0x0000000008037cc6       0x71 ./Example/User/touchscreen.o
                                         0x83 (size before relaxing)
 .rodata.str1.1
                0x0000000008037d37       0x52 ./Example/User/ts_calibration.o
                                         0x7a (size before relaxing)
 *fill*         0x0000000008037d89        0x3 
 .rodata._global_impure_ptr
                0x0000000008037d8c        0x4 /Applications/STM32CubeIDE.app/Contents/Eclipse/plugins/com.st.stm32cube.ide.mcu.externaltools.gnu-tools-for-stm32.9-2020-q2-update.macos64_2.0.0.202105311346/tools/bin/../lib/gcc/arm-none-eabi/9.3.1/../../../../arm-none-eabi/lib/thumb/v7e-m+fp/hard/libc_nano.a(lib_a-impure.o)
                0x0000000008037d8c                _global_impure_ptr
 .rodata.__sf_fake_stderr
                0x0000000008037d90       0x20 /Applications/STM32CubeIDE.app/Contents/Eclipse/plugins/com.st.stm32cube.ide.mcu.externaltools.gnu-tools-for-stm32.9-2020-q2-update.macos64_2.0.0.202105311346/tools/bin/../lib/gcc/arm-none-eabi/9.3.1/../../../../arm-none-eabi/lib/thumb/v7e-m+fp/hard/libc_nano.a(lib_a-findfp.o)
                0x0000000008037d90                __sf_fake_stderr
 .rodata.__sf_fake_stdin
                0x0000000008037db0       0x20 /Applications/STM32CubeIDE.app/Contents/Eclipse/plugins/com.st.stm32cube.ide.mcu.externaltools.gnu-tools-for-stm32.9-2020-q2-update.macos64_2.0.0.202105311346/tools/bin/../lib/gcc/arm-none-eabi/9.3.1/../../../../arm-none-eabi/lib/thumb/v7e-m+fp/hard/libc_nano.a(lib_a-findfp.o)
                0x0000000008037db0                __sf_fake_stdin
 .rodata.__sf_fake_stdout
                0x0000000008037dd0       0x20 /Applications/STM32CubeIDE.app/Contents/Eclipse/plugins/com.st.stm32cube.ide.mcu.externaltools.gnu-tools-for-stm32.9-2020-q2-update.macos64_2.0.0.202105311346/tools/bin/../lib/gcc/arm-none-eabi/9.3.1/../../../../arm-none-eabi/lib/thumb/v7e-m+fp/hard/libc_nano.a(lib_a-findfp.o)
                0x0000000008037dd0                __sf_fake_stdout
 .rodata._vfprintf_r.str1.1
                0x0000000008037df0       0x11 /Applications/STM32CubeIDE.app/Contents/Eclipse/plugins/com.st.stm32cube.ide.mcu.externaltools.gnu-tools-for-stm32.9-2020-q2-update.macos64_2.0.0.202105311346/tools/bin/../lib/gcc/arm-none-eabi/9.3.1/../../../../arm-none-eabi/lib/thumb/v7e-m+fp/hard/libc_nano.a(lib_a-nano-vfprintf.o)
 .rodata._printf_i.str1.1
                0x0000000008037e01       0x22 /Applications/STM32CubeIDE.app/Contents/Eclipse/plugins/com.st.stm32cube.ide.mcu.externaltools.gnu-tools-for-stm32.9-2020-q2-update.macos64_2.0.0.202105311346/tools/bin/../lib/gcc/arm-none-eabi/9.3.1/../../../../arm-none-eabi/lib/thumb/v7e-m+fp/hard/libc_nano.a(lib_a-nano-vfprintf_i.o)
                0x0000000008037e24                . = ALIGN (0x4)
 *fill*         0x0000000008037e23        0x1 

.ARM.extab
 *(.ARM.extab* .gnu.linkonce.armextab.*)

.ARM            0x0000000008037e24        0x8
                0x0000000008037e24                __exidx_start = .
 *(.ARM.exidx*)
 .ARM.exidx     0x0000000008037e24        0x8 /Applications/STM32CubeIDE.app/Contents/Eclipse/plugins/com.st.stm32cube.ide.mcu.externaltools.gnu-tools-for-stm32.9-2020-q2-update.macos64_2.0.0.202105311346/tools/bin/../lib/gcc/arm-none-eabi/9.3.1/thumb/v7e-m+fp/hard/libgcc.a(_udivmoddi4.o)
                0x0000000008037e2c                __exidx_end = .

.rel.dyn        0x0000000008037e2c        0x0
 .rel.iplt      0x0000000008037e2c        0x0 /Applications/STM32CubeIDE.app/Contents/Eclipse/plugins/com.st.stm32cube.ide.mcu.externaltools.gnu-tools-for-stm32.9-2020-q2-update.macos64_2.0.0.202105311346/tools/bin/../lib/gcc/arm-none-eabi/9.3.1/thumb/v7e-m+fp/hard/crtbegin.o

.preinit_array  0x0000000008037e2c        0x0
                0x0000000008037e2c                PROVIDE (__preinit_array_start = .)
 *(.preinit_array*)
                0x0000000008037e2c                PROVIDE (__preinit_array_end = .)

.init_array     0x0000000008037e2c        0x4
                0x0000000008037e2c                PROVIDE (__init_array_start = .)
 *(SORT_BY_NAME(.init_array.*))
 *(.init_array*)
 .init_array    0x0000000008037e2c        0x4 /Applications/STM32CubeIDE.app/Contents/Eclipse/plugins/com.st.stm32cube.ide.mcu.externaltools.gnu-tools-for-stm32.9-2020-q2-update.macos64_2.0.0.202105311346/tools/bin/../lib/gcc/arm-none-eabi/9.3.1/thumb/v7e-m+fp/hard/crtbegin.o
                0x0000000008037e30                PROVIDE (__init_array_end = .)

.fini_array     0x0000000008037e30        0x4
                [!provide]                        PROVIDE (__fini_array_start = .)
 *(SORT_BY_NAME(.fini_array.*))
 *(.fini_array*)
 .fini_array    0x0000000008037e30        0x4 /Applications/STM32CubeIDE.app/Contents/Eclipse/plugins/com.st.stm32cube.ide.mcu.externaltools.gnu-tools-for-stm32.9-2020-q2-update.macos64_2.0.0.202105311346/tools/bin/../lib/gcc/arm-none-eabi/9.3.1/thumb/v7e-m+fp/hard/crtbegin.o
                [!provide]                        PROVIDE (__fini_array_end = .)
                0x0000000008037e34                _sidata = LOADADDR (.data)

.data           0x0000000020000000      0x284 load address 0x0000000008037e34
                0x0000000020000000                . = ALIGN (0x4)
                0x0000000020000000                _sdata = .
 *(.data)
 .data          0x0000000020000000       0x38 ./Drivers/BSP/Components/ili9341.o
                0x0000000020000000                ili9341_drv
 .data          0x0000000020000038       0x34 ./Drivers/BSP/Components/l3gd20.o
                0x0000000020000038                L3gd20Drv
 .data          0x000000002000006c       0x54 ./Drivers/BSP/Components/stmpe811.o
                0x000000002000006c                stmpe811_io_drv
                0x0000000020000098                stmpe811_ts_drv
 .data          0x00000000200000c0       0x14 ./Drivers/BSP/STM32F429I-Discovery/stm32f429i_discovery.o
                0x00000000200000c0                SpixTimeout
                0x00000000200000c4                GPIO_PORT
                0x00000000200000cc                BUTTON_PORT
                0x00000000200000d0                I2cxTimeout
 .data          0x00000000200000d4       0x28 ./Drivers/BSP/STM32F429I-Discovery/stm32f429i_discovery_lcd.o
                0x00000000200000d4                Font24
                0x00000000200000dc                Font8
                0x00000000200000e4                Font12
                0x00000000200000ec                Font16
                0x00000000200000f4                Font20
 .data          0x00000000200000fc        0x1 ./Drivers/BSP/STM32F429I-Discovery/stm32f429i_discovery_sdram.o
 *fill*         0x00000000200000fd        0x3 
 .data          0x0000000020000100        0x4 ./Drivers/CMSIS/system_stm32f4xx.o
                0x0000000020000100                SystemCoreClock
 .data          0x0000000020000104        0x8 ./Drivers/STM32F4xx_HAL_Driver/stm32f4xx_hal.o
                0x0000000020000104                uwTickFreq
                0x0000000020000108                uwTickPrio
 .data          0x000000002000010c      0x114 ./Example/User/main.o
                0x000000002000010c                sNames
                0x0000000020000130                BSP_examples
 *(.data*)
 .data._impure_ptr
                0x0000000020000220        0x4 /Applications/STM32CubeIDE.app/Contents/Eclipse/plugins/com.st.stm32cube.ide.mcu.externaltools.gnu-tools-for-stm32.9-2020-q2-update.macos64_2.0.0.202105311346/tools/bin/../lib/gcc/arm-none-eabi/9.3.1/../../../../arm-none-eabi/lib/thumb/v7e-m+fp/hard/libc_nano.a(lib_a-impure.o)
                0x0000000020000220                _impure_ptr
 .data.impure_data
                0x0000000020000224       0x60 /Applications/STM32CubeIDE.app/Contents/Eclipse/plugins/com.st.stm32cube.ide.mcu.externaltools.gnu-tools-for-stm32.9-2020-q2-update.macos64_2.0.0.202105311346/tools/bin/../lib/gcc/arm-none-eabi/9.3.1/../../../../arm-none-eabi/lib/thumb/v7e-m+fp/hard/libc_nano.a(lib_a-impure.o)
                0x0000000020000284                . = ALIGN (0x4)
                0x0000000020000284                _edata = .
                0x00000000080380b8                _siccmram = LOADADDR (.ccmram)

.igot.plt       0x0000000020000284        0x0 load address 0x00000000080380b8
 .igot.plt      0x0000000020000284        0x0 /Applications/STM32CubeIDE.app/Contents/Eclipse/plugins/com.st.stm32cube.ide.mcu.externaltools.gnu-tools-for-stm32.9-2020-q2-update.macos64_2.0.0.202105311346/tools/bin/../lib/gcc/arm-none-eabi/9.3.1/thumb/v7e-m+fp/hard/crtbegin.o

.ccmram         0x0000000010000000        0x0 load address 0x00000000080380b8
                0x0000000010000000                . = ALIGN (0x4)
                0x0000000010000000                _sccmram = .
 *(.ccmram)
 *(.ccmram*)
                0x0000000010000000                . = ALIGN (0x4)
                0x0000000010000000                _eccmram = .
                0x0000000010000000                . = ALIGN (0x4)

.bss            0x0000000020000284     0x4510
                0x0000000020000284                _sbss = .
                0x0000000020000284                __bss_start__ = _sbss
 *(.bss)
 .bss           0x0000000020000284       0x1c /Applications/STM32CubeIDE.app/Contents/Eclipse/plugins/com.st.stm32cube.ide.mcu.externaltools.gnu-tools-for-stm32.9-2020-q2-update.macos64_2.0.0.202105311346/tools/bin/../lib/gcc/arm-none-eabi/9.3.1/thumb/v7e-m+fp/hard/crtbegin.o
 .bss           0x00000000200002a0        0x2 ./Drivers/BSP/Components/stmpe811.o
                0x00000000200002a0                stmpe811
 *fill*         0x00000000200002a2        0x2 
 .bss           0x00000000200002a4       0x59 ./Drivers/BSP/STM32F429I-Discovery/stm32f429i_discovery.o
 *fill*         0x00000000200002fd        0x3 