stm32f429i_discovery_lcd.c:1473:13:ConvertLineToARGB8888	32	static
stm32f429i_discovery_lcd.c:1442:13:FillBuffer	40	static
stm32f429i_discovery_lcd.c:237:10:BSP_LCD_GetXSize	8	static
stm32f429i_discovery_lcd.c:246:10:BSP_LCD_GetYSize	8	static
stm32f429i_discovery_lcd.c:256:6:BSP_LCD_LayerDefaultInit	72	static
stm32f429i_discovery_lcd.c:291:6:BSP_LCD_SelectLayer	0	static
stm32f429i_discovery_lcd.c:302:6:BSP_LCD_SetLayerVisible	0	static
stm32f429i_discovery_lcd.c:324:6:BSP_LCD_SetLayerVisible_NoReload	0	static
stm32f429i_discovery_lcd.c:343:6:BSP_LCD_SetTransparency	0	static
stm32f429i_discovery_lcd.c:355:6:BSP_LCD_SetTransparency_NoReload	0	static
stm32f429i_discovery_lcd.c:365:6:BSP_LCD_SetLayerAddress	0	static
stm32f429i_discovery_lcd.c:376:6:BSP_LCD_SetLayerAddress_NoReload	0	static
stm32f429i_discovery_lcd.c:389:6:BSP_LCD_SetLayerWindow	24	static
stm32f429i_discovery_lcd.c:407:6:BSP_LCD_SetLayerWindow_NoReload	24	static
stm32f429i_discovery_lcd.c:421:6:BSP_LCD_SetColorKeying	16	static
stm32f429i_discovery_lcd.c:434:6:BSP_LCD_SetColorKeying_NoReload	16	static
stm32f429i_discovery_lcd.c:445:6:BSP_LCD_ResetColorKeying	0	static
stm32f429i_discovery_lcd.c:456:6:BSP_LCD_ResetColorKeying_NoReload	0	static
stm32f429i_discovery_lcd.c:469:6:BSP_LCD_Relaod	0	static
stm32f429i_discovery_lcd.c:478:10:BSP_LCD_GetTextColor	0	static
stm32f429i_discovery_lcd.c:487:10:BSP_LCD_GetBackColor	0	static
stm32f429i_discovery_lcd.c:496:6:BSP_LCD_SetTextColor	0	static
stm32f429i_discovery_lcd.c:505:6:BSP_LCD_SetBackColor	0	static
stm32f429i_discovery_lcd.c:514:6:BSP_LCD_SetFont	0	static
stm32f429i_discovery_lcd.c:523:8:BSP_LCD_GetFont	0	static
stm32f429i_discovery_lcd.c:534:10:BSP_LCD_ReadPixel	16	static
stm32f429i_discovery_lcd.c:568:6:BSP_LCD_Clear	32	static
stm32f429i_discovery_lcd.c:678:6:BSP_LCD_DrawHLine	40	static
stm32f429i_discovery_lcd.c:695:6:BSP_LCD_DrawVLine	48	static
stm32f429i_discovery_lcd.c:787:6:BSP_LCD_DrawRect	24	static
stm32f429i_discovery_lcd.c:902:6:BSP_LCD_DrawBitmap	40	static
stm32f429i_discovery_lcd.c:962:6:PB_BSP_LCD_DrawBitmap	32	static
stm32f429i_discovery_lcd.c:1023:6:BSP_LCD_FillRect	48	static
stm32f429i_discovery_lcd.c:578:6:BSP_LCD_ClearStringLine	24	static
stm32f429i_discovery_lcd.c:1235:6:BSP_LCD_FillEllipse	48	static
stm32f429i_discovery_lcd.c:1263:6:BSP_LCD_DisplayOn	0	static
stm32f429i_discovery_lcd.c:1274:6:BSP_LCD_DisplayOff	0	static
stm32f429i_discovery_lcd.c:1289:13:BSP_LCD_MspInit	72	static
stm32f429i_discovery_lcd.c:154:9:BSP_LCD_Init	16	static
stm32f429i_discovery_lcd.c:1373:6:BSP_LCD_DrawPixel	24	static
stm32f429i_discovery_lcd.c:596:6:BSP_LCD_DisplayChar	64	static
stm32f429i_discovery_lcd.c:613:6:BSP_LCD_DisplayStringAt	32	static
stm32f429i_discovery_lcd.c:667:6:BSP_LCD_DisplayStringAtLine	4	static
stm32f429i_discovery_lcd.c:713:6:BSP_LCD_DrawLine	56	static
stm32f429i_discovery_lcd.c:843:6:BSP_LCD_DrawPolygon	16	static
stm32f429i_discovery_lcd.c:1094:6:BSP_LCD_FillTriangle	64	static
stm32f429i_discovery_lcd.c:1167:6:BSP_LCD_FillPolygon	64	static
stm32f429i_discovery_lcd.c:804:6:BSP_LCD_DrawCircle	64	static
stm32f429i_discovery_lcd.c:1043:6:BSP_LCD_FillCircle	40	static
stm32f429i_discovery_lcd.c:870:6:BSP_LCD_DrawEllipse	64	static
