/Users/patricio/Library/Mobile Documents/com~apple~CloudDocs/Delo/STM32CubeIDE/RFID-STM32F429I/BSP/Drivers/BSP/STM32F429I-Discovery/stm32f429i_discovery_ts.c:102:9:BSP_TS_Init	16	static
/Users/patricio/Library/Mobile Documents/com~apple~CloudDocs/Delo/STM32CubeIDE/RFID-STM32F429I/BSP/Drivers/BSP/STM32F429I-Discovery/stm32f429i_discovery_ts.c:133:9:BSP_TS_ITConfig	8	static
/Users/patricio/Library/Mobile Documents/com~apple~CloudDocs/Delo/STM32CubeIDE/RFID-STM32F429I/BSP/Drivers/BSP/STM32F429I-Discovery/stm32f429i_discovery_ts.c:145:9:BSP_TS_ITGetStatus	0	static
/Users/patricio/Library/Mobile Documents/com~apple~CloudDocs/Delo/STM32CubeIDE/RFID-STM32F429I/BSP/Drivers/BSP/STM32F429I-Discovery/stm32f429i_discovery_ts.c:155:6:BSP_TS_GetState	24	static
/Users/patricio/Library/Mobile Documents/com~apple~CloudDocs/Delo/STM32CubeIDE/RFID-STM32F429I/BSP/Drivers/BSP/STM32F429I-Discovery/stm32f429i_discovery_ts.c:231:6:BSP_TS_ITClear	0	static
