/Users/patricio/Library/Mobile Documents/com~apple~CloudDocs/Delo/STM32CubeIDE/RFID-STM32F429I/BSP/Drivers/BSP/STM32F429I-Discovery/stm32f429i_discovery_io.c:106:9:BSP_IO_Init	16	static
/Users/patricio/Library/Mobile Documents/com~apple~CloudDocs/Delo/STM32CubeIDE/RFID-STM32F429I/BSP/Drivers/BSP/STM32F429I-Discovery/stm32f429i_discovery_io.c:132:9:BSP_IO_ITGetStatus	8	static
/Users/patricio/Library/Mobile Documents/com~apple~CloudDocs/Delo/STM32CubeIDE/RFID-STM32F429I/BSP/Drivers/BSP/STM32F429I-Discovery/stm32f429i_discovery_io.c:141:6:BSP_IO_ITClear	0	static
/Users/patricio/Library/Mobile Documents/com~apple~CloudDocs/Delo/STM32CubeIDE/RFID-STM32F429I/BSP/Drivers/BSP/STM32F429I-Discovery/stm32f429i_discovery_io.c:160:6:BSP_IO_ConfigPin	0	static
/Users/patricio/Library/Mobile Documents/com~apple~CloudDocs/Delo/STM32CubeIDE/RFID-STM32F429I/BSP/Drivers/BSP/STM32F429I-Discovery/stm32f429i_discovery_io.c:172:6:BSP_IO_WritePin	0	static
/Users/patricio/Library/Mobile Documents/com~apple~CloudDocs/Delo/STM32CubeIDE/RFID-STM32F429I/BSP/Drivers/BSP/STM32F429I-Discovery/stm32f429i_discovery_io.c:184:10:BSP_IO_ReadPin	8	static
/Users/patricio/Library/Mobile Documents/com~apple~CloudDocs/Delo/STM32CubeIDE/RFID-STM32F429I/BSP/Drivers/BSP/STM32F429I-Discovery/stm32f429i_discovery_io.c:194:6:BSP_IO_TogglePin	16	static
